ARM Linker, 4.1 [Build 894] [Standard]

==============================================================================

Section Cross References

    startup_stm32f407xx.o(RESET) refers to startup_stm32f407xx.o(STACK) for __initial_sp
    startup_stm32f407xx.o(RESET) refers to startup_stm32f407xx.o(.text) for Reset_Handler
    startup_stm32f407xx.o(RESET) refers to stm32f4xx_it.o(i.SysTick_Handler) for SysTick_Handler
    startup_stm32f407xx.o(RESET) refers to stm32f4xx_it.o(i.OTG_FS_IRQHandler) for OTG_FS_IRQHandler
    startup_stm32f407xx.o(RESET) refers to stm32f4xx_it.o(i.OTG_HS_IRQHandler) for OTG_HS_IRQHandler
    startup_stm32f407xx.o(.text) refers to system_stm32f4xx.o(i.SystemInit) for SystemInit
    startup_stm32f407xx.o(.text) refers to entry.o(.ARM.Collect$$$$00000000) for __main
    gpio.o(i.MX_GPIO_Init) refers to stm32f4xx_hal_gpio.o(i.HAL_GPIO_Init) for HAL_GPIO_Init
    main.o(i.SystemClock_Config) refers to stm32f4xx_hal_rcc.o(i.HAL_RCC_OscConfig) for HAL_RCC_OscConfig
    main.o(i.SystemClock_Config) refers to stm32f4xx_hal_rcc.o(i.HAL_RCC_ClockConfig) for HAL_RCC_ClockConfig
    main.o(i.main) refers to stm32f4xx_hal.o(i.HAL_Init) for HAL_Init
    main.o(i.main) refers to main.o(i.SystemClock_Config) for SystemClock_Config
    main.o(i.main) refers to stm32f4xx_hal_cortex.o(i.HAL_NVIC_SetPriorityGrouping) for HAL_NVIC_SetPriorityGrouping
    main.o(i.main) refers to stm32f4xx_hal_cortex.o(i.HAL_NVIC_SetPriority) for HAL_NVIC_SetPriority
    main.o(i.main) refers to gpio.o(i.MX_GPIO_Init) for MX_GPIO_Init
    main.o(i.main) refers to usart.o(i.MX_UART4_Init) for MX_UART4_Init
    main.o(i.main) refers to usart.o(i.MX_USART2_UART_Init) for MX_USART2_UART_Init
    main.o(i.main) refers to usart.o(i.MX_USART3_UART_Init) for MX_USART3_UART_Init
    main.o(i.main) refers to usb_host.o(i.MX_USB_HOST_Init) for MX_USB_HOST_Init
    main.o(i.main) refers to usb_host.o(i.MX_USB_HOST_Process) for MX_USB_HOST_Process
    stm32f4xx_it.o(i.OTG_FS_IRQHandler) refers to stm32f4xx_hal_cortex.o(i.HAL_NVIC_ClearPendingIRQ) for HAL_NVIC_ClearPendingIRQ
    stm32f4xx_it.o(i.OTG_FS_IRQHandler) refers to stm32f4xx_hal_hcd.o(i.HAL_HCD_IRQHandler) for HAL_HCD_IRQHandler
    stm32f4xx_it.o(i.OTG_FS_IRQHandler) refers to usbh_conf.o(.bss) for hhcd_USB_OTG_FS
    stm32f4xx_it.o(i.OTG_HS_IRQHandler) refers to stm32f4xx_hal_cortex.o(i.HAL_NVIC_ClearPendingIRQ) for HAL_NVIC_ClearPendingIRQ
    stm32f4xx_it.o(i.OTG_HS_IRQHandler) refers to stm32f4xx_hal_hcd.o(i.HAL_HCD_IRQHandler) for HAL_HCD_IRQHandler
    stm32f4xx_it.o(i.OTG_HS_IRQHandler) refers to usbh_conf.o(.bss) for hhcd_USB_OTG_HS
    stm32f4xx_it.o(i.SysTick_Handler) refers to stm32f4xx_hal.o(i.HAL_IncTick) for HAL_IncTick
    stm32f4xx_it.o(i.SysTick_Handler) refers to stm32f4xx_hal_cortex.o(i.HAL_SYSTICK_IRQHandler) for HAL_SYSTICK_IRQHandler
    usart.o(i.HAL_UART_MspDeInit) refers to stm32f4xx_hal_gpio.o(i.HAL_GPIO_DeInit) for HAL_GPIO_DeInit
    usart.o(i.HAL_UART_MspInit) refers to stm32f4xx_hal_gpio.o(i.HAL_GPIO_Init) for HAL_GPIO_Init
    usart.o(i.MX_UART4_Init) refers to stm32f4xx_hal_uart.o(i.HAL_UART_Init) for HAL_UART_Init
    usart.o(i.MX_UART4_Init) refers to usart.o(.bss) for .bss
    usart.o(i.MX_USART2_UART_Init) refers to stm32f4xx_hal_uart.o(i.HAL_UART_Init) for HAL_UART_Init
    usart.o(i.MX_USART2_UART_Init) refers to usart.o(.bss) for .bss
    usart.o(i.MX_USART3_UART_Init) refers to stm32f4xx_hal_uart.o(i.HAL_UART_Init) for HAL_UART_Init
    usart.o(i.MX_USART3_UART_Init) refers to usart.o(.bss) for .bss
    usb_host.o(i.MX_USB_HOST_Init) refers to usbh_core.o(i.USBH_Init) for USBH_Init
    usb_host.o(i.MX_USB_HOST_Init) refers to usbh_core.o(i.USBH_RegisterClass) for USBH_RegisterClass
    usb_host.o(i.MX_USB_HOST_Init) refers to usbh_core.o(i.USBH_Start) for USBH_Start
    usb_host.o(i.MX_USB_HOST_Init) refers to usb_host.o(i.USBH_UserProcess1) for USBH_UserProcess1
    usb_host.o(i.MX_USB_HOST_Init) refers to usb_host.o(.bss) for .bss
    usb_host.o(i.MX_USB_HOST_Init) refers to usbh_msc.o(.data) for USBH_msc
    usb_host.o(i.MX_USB_HOST_Init) refers to usb_host.o(i.USBH_UserProcess2) for USBH_UserProcess2
    usb_host.o(i.MX_USB_HOST_Init) refers to usbh_hid.o(.data) for HID_Class
    usb_host.o(i.MX_USB_HOST_Process) refers to usbh_core.o(i.USBH_Process) for USBH_Process
    usb_host.o(i.MX_USB_HOST_Process) refers to usb_host.o(.bss) for .bss
    usb_host.o(i.USBH_UserProcess1) refers to usb_host.o(.data) for .data
    usb_host.o(i.USBH_UserProcess2) refers to usb_host.o(.data) for .data
    usbh_conf.o(i.HAL_HCD_Connect_Callback) refers to usbh_core.o(i.USBH_LL_Connect) for USBH_LL_Connect
    usbh_conf.o(i.HAL_HCD_Disconnect_Callback) refers to usbh_core.o(i.USBH_LL_Disconnect) for USBH_LL_Disconnect
    usbh_conf.o(i.HAL_HCD_MspDeInit) refers to stm32f4xx_hal_gpio.o(i.HAL_GPIO_DeInit) for HAL_GPIO_DeInit
[...]
    Removing stm32f4xx_hal_uart.o(i.HAL_UART_TxHalfCpltCallback), (2 bytes).
    Removing stm32f4xx_hal_uart.o(i.UART_DMAError), (38 bytes).
    Removing stm32f4xx_hal_uart.o(i.UART_DMAReceiveCplt), (54 bytes).
    Removing stm32f4xx_hal_uart.o(i.UART_DMARxHalfCplt), (10 bytes).
    Removing stm32f4xx_hal_uart.o(i.UART_DMATransmitCplt), (84 bytes).
    Removing stm32f4xx_hal_uart.o(i.UART_DMATxHalfCplt), (10 bytes).
    Removing stm32f4xx_hal_uart.o(i.UART_Receive_IT), (168 bytes).
    Removing stm32f4xx_hal_uart.o(i.UART_Transmit_IT), (162 bytes).
    Removing stm32f4xx_hal_uart.o(i.UART_WaitOnFlagUntilTimeout), (146 bytes).
    Removing stm32f4xx_ll_usb.o(.rev16_text), (4 bytes).
    Removing stm32f4xx_ll_usb.o(.revsh_text), (4 bytes).
    Removing stm32f4xx_ll_usb.o(i.USB_ActivateDedicatedEndpoint), (224 bytes).
    Removing stm32f4xx_ll_usb.o(i.USB_ActivateEndpoint), (132 bytes).
    Removing stm32f4xx_ll_usb.o(i.USB_ActivateSetup), (54 bytes).
    Removing stm32f4xx_ll_usb.o(i.USB_ClearInterrupts), (8 bytes).
    Removing stm32f4xx_ll_usb.o(i.USB_DeactivateDedicatedEndpoint), (84 bytes).
    Removing stm32f4xx_ll_usb.o(i.USB_DeactivateEndpoint), (114 bytes).
    Removing stm32f4xx_ll_usb.o(i.USB_DevConnect), (26 bytes).
    Removing stm32f4xx_ll_usb.o(i.USB_DevDisconnect), (26 bytes).
    Removing stm32f4xx_ll_usb.o(i.USB_DevInit), (324 bytes).
    Removing stm32f4xx_ll_usb.o(i.USB_EP0StartXfer), (332 bytes).
    Removing stm32f4xx_ll_usb.o(i.USB_EP0_OutStart), (56 bytes).
    Removing stm32f4xx_ll_usb.o(i.USB_EPClearStall), (102 bytes).
    Removing stm32f4xx_ll_usb.o(i.USB_EPSetStall), (100 bytes).
    Removing stm32f4xx_ll_usb.o(i.USB_EPStartXfer), (568 bytes).
    Removing stm32f4xx_ll_usb.o(i.USB_GetDevSpeed), (60 bytes).
    Removing stm32f4xx_ll_usb.o(i.USB_ReadDevAllInEpInterrupt), (14 bytes).
    Removing stm32f4xx_ll_usb.o(i.USB_ReadDevAllOutEpInterrupt), (14 bytes).
    Removing stm32f4xx_ll_usb.o(i.USB_ReadDevInEPInterrupt), (30 bytes).
    Removing stm32f4xx_ll_usb.o(i.USB_ReadDevOutEPInterrupt), (16 bytes).
    Removing stm32f4xx_ll_usb.o(i.USB_SetDevAddress), (32 bytes).
    Removing stm32f4xx_ll_usb.o(i.USB_SetDevSpeed), (16 bytes).
    Removing stm32f4xx_ll_usb.o(i.USB_StopDevice), (66 bytes).
    Removing stm32f4xx_ll_usb.o(.data), (4 bytes).
    Removing usbh_hid.o(.rev16_text), (4 bytes).
    Removing usbh_hid.o(.revsh_text), (4 bytes).
    Removing usbh_hid.o(i.USBH_HID_GetDeviceType), (46 bytes).
    Removing usbh_hid.o(i.USBH_HID_GetPollInterval), (46 bytes).
    Removing usbh_hid.o(i.USBH_HID_SetReport), (34 bytes).
    Removing usbh_hid.o(i.fifo_read), (72 bytes).
    Removing usbh_hid_keybd.o(.rev16_text), (4 bytes).
    Removing usbh_hid_keybd.o(.revsh_text), (4 bytes).
    Removing usbh_hid_keybd.o(i.USBH_HID_GetASCIICode), (36 bytes).
    Removing usbh_hid_keybd.o(i.USBH_HID_GetKeybdInfo), (20 bytes).
    Removing usbh_hid_keybd.o(i.USBH_HID_KeybdDecode), (176 bytes).
    Removing usbh_hid_keybd.o(.constdata), (780 bytes).
    Removing usbh_hid_mouse.o(.rev16_text), (4 bytes).
    Removing usbh_hid_mouse.o(.revsh_text), (4 bytes).
    Removing usbh_hid_mouse.o(i.USBH_HID_GetMouseInfo), (20 bytes).
    Removing usbh_hid_mouse.o(i.USBH_HID_MouseDecode), (108 bytes).
    Removing usbh_hid_mouse.o(.constdata), (160 bytes).
    Removing usbh_hid_parser.o(.rev16_text), (4 bytes).
    Removing usbh_hid_parser.o(.revsh_text), (4 bytes).
    Removing usbh_hid_parser.o(i.HID_ReadItem), (130 bytes).
    Removing usbh_hid_parser.o(i.HID_WriteItem), (114 bytes).
    Removing usbh_msc.o(.rev16_text), (4 bytes).
    Removing usbh_msc.o(.revsh_text), (4 bytes).
    Removing usbh_msc.o(i.USBH_MSC_GetLUNInfo), (46 bytes).
    Removing usbh_msc.o(i.USBH_MSC_GetMaxLUN), (30 bytes).
    Removing usbh_msc.o(i.USBH_MSC_IsReady), (22 bytes).
    Removing usbh_msc.o(i.USBH_MSC_RdWrProcess), (142 bytes).
    Removing usbh_msc.o(i.USBH_MSC_Read), (136 bytes).
    Removing usbh_msc.o(i.USBH_MSC_UnitIsReady), (38 bytes).
    Removing usbh_msc.o(i.USBH_MSC_Write), (136 bytes).
    Removing usbh_msc_bot.o(.rev16_text), (4 bytes).
    Removing usbh_msc_bot.o(.revsh_text), (4 bytes).
    Removing usbh_msc_scsi.o(.rev16_text), (4 bytes).
    Removing usbh_msc_scsi.o(.revsh_text), (4 bytes).
    Removing usbh_msc_scsi.o(i.USBH_MSC_SCSI_Read), (132 bytes).
    Removing usbh_msc_scsi.o(i.USBH_MSC_SCSI_Write), (132 bytes).
    Removing usbh_core.o(.rev16_text), (4 bytes).
    Removing usbh_core.o(.revsh_text), (4 bytes).
    Removing usbh_core.o(i.USBH_DeInit), (32 bytes).
    Removing usbh_core.o(i.USBH_FindInterfaceIndex), (56 bytes).
    Removing usbh_core.o(i.USBH_GetActiveClass), (6 bytes).
    Removing usbh_core.o(i.USBH_ReEnumerate), (30 bytes).
    Removing usbh_core.o(i.USBH_Stop), (36 bytes).
    Removing usbh_ctlreq.o(.rev16_text), (4 bytes).
    Removing usbh_ctlreq.o(.revsh_text), (4 bytes).
    Removing usbh_ctlreq.o(i.USBH_SetInterface), (28 bytes).
    Removing usbh_ioreq.o(.rev16_text), (4 bytes).
    Removing usbh_ioreq.o(.revsh_text), (4 bytes).
    Removing usbh_ioreq.o(i.USBH_InterruptSendData), (34 bytes).
    Removing usbh_ioreq.o(i.USBH_IsocReceiveData), (32 bytes).
    Removing usbh_ioreq.o(i.USBH_IsocSendData), (32 bytes).
    Removing usbh_pipes.o(.rev16_text), (4 bytes).
    Removing usbh_pipes.o(.revsh_text), (4 bytes).

264 unused section(s) (total 24488 bytes) removed from the image.

==============================================================================

Image Symbol Table

    Local Symbols

    Symbol Name                              Value     Ov Type        Size  Object(Section)

    ../../microlib/init/entry.s              0x00000000   Number         0  entry8.o ABSOLUTE
    ../../microlib/init/entry.s              0x00000000   Number         0  entry.o ABSOLUTE
    ../../microlib/init/entry.s              0x00000000   Number         0  entry7b.o ABSOLUTE
    ../../microlib/init/entry.s              0x00000000   Number         0  entry7a.o ABSOLUTE
    ../../microlib/init/entry.s              0x00000000   Number         0  entry5.o ABSOLUTE
    ../../microlib/init/entry.s              0x00000000   Number         0  entry2.o ABSOLUTE
    ../../microlib/malloc/malloc.c           0x00000000   Number         0  mallocr.o ABSOLUTE
    ../../microlib/malloc/malloc.c           0x00000000   Number         0  malloc.o ABSOLUTE
    ../../microlib/malloc/malloc.c           0x00000000   Number         0  mallocra.o ABSOLUTE
    ../../microlib/malloc/malloc.c           0x00000000   Number         0  malloca.o ABSOLUTE
    ../../microlib/malloc/mvars.c            0x00000000   Number         0  mvars.o ABSOLUTE
    ../../microlib/string/memcpy.c           0x00000000   Number         0  memcpya.o ABSOLUTE
    ../../microlib/string/memcpy.c           0x00000000   Number         0  memcpyb.o ABSOLUTE
    ../../microlib/string/memset.c           0x00000000   Number         0  memseta.o ABSOLUTE
    ..\..\Drivers\CMSIS\Device\ST\STM32F4xx\Source\Templates\arm\startup_stm32f407xx.s 0x00000000   Number         0  startup_stm32f407xx.o ABSOLUTE
    ..\..\Drivers\CMSIS\Device\ST\STM32F4xx\Source\Templates\system_stm32f4xx.c 0x00000000   Number         0  system_stm32f4xx.o ABSOLUTE
    ..\..\Drivers\STM32F4xx_HAL_Driver\Src\stm32f4xx_hal.c 0x00000000   Number         0  stm32f4xx_hal.o ABSOLUTE
    ..\..\Drivers\STM32F4xx_HAL_Driver\Src\stm32f4xx_hal_cortex.c 0x00000000   Number         0  stm32f4xx_hal_cortex.o ABSOLUTE
    ..\..\Drivers\STM32F4xx_HAL_Driver\Src\stm32f4xx_hal_dma.c 0x00000000   Number         0  stm32f4xx_hal_dma.o ABSOLUTE
    ..\..\Drivers\STM32F4xx_HAL_Driver\Src\stm32f4xx_hal_dma_ex.c 0x00000000   Number         0  stm32f4xx_hal_dma_ex.o ABSOLUTE
    ..\..\Drivers\STM32F4xx_HAL_Driver\Src\stm32f4xx_hal_flash.c 0x00000000   Number         0  stm32f4xx_hal_flash.o ABSOLUTE
    ..\..\Drivers\STM32F4xx_HAL_Driver\Src\stm32f4xx_hal_flash_ex.c 0x00000000   Number         0  stm32f4xx_hal_flash_ex.o ABSOLUTE
    ..\..\Drivers\STM32F4xx_HAL_Driver\Src\stm32f4xx_hal_flash_ramfunc.c 0x00000000   Number         0  stm32f4xx_hal_flash_ramfunc.o ABSOLUTE
    ..\..\Drivers\STM32F4xx_HAL_Driver\Src\stm32f4xx_hal_gpio.c 0x00000000   Number         0  stm32f4xx_hal_gpio.o ABSOLUTE
    ..\..\Drivers\STM32F4xx_HAL_Driver\Src\stm32f4xx_hal_hcd.c 0x00000000   Number         0  stm32f4xx_hal_hcd.o ABSOLUTE
    ..\..\Drivers\STM32F4xx_HAL_Driver\Src\stm32f4xx_hal_pwr.c 0x00000000   Number         0  stm32f4xx_hal_pwr.o ABSOLUTE
    ..\..\Drivers\STM32F4xx_HAL_Driver\Src\stm32f4xx_hal_pwr_ex.c 0x00000000   Number         0  stm32f4xx_hal_pwr_ex.o ABSOLUTE
    ..\..\Drivers\STM32F4xx_HAL_Driver\Src\stm32f4xx_hal_rcc.c 0x00000000   Number         0  stm32f4xx_hal_rcc.o ABSOLUTE
    ..\..\Drivers\STM32F4xx_HAL_Driver\Src\stm32f4xx_hal_rcc_ex.c 0x00000000   Number         0  stm32f4xx_hal_rcc_ex.o ABSOLUTE
    ..\..\Drivers\STM32F4xx_HAL_Driver\Src\stm32f4xx_hal_uart.c 0x00000000   Number         0  stm32f4xx_hal_uart.o ABSOLUTE
    ..\..\Drivers\STM32F4xx_HAL_Driver\Src\stm32f4xx_ll_usb.c 0x00000000   Number         0  stm32f4xx_ll_usb.o ABSOLUTE
    ..\..\Middlewares\ST\STM32_USB_Host_Library\Class\HID\Src\usbh_hid.c 0x00000000   Number         0  usbh_hid.o ABSOLUTE
    ..\..\Middlewares\ST\STM32_USB_Host_Library\Class\HID\Src\usbh_hid_keybd.c 0x00000000   Number         0  usbh_hid_keybd.o ABSOLUTE
    ..\..\Middlewares\ST\STM32_USB_Host_Library\Class\HID\Src\usbh_hid_mouse.c 0x00000000   Number         0  usbh_hid_mouse.o ABSOLUTE
    ..\..\Middlewares\ST\STM32_USB_Host_Library\Class\HID\Src\usbh_hid_parser.c 0x00000000   Number         0  usbh_hid_parser.o ABSOLUTE
    ..\..\Middlewares\ST\STM32_USB_Host_Library\Class\MSC\Src\usbh_msc.c 0x00000000   Number         0  usbh_msc.o ABSOLUTE
    ..\..\Middlewares\ST\STM32_USB_Host_Library\Class\MSC\Src\usbh_msc_bot.c 0x00000000   Number         0  usbh_msc_bot.o ABSOLUTE
    ..\..\Middlewares\ST\STM32_USB_Host_Library\Class\MSC\Src\usbh_msc_scsi.c 0x00000000   Number         0  usbh_msc_scsi.o ABSOLUTE
    ..\..\Middlewares\ST\STM32_USB_Host_Library\Core\Src\usbh_core.c 0x00000000   Number         0  usbh_core.o ABSOLUTE
    ..\..\Middlewares\ST\STM32_USB_Host_Library\Core\Src\usbh_ctlreq.c 0x00000000   Number         0  usbh_ctlreq.o ABSOLUTE
    ..\..\Middlewares\ST\STM32_USB_Host_Library\Core\Src\usbh_ioreq.c 0x00000000   Number         0  usbh_ioreq.o ABSOLUTE
    ..\..\Middlewares\ST\STM32_USB_Host_Library\Core\Src\usbh_pipes.c 0x00000000   Number         0  usbh_pipes.o ABSOLUTE
    ..\..\Src\gpio.c                         0x00000000   Number         0  gpio.o ABSOLUTE
    ..\..\Src\main.c                         0x00000000   Number         0  main.o ABSOLUTE
    ..\..\Src\stm32f4xx_it.c                 0x00000000   Number         0  stm32f4xx_it.o ABSOLUTE
    ..\..\Src\usart.c                        0x00000000   Number         0  usart.o ABSOLUTE
    ..\..\Src\usb_host.c                     0x00000000   Number         0  usb_host.o ABSOLUTE
    ..\..\Src\usbh_conf.c                    0x00000000   Number         0  usbh_conf.o ABSOLUTE
    ..\\..\\Drivers\\CMSIS\\Device\\ST\\STM32F4xx\\Source\\Templates\\system_stm32f4xx.c 0x00000000   Number         0  system_stm32f4xx.o ABSOLUTE
    ..\\..\\Drivers\\STM32F4xx_HAL_Driver\\Src\\stm32f4xx_hal.c 0x00000000   Number         0  stm32f4xx_hal.o ABSOLUTE
    ..\\..\\Drivers\\STM32F4xx_HAL_Driver\\Src\\stm32f4xx_hal_cortex.c 0x00000000   Number         0  stm32f4xx_hal_cortex.o ABSOLUTE
    ..\\..\\Drivers\\STM32F4xx_HAL_Driver\\Src\\stm32f4xx_hal_dma.c 0x00000000   Number         0  stm32f4xx_hal_dma.o ABSOLUTE
    ..\\..\\Drivers\\STM32F4xx_HAL_Driver\\Src\\stm32f4xx_hal_dma_ex.c 0x00000000   Number         0  stm32f4xx_hal_dma_ex.o ABSOLUTE
    ..\\..\\Drivers\\STM32F4xx_HAL_Driver\\Src\\stm32f4xx_hal_flash.c 0x00000000   Number         0  stm32f4xx_hal_flash.o ABSOLUTE
    ..\\..\\Drivers\\STM32F4xx_HAL_Driver\\Src\\stm32f4xx_hal_flash_ex.c 0x00000000   Number         0  stm32f4xx_hal_flash_ex.o ABSOLUTE
    ..\\..\\Drivers\\STM32F4xx_HAL_Driver\\Src\\stm32f4xx_hal_flash_ramfunc.c 0x00000000   Number         0  stm32f4xx_hal_flash_ramfunc.o ABSOLUTE
    ..\\..\\Drivers\\STM32F4xx_HAL_Driver\\Src\\stm32f4xx_hal_gpio.c 0x00000000   Number         0  stm32f4xx_hal_gpio.o ABSOLUTE
    ..\\..\\Drivers\\STM32F4xx_HAL_Driver\\Src\\stm32f4xx_hal_hcd.c 0x00000000   Number         0  stm32f4xx_hal_hcd.o ABSOLUTE
    ..\\..\\Drivers\\STM32F4xx_HAL_Driver\\Src\\stm32f4xx_hal_pwr.c 0x00000000   Number         0  stm32f4xx_hal_pwr.o ABSOLUTE
    ..\\..\\Drivers\\STM32F4xx_HAL_Driver\\Src\\stm32f4xx_hal_pwr_ex.c 0x00000000   Number         0  stm32f4xx_hal_pwr_ex.o ABSOLUTE
    ..\\..\\Drivers\\STM32F4xx_HAL_Driver\\Src\\stm32f4xx_hal_rcc.c 0x00000000   Number         0  stm32f4xx_hal_rcc.o ABSOLUTE
    ..\\..\\Drivers\\STM32F4xx_HAL_Driver\\Src\\stm32f4xx_hal_rcc_ex.c 0x00000000   Number         0  stm32f4xx_hal_rcc_ex.o ABSOLUTE
    ..\\..\\Drivers\\STM32F4xx_HAL_Driver\\Src\\stm32f4xx_hal_uart.c 0x00000000   Number         0  stm32f4xx_hal_uart.o ABSOLUTE
    ..\\..\\Drivers\\STM32F4xx_HAL_Driver\\Src\\stm32f4xx_ll_usb.c 0x00000000   Number         0  stm32f4xx_ll_usb.o ABSOLUTE
    ..\\..\\Middlewares\\ST\\STM32_USB_Host_Library\\Class\\HID\\Src\\usbh_hid.c 0x00000000   Number         0  usbh_hid.o ABSOLUTE
    ..\\..\\Middlewares\\ST\\STM32_USB_Host_Library\\Class\\HID\\Src\\usbh_hid_keybd.c 0x00000000   Number         0  usbh_hid_keybd.o ABSOLUTE
    ..\\..\\Middlewares\\ST\\STM32_USB_Host_Library\\Class\\HID\\Src\\usbh_hid_mouse.c 0x00000000   Number         0  usbh_hid_mouse.o ABSOLUTE
    ..\\..\\Middlewares\\ST\\STM32_USB_Host_Library\\Class\\HID\\Src\\usbh_hid_parser.c 0x00000000   Number         0  usbh_hid_parser.o ABSOLUTE
    ..\\..\\Middlewares\\ST\\STM32_USB_Host_Library\\Class\\MSC\\Src\\usbh_msc.c 0x00000000   Number         0  usbh_msc.o ABSOLUTE
    ..\\..\\Middlewares\\ST\\STM32_USB_Host_Library\\Class\\MSC\\Src\\usbh_msc_bot.c 0x00000000   Number         0  usbh_msc_bot.o ABSOLUTE
    ..\\..\\Middlewares\\ST\\STM32_USB_Host_Library\\Class\\MSC\\Src\\usbh_msc_scsi.c 0x00000000   Number         0  usbh_msc_scsi.o ABSOLUTE
    ..\\..\\Middlewares\\ST\\STM32_USB_Host_Library\\Core\\Src\\usbh_core.c 0x00000000   Number         0  usbh_core.o ABSOLUTE
    ..\\..\\Middlewares\\ST\\STM32_USB_Host_Library\\Core\\Src\\usbh_ctlreq.c 0x00000000   Number         0  usbh_ctlreq.o ABSOLUTE
    ..\\..\\Middlewares\\ST\\STM32_USB_Host_Library\\Core\\Src\\usbh_ioreq.c 0x00000000   Number         0  usbh_ioreq.o ABSOLUTE
    ..\\..\\Middlewares\\ST\\STM32_USB_Host_Library\\Core\\Src\\usbh_pipes.c 0x00000000   Number         0  usbh_pipes.o ABSOLUTE
    ..\\..\\Src\\gpio.c                      0x00000000   Number         0  gpio.o ABSOLUTE
    ..\\..\\Src\\main.c                      0x00000000   Number         0  main.o ABSOLUTE
    ..\\..\\Src\\stm32f4xx_it.c              0x00000000   Number         0  stm32f4xx_it.o ABSOLUTE
    ..\\..\\Src\\usart.c                     0x00000000   Number         0  usart.o ABSOLUTE
    ..\\..\\Src\\usb_host.c                  0x00000000   Number         0  usb_host.o ABSOLUTE
    ..\\..\\Src\\usbh_conf.c                 0x00000000   Number         0  usbh_conf.o ABSOLUTE
    dc.s                                     0x00000000   Number         0  dc.o ABSOLUTE
    handlers.s                               0x00000000   Number         0  handlers.o ABSOLUTE
    init.s                                   0x00000000   Number         0  init.o ABSOLUTE
    RESET                                    0x08000000   Section      392  startup_stm32f407xx.o(RESET)
    .ARM.Collect$$$$00000000                 0x08000188   Section        0  entry.o(.ARM.Collect$$$$00000000)
    .ARM.Collect$$$$00000001                 0x08000188   Section        4  entry2.o(.ARM.Collect$$$$00000001)
    .ARM.Collect$$$$00000004                 0x0800018c   Section        4  entry5.o(.ARM.Collect$$$$00000004)
    .ARM.Collect$$$$00000008                 0x08000190   Section        0  entry7b.o(.ARM.Collect$$$$00000008)
    .ARM.Collect$$$$00000009                 0x08000190   Section        8  entry8.o(.ARM.Collect$$$$00000009)
    .ARM.Collect$$$$00002712                 0x08000198   Section        4  entry2.o(.ARM.Collect$$$$00002712)
    __lit__00000000                          0x08000198   Data           4  entry2.o(.ARM.Collect$$$$00002712)
    .text                                    0x0800019c   Section       36  startup_stm32f407xx.o(.text)
    $v0                                      0x0800019c   Number         0  startup_stm32f407xx.o(.text)
    .text                                    0x080001c0   Section        0  memcpya.o(.text)
    .text                                    0x080001e4   Section        0  memseta.o(.text)
    .text                                    0x0800020c   Section       36  init.o(.text)
    i.DeInitStateMachine                     0x08000230   Section        0  usbh_core.o(i.DeInitStateMachine)
    DeInitStateMachine                       0x08000231   Thumb Code    70  usbh_core.o(i.DeInitStateMachine)
    i.HAL_Delay                              0x08000278   Section        0  stm32f4xx_hal.o(i.HAL_Delay)
    i.HAL_GPIO_Init                          0x08000290   Section        0  stm32f4xx_hal_gpio.o(i.HAL_GPIO_Init)
    i.HAL_GetTick                            0x08000454   Section        0  stm32f4xx_hal.o(i.HAL_GetTick)
    i.HAL_HCD_Connect_Callback               0x08000460   Section        0  usbh_conf.o(i.HAL_HCD_Connect_Callback)
    i.HAL_HCD_Disconnect_Callback            0x08000468   Section        0  usbh_conf.o(i.HAL_HCD_Disconnect_Callback)
    i.HAL_HCD_GetCurrentFrame                0x08000470   Section        0  stm32f4xx_hal_hcd.o(i.HAL_HCD_GetCurrentFrame)
    i.HAL_HCD_GetCurrentSpeed                0x08000476   Section        0  stm32f4xx_hal_hcd.o(i.HAL_HCD_GetCurrentSpeed)
    i.HAL_HCD_HC_GetURBState                 0x0800047c   Section        0  stm32f4xx_hal_hcd.o(i.HAL_HCD_HC_GetURBState)
    i.HAL_HCD_HC_GetXferCount                0x0800048a   Section        0  stm32f4xx_hal_hcd.o(i.HAL_HCD_HC_GetXferCount)
    i.HAL_HCD_HC_Halt                        0x08000496   Section        0  stm32f4xx_hal_hcd.o(i.HAL_HCD_HC_Halt)
    i.HAL_HCD_HC_Init                        0x080004ba   Section        0  stm32f4xx_hal_hcd.o(i.HAL_HCD_HC_Init)
    i.HAL_HCD_HC_NotifyURBChange_Callback    0x08000508   Section        0  usbh_conf.o(i.HAL_HCD_HC_NotifyURBChange_Callback)
    i.HAL_HCD_HC_SubmitRequest               0x0800050c   Section        0  stm32f4xx_hal_hcd.o(i.HAL_HCD_HC_SubmitRequest)
    i.HAL_HCD_IRQHandler                     0x080005c6   Section        0  stm32f4xx_hal_hcd.o(i.HAL_HCD_IRQHandler)
    i.HAL_HCD_Init                           0x080006f4   Section        0  stm32f4xx_hal_hcd.o(i.HAL_HCD_Init)
    i.HAL_HCD_MspInit                        0x08000750   Section        0  usbh_conf.o(i.HAL_HCD_MspInit)
    i.HAL_HCD_ResetPort                      0x0800081c   Section        0  stm32f4xx_hal_hcd.o(i.HAL_HCD_ResetPort)
    i.HAL_HCD_SOF_Callback                   0x08000822   Section        0  usbh_conf.o(i.HAL_HCD_SOF_Callback)
    i.HAL_HCD_Start                          0x0800082a   Section        0  stm32f4xx_hal_hcd.o(i.HAL_HCD_Start)
    i.HAL_HCD_Stop                           0x08000856   Section        0  stm32f4xx_hal_hcd.o(i.HAL_HCD_Stop)
    i.HAL_IncTick                            0x0800087c   Section        0  stm32f4xx_hal.o(i.HAL_IncTick)
    i.HAL_Init                               0x0800088c   Section        0  stm32f4xx_hal.o(i.HAL_Init)
    i.HAL_InitTick                           0x080008c0   Section        0  stm32f4xx_hal.o(i.HAL_InitTick)
    i.HAL_MspInit                            0x080008e2   Section        0  stm32f4xx_hal.o(i.HAL_MspInit)
    i.HAL_NVIC_ClearPendingIRQ               0x080008e4   Section        0  stm32f4xx_hal_cortex.o(i.HAL_NVIC_ClearPendingIRQ)
    i.HAL_NVIC_EnableIRQ                     0x080008fc   Section        0  stm32f4xx_hal_cortex.o(i.HAL_NVIC_EnableIRQ)
    i.HAL_NVIC_SetPriority                   0x08000914   Section        0  stm32f4xx_hal_cortex.o(i.HAL_NVIC_SetPriority)
    i.HAL_NVIC_SetPriorityGrouping           0x08000954   Section        0  stm32f4xx_hal_cortex.o(i.HAL_NVIC_SetPriorityGrouping)
    i.HAL_RCC_ClockConfig                    0x08000978   Section        0  stm32f4xx_hal_rcc.o(i.HAL_RCC_ClockConfig)
    i.HAL_RCC_GetHCLKFreq                    0x08000b30   Section        0  stm32f4xx_hal_rcc.o(i.HAL_RCC_GetHCLKFreq)
    i.HAL_RCC_GetPCLK1Freq                   0x08000b64   Section        0  stm32f4xx_hal_rcc.o(i.HAL_RCC_GetPCLK1Freq)
    i.HAL_RCC_GetPCLK2Freq                   0x08000b90   Section        0  stm32f4xx_hal_rcc.o(i.HAL_RCC_GetPCLK2Freq)
    i.HAL_RCC_GetSysClockFreq                0x08000bbc   Section        0  stm32f4xx_hal_rcc.o(i.HAL_RCC_GetSysClockFreq)
    i.HAL_RCC_OscConfig                      0x08000c40   Section        0  stm32f4xx_hal_rcc.o(i.HAL_RCC_OscConfig)
    i.HAL_SYSTICK_Callback                   0x08000f74   Section        0  stm32f4xx_hal_cortex.o(i.HAL_SYSTICK_Callback)
    i.HAL_SYSTICK_Config                     0x08000f76   Section        0  stm32f4xx_hal_cortex.o(i.HAL_SYSTICK_Config)
    i.HAL_SYSTICK_IRQHandler                 0x08000f9e   Section        0  stm32f4xx_hal_cortex.o(i.HAL_SYSTICK_IRQHandler)
    i.HAL_UART_Init                          0x08000fa6   Section        0  stm32f4xx_hal_uart.o(i.HAL_UART_Init)
    i.HAL_UART_MspInit                       0x08001004   Section        0  usart.o(i.HAL_UART_MspInit)
    i.HCD_HC_IN_IRQHandler                   0x08001098   Section        0  stm32f4xx_hal_hcd.o(i.HCD_HC_IN_IRQHandler)
    HCD_HC_IN_IRQHandler                     0x08001099   Thumb Code   588  stm32f4xx_hal_hcd.o(i.HCD_HC_IN_IRQHandler)
    i.HCD_HC_OUT_IRQHandler                  0x080012e4   Section        0  stm32f4xx_hal_hcd.o(i.HCD_HC_OUT_IRQHandler)
    HCD_HC_OUT_IRQHandler                    0x080012e5   Thumb Code   566  stm32f4xx_hal_hcd.o(i.HCD_HC_OUT_IRQHandler)
    i.HCD_Port_IRQHandler                    0x0800151a   Section        0  stm32f4xx_hal_hcd.o(i.HCD_Port_IRQHandler)
    HCD_Port_IRQHandler                      0x0800151b   Thumb Code   156  stm32f4xx_hal_hcd.o(i.HCD_Port_IRQHandler)
    i.HCD_RXQLVL_IRQHandler                  0x080015b8   Section        0  stm32f4xx_hal_hcd.o(i.HCD_RXQLVL_IRQHandler)
    HCD_RXQLVL_IRQHandler                    0x080015b9   Thumb Code   114  stm32f4xx_hal_hcd.o(i.HCD_RXQLVL_IRQHandler)
    i.MX_GPIO_Init                           0x08001630   Section        0  gpio.o(i.MX_GPIO_Init)
    i.MX_UART4_Init                          0x0800168c   Section        0  usart.o(i.MX_UART4_Init)
    i.MX_USART2_UART_Init                    0x080016b4   Section        0  usart.o(i.MX_USART2_UART_Init)
    i.MX_USART3_UART_Init                    0x080016dc   Section        0  usart.o(i.MX_USART3_UART_Init)
    i.MX_USB_HOST_Init                       0x08001704   Section        0  usb_host.o(i.MX_USB_HOST_Init)
    i.MX_USB_HOST_Process                    0x08001754   Section        0  usb_host.o(i.MX_USB_HOST_Process)
    i.NVIC_SetPriority                       0x08001770   Section        0  stm32f4xx_hal_cortex.o(i.NVIC_SetPriority)
    NVIC_SetPriority                         0x08001771   Thumb Code    22  stm32f4xx_hal_cortex.o(i.NVIC_SetPriority)
    i.OTG_FS_IRQHandler                      0x08001790   Section        0  stm32f4xx_it.o(i.OTG_FS_IRQHandler)
    i.OTG_HS_IRQHandler                      0x080017a8   Section        0  stm32f4xx_it.o(i.OTG_HS_IRQHandler)
    i.SysTick_Handler                        0x080017c0   Section        0  stm32f4xx_it.o(i.SysTick_Handler)
    i.SystemClock_Config                     0x080017d0   Section        0  main.o(i.SystemClock_Config)
    i.SystemInit                             0x08001834   Section        0  system_stm32f4xx.o(i.SystemInit)
    i.UART_SetConfig                         0x08001888   Section        0  stm32f4xx_hal_uart.o(i.UART_SetConfig)
    UART_SetConfig                           0x08001889   Thumb Code   366  stm32f4xx_hal_uart.o(i.UART_SetConfig)
    i.USBH_AllocPipe                         0x08001a00   Section        0  usbh_pipes.o(i.USBH_AllocPipe)
    i.USBH_BulkReceiveData                   0x08001a34   Section        0  usbh_ioreq.o(i.USBH_BulkReceiveData)
    i.USBH_BulkSendData                      0x08001a56   Section        0  usbh_ioreq.o(i.USBH_BulkSendData)
    i.USBH_ClosePipe                         0x08001a7c   Section        0  usbh_pipes.o(i.USBH_ClosePipe)
    i.USBH_ClrFeature                        0x08001a86   Section        0  usbh_ctlreq.o(i.USBH_ClrFeature)
    i.USBH_CtlReceiveData                    0x08001aa4   Section        0  usbh_ioreq.o(i.USBH_CtlReceiveData)
    i.USBH_CtlReq                            0x08001ac4   Section        0  usbh_ctlreq.o(i.USBH_CtlReq)
    i.USBH_CtlSendData                       0x08001afa   Section        0  usbh_ioreq.o(i.USBH_CtlSendData)
    i.USBH_CtlSendSetup                      0x08001b20   Section        0  usbh_ioreq.o(i.USBH_CtlSendSetup)
    i.USBH_Delay                             0x08001b3c   Section        0  usbh_conf.o(i.USBH_Delay)
    i.USBH_FindInterface                     0x08001b40   Section        0  usbh_core.o(i.USBH_FindInterface)
    i.USBH_FreePipe                          0x08001b84   Section        0  usbh_pipes.o(i.USBH_FreePipe)
    i.USBH_GetDescriptor                     0x08001b9c   Section        0  usbh_ctlreq.o(i.USBH_GetDescriptor)
    i.USBH_GetNextDesc                       0x08001bd4   Section        0  usbh_ctlreq.o(i.USBH_GetNextDesc)
    i.USBH_Get_CfgDesc                       0x08001be2   Section        0  usbh_ctlreq.o(i.USBH_Get_CfgDesc)
    i.USBH_Get_DevDesc                       0x08001c0e   Section        0  usbh_ctlreq.o(i.USBH_Get_DevDesc)
    i.USBH_Get_StringDesc                    0x08001c8c   Section        0  usbh_ctlreq.o(i.USBH_Get_StringDesc)
    i.USBH_HID_ClassRequest                  0x08001cd4   Section        0  usbh_hid.o(i.USBH_HID_ClassRequest)
    USBH_HID_ClassRequest                    0x08001cd5   Thumb Code   156  usbh_hid.o(i.USBH_HID_ClassRequest)
    i.USBH_HID_EventCallback                 0x08001d70   Section        0  usbh_hid.o(i.USBH_HID_EventCallback)
    i.USBH_HID_GetHIDDescriptor              0x08001d72   Section        0  usbh_hid.o(i.USBH_HID_GetHIDDescriptor)
    i.USBH_HID_GetHIDReportDescriptor        0x08001d86   Section        0  usbh_hid.o(i.USBH_HID_GetHIDReportDescriptor)
    i.USBH_HID_GetReport                     0x08001d9a   Section        0  usbh_hid.o(i.USBH_HID_GetReport)
    i.USBH_HID_InterfaceDeInit               0x08001dbc   Section        0  usbh_hid.o(i.USBH_HID_InterfaceDeInit)
    USBH_HID_InterfaceDeInit                 0x08001dbd   Thumb Code    68  usbh_hid.o(i.USBH_HID_InterfaceDeInit)
    i.USBH_HID_InterfaceInit                 0x08001e00   Section        0  usbh_hid.o(i.USBH_HID_InterfaceInit)
    USBH_HID_InterfaceInit                   0x08001e01   Thumb Code   338  usbh_hid.o(i.USBH_HID_InterfaceInit)
    i.USBH_HID_KeybdInit                     0x08001f5c   Section        0  usbh_hid_keybd.o(i.USBH_HID_KeybdInit)
    i.USBH_HID_MouseInit                     0x08001fb0   Section        0  usbh_hid_mouse.o(i.USBH_HID_MouseInit)
    i.USBH_HID_Process                       0x08001fec   Section        0  usbh_hid.o(i.USBH_HID_Process)
    USBH_HID_Process                         0x08001fed   Thumb Code   192  usbh_hid.o(i.USBH_HID_Process)
    i.USBH_HID_SOFProcess                    0x080020ac   Section        0  usbh_hid.o(i.USBH_HID_SOFProcess)
    USBH_HID_SOFProcess                      0x080020ad   Thumb Code    34  usbh_hid.o(i.USBH_HID_SOFProcess)
    i.USBH_HID_SetIdle                       0x080020ce   Section        0  usbh_hid.o(i.USBH_HID_SetIdle)
    i.USBH_HID_SetProtocol                   0x080020e8   Section        0  usbh_hid.o(i.USBH_HID_SetProtocol)
    i.USBH_HandleControl                     0x08002106   Section        0  usbh_ctlreq.o(i.USBH_HandleControl)
    USBH_HandleControl                       0x08002107   Thumb Code   382  usbh_ctlreq.o(i.USBH_HandleControl)
    i.USBH_HandleEnum                        0x08002284   Section        0  usbh_core.o(i.USBH_HandleEnum)
    USBH_HandleEnum                          0x08002285   Thumb Code   242  usbh_core.o(i.USBH_HandleEnum)
    i.USBH_Init                              0x08002376   Section        0  usbh_core.o(i.USBH_Init)
    i.USBH_InterruptReceiveData              0x080023a6   Section        0  usbh_ioreq.o(i.USBH_InterruptReceiveData)
    i.USBH_LL_ClosePipe                      0x080023c8   Section        0  usbh_conf.o(i.USBH_LL_ClosePipe)
    i.USBH_LL_Connect                        0x080023d6   Section        0  usbh_core.o(i.USBH_LL_Connect)
    i.USBH_LL_Disconnect                     0x08002402   Section        0  usbh_core.o(i.USBH_LL_Disconnect)
    i.USBH_LL_DriverVBUS                     0x0800243a   Section        0  usbh_conf.o(i.USBH_LL_DriverVBUS)
    i.USBH_LL_GetLastXferSize                0x08002446   Section        0  usbh_conf.o(i.USBH_LL_GetLastXferSize)
    i.USBH_LL_GetSpeed                       0x0800244e   Section        0  usbh_conf.o(i.USBH_LL_GetSpeed)
    i.USBH_LL_GetToggle                      0x08002470   Section        0  usbh_conf.o(i.USBH_LL_GetToggle)
    i.USBH_LL_GetURBState                    0x0800248e   Section        0  usbh_conf.o(i.USBH_LL_GetURBState)
    i.USBH_LL_IncTimer                       0x08002496   Section        0  usbh_core.o(i.USBH_LL_IncTimer)
    i.USBH_LL_Init                           0x080024b4   Section        0  usbh_conf.o(i.USBH_LL_Init)
    i.USBH_LL_OpenPipe                       0x08002550   Section        0  usbh_conf.o(i.USBH_LL_OpenPipe)
    i.USBH_LL_ResetPort                      0x0800256a   Section        0  usbh_conf.o(i.USBH_LL_ResetPort)
    i.USBH_LL_SetTimer                       0x08002578   Section        0  usbh_core.o(i.USBH_LL_SetTimer)
    i.USBH_LL_SetToggle                      0x0800257e   Section        0  usbh_conf.o(i.USBH_LL_SetToggle)
    i.USBH_LL_Start                          0x0800259e   Section        0  usbh_conf.o(i.USBH_LL_Start)
    i.USBH_LL_Stop                           0x080025ac   Section        0  usbh_conf.o(i.USBH_LL_Stop)
    i.USBH_LL_SubmitURB                      0x080025ba   Section        0  usbh_conf.o(i.USBH_LL_SubmitURB)
    i.USBH_MSC_BOT_Abort                     0x080025d4   Section        0  usbh_msc_bot.o(i.USBH_MSC_BOT_Abort)
    USBH_MSC_BOT_Abort                       0x080025d5   Thumb Code    30  usbh_msc_bot.o(i.USBH_MSC_BOT_Abort)
    i.USBH_MSC_BOT_Init                      0x080025f4   Section        0  usbh_msc_bot.o(i.USBH_MSC_BOT_Init)
    i.USBH_MSC_BOT_Process                   0x0800261c   Section        0  usbh_msc_bot.o(i.USBH_MSC_BOT_Process)
    i.USBH_MSC_BOT_REQ_GetMaxLUN             0x080027f8   Section        0  usbh_msc_bot.o(i.USBH_MSC_BOT_REQ_GetMaxLUN)
    i.USBH_MSC_BOT_REQ_Reset                 0x0800280e   Section        0  usbh_msc_bot.o(i.USBH_MSC_BOT_REQ_Reset)
    i.USBH_MSC_ClassRequest                  0x08002824   Section        0  usbh_msc.o(i.USBH_MSC_ClassRequest)
    USBH_MSC_ClassRequest                    0x08002825   Thumb Code    98  usbh_msc.o(i.USBH_MSC_ClassRequest)
    i.USBH_MSC_InterfaceDeInit               0x08002886   Section        0  usbh_msc.o(i.USBH_MSC_InterfaceDeInit)
    USBH_MSC_InterfaceDeInit                 0x08002887   Thumb Code    74  usbh_msc.o(i.USBH_MSC_InterfaceDeInit)
    i.USBH_MSC_InterfaceInit                 0x080028d0   Section        0  usbh_msc.o(i.USBH_MSC_InterfaceInit)
    USBH_MSC_InterfaceInit                   0x080028d1   Thumb Code   332  usbh_msc.o(i.USBH_MSC_InterfaceInit)
    i.USBH_MSC_Process                       0x08002a1c   Section        0  usbh_msc.o(i.USBH_MSC_Process)
    USBH_MSC_Process                         0x08002a1d   Thumb Code   656  usbh_msc.o(i.USBH_MSC_Process)
    i.USBH_MSC_SCSI_Inquiry                  0x08002cac   Section        0  usbh_msc_scsi.o(i.USBH_MSC_SCSI_Inquiry)
    i.USBH_MSC_SCSI_ReadCapacity             0x08002d6c   Section        0  usbh_msc_scsi.o(i.USBH_MSC_SCSI_ReadCapacity)
    i.USBH_MSC_SCSI_RequestSense             0x08002dec   Section        0  usbh_msc_scsi.o(i.USBH_MSC_SCSI_RequestSense)
    i.USBH_MSC_SCSI_TestUnitReady            0x08002e80   Section        0  usbh_msc_scsi.o(i.USBH_MSC_SCSI_TestUnitReady)
    i.USBH_MSC_SOFProcess                    0x08002ed2   Section        0  usbh_msc.o(i.USBH_MSC_SOFProcess)
    USBH_MSC_SOFProcess                      0x08002ed3   Thumb Code     4  usbh_msc.o(i.USBH_MSC_SOFProcess)
    i.USBH_OpenPipe                          0x08002ed6   Section        0  usbh_pipes.o(i.USBH_OpenPipe)
    i.USBH_ParseCfgDesc                      0x08002eec   Section        0  usbh_ctlreq.o(i.USBH_ParseCfgDesc)
    USBH_ParseCfgDesc                        0x08002eed   Thumb Code   232  usbh_ctlreq.o(i.USBH_ParseCfgDesc)
    i.USBH_Process                           0x08002fd4   Section        0  usbh_core.o(i.USBH_Process)
    i.USBH_RegisterClass                     0x08003130   Section        0  usbh_core.o(i.USBH_RegisterClass)
    i.USBH_SelectInterface                   0x0800314c   Section        0  usbh_core.o(i.USBH_SelectInterface)
    i.USBH_SetAddress                        0x08003162   Section        0  usbh_ctlreq.o(i.USBH_SetAddress)
    i.USBH_SetCfg                            0x0800317e   Section        0  usbh_ctlreq.o(i.USBH_SetCfg)
    i.USBH_Start                             0x0800319a   Section        0  usbh_core.o(i.USBH_Start)
    i.USBH_UserProcess1                      0x080031b0   Section        0  usb_host.o(i.USBH_UserProcess1)
    USBH_UserProcess1                        0x080031b1   Thumb Code    28  usb_host.o(i.USBH_UserProcess1)
    i.USBH_UserProcess2                      0x080031d0   Section        0  usb_host.o(i.USBH_UserProcess2)
    USBH_UserProcess2                        0x080031d1   Thumb Code    28  usb_host.o(i.USBH_UserProcess2)
    i.USB_CoreInit                           0x080031f0   Section        0  stm32f4xx_ll_usb.o(i.USB_CoreInit)
    i.USB_CoreReset                          0x0800325c   Section        0  stm32f4xx_ll_usb.o(i.USB_CoreReset)
    USB_CoreReset                            0x0800325d   Thumb Code    48  stm32f4xx_ll_usb.o(i.USB_CoreReset)
    i.USB_DisableGlobalInt                   0x08003290   Section        0  stm32f4xx_ll_usb.o(i.USB_DisableGlobalInt)
    i.USB_DoPing                             0x0800329c   Section        0  stm32f4xx_ll_usb.o(i.USB_DoPing)
    i.USB_DriveVbus                          0x080032f0   Section        0  stm32f4xx_ll_usb.o(i.USB_DriveVbus)
    i.USB_EnableGlobalInt                    0x08003314   Section        0  stm32f4xx_ll_usb.o(i.USB_EnableGlobalInt)
    i.USB_FlushRxFifo                        0x08003320   Section        0  stm32f4xx_ll_usb.o(i.USB_FlushRxFifo)
    i.USB_FlushTxFifo                        0x08003340   Section        0  stm32f4xx_ll_usb.o(i.USB_FlushTxFifo)
    i.USB_GetCurrentFrame                    0x08003364   Section        0  stm32f4xx_ll_usb.o(i.USB_GetCurrentFrame)
    i.USB_GetHostSpeed                       0x0800336c   Section        0  stm32f4xx_ll_usb.o(i.USB_GetHostSpeed)
    i.USB_GetMode                            0x08003376   Section        0  stm32f4xx_ll_usb.o(i.USB_GetMode)
    i.USB_HC_Halt                            0x0800337e   Section        0  stm32f4xx_ll_usb.o(i.USB_HC_Halt)
    i.USB_HC_Init                            0x080034f4   Section        0  stm32f4xx_ll_usb.o(i.USB_HC_Init)
    i.USB_HC_ReadInterrupt                   0x080035e2   Section        0  stm32f4xx_ll_usb.o(i.USB_HC_ReadInterrupt)
    i.USB_HC_StartXfer                       0x080035f0   Section        0  stm32f4xx_ll_usb.o(i.USB_HC_StartXfer)
    i.USB_HostInit                           0x08003780   Section        0  stm32f4xx_ll_usb.o(i.USB_HostInit)
    i.USB_InitFSLSPClkSel                    0x08003858   Section        0  stm32f4xx_ll_usb.o(i.USB_InitFSLSPClkSel)
    i.USB_ReadInterrupts                     0x0800388e   Section        0  stm32f4xx_ll_usb.o(i.USB_ReadInterrupts)
    i.USB_ReadPacket                         0x08003896   Section        0  stm32f4xx_ll_usb.o(i.USB_ReadPacket)
    i.USB_ResetPort                          0x080038b4   Section        0  stm32f4xx_ll_usb.o(i.USB_ResetPort)
    i.USB_SetCurrentMode                     0x080038d8   Section        0  stm32f4xx_ll_usb.o(i.USB_SetCurrentMode)
    i.USB_StopHost                           0x08003904   Section        0  stm32f4xx_ll_usb.o(i.USB_StopHost)
    i.USB_WritePacket                        0x080039b6   Section        0  stm32f4xx_ll_usb.o(i.USB_WritePacket)
    i.__scatterload_copy                     0x080039e2   Section       14  handlers.o(i.__scatterload_copy)
    i.__scatterload_null                     0x080039f0   Section        2  handlers.o(i.__scatterload_null)
    i.__scatterload_zeroinit                 0x080039f2   Section       14  handlers.o(i.__scatterload_zeroinit)
    i.fifo_init                              0x08003a00   Section        0  usbh_hid.o(i.fifo_init)
    i.fifo_write                             0x08003a0e   Section        0  usbh_hid.o(i.fifo_write)
    i.free                                   0x08003a60   Section        0  malloc.o(i.free)
    i.main                                   0x08003ab0   Section        0  main.o(i.main)
    i.malloc                                 0x08003ae4   Section        0  malloc.o(i.malloc)
    .constdata                               0x08003b50   Section       16  stm32f4xx_hal_rcc.o(.constdata)
    .conststring                             0x08003b60   Section        4  usbh_hid.o(.conststring)
    .conststring                             0x08003b64   Section        4  usbh_msc.o(.conststring)
    .data                                    0x20000000   Section        1  usb_host.o(.data)
    .data                                    0x20000004   Section       20  system_stm32f4xx.o(.data)
    .data                                    0x20000018   Section        4  stm32f4xx_hal.o(.data)
    uwTick                                   0x20000018   Data           4  stm32f4xx_hal.o(.data)
    .data                                    0x2000001c   Section       32  usbh_hid.o(.data)
    .data                                    0x2000003c   Section        8  usbh_hid_keybd.o(.data)
    .data                                    0x20000044   Section        9  usbh_hid_mouse.o(.data)
    .data                                    0x20000050   Section       32  usbh_msc.o(.data)
    .data                                    0x20000070   Section        4  mvars.o(.data)
    .data                                    0x20000074   Section        4  mvars.o(.data)
    .bss                                     0x20000078   Section      180  usart.o(.bss)
    .bss                                     0x2000012c   Section     1424  usb_host.o(.bss)
    .bss                                     0x200006bc   Section     1312  usbh_conf.o(.bss)
    .bss                                     0x20000bdc   Section       15  usbh_hid_keybd.o(.bss)
    HEAP                                     0x20000bf0   Section      512  startup_stm32f407xx.o(HEAP)
    STACK                                    0x20000df0   Section     1024  startup_stm32f407xx.o(STACK)

    Global Symbols

    Symbol Name                              Value     Ov Type        Size  Object(Section)

    BuildAttributes$$THM_ISAv4$E$P$D$K$B$S$7EM$VFPi3$EXTD16$VFPS$VFMA$PE$A:L22UL41UL21$X:L11$S22US41US21$IEEE1$IW$USESV6$~STKCKD$USESV7$~SHL$OSPACE$EBA8$MICROLIB$REQ8$PRES8$EABIv2 0x00000000   Number         0  anon$$obj.o ABSOLUTE
    __ARM_use_no_argv                        0x00000000   Number         0  main.o ABSOLUTE
    __decompress                              - Undefined Weak Reference
    _clock_init                               - Undefined Weak Reference
    __Vectors_Size                           0x00000188   Number         0  startup_stm32f407xx.o ABSOLUTE
    __Vectors                                0x08000000   Data           4  startup_stm32f407xx.o(RESET)
    __Vectors_End                            0x08000188   Data           0  startup_stm32f407xx.o(RESET)
    __main                                   0x08000189   Thumb Code     0  entry.o(.ARM.Collect$$$$00000000)
    _main_stk                                0x08000189   Thumb Code     0  entry2.o(.ARM.Collect$$$$00000001)
    _main_scatterload                        0x0800018d   Thumb Code     0  entry5.o(.ARM.Collect$$$$00000004)
    __main_after_scatterload                 0x08000191   Thumb Code     0  entry5.o(.ARM.Collect$$$$00000004)
    _main_clock                              0x08000191   Thumb Code     0  entry7b.o(.ARM.Collect$$$$00000008)
    _main_init                               0x08000191   Thumb Code     0  entry8.o(.ARM.Collect$$$$00000009)
    Reset_Handler                            0x0800019d   Thumb Code     8  startup_stm32f407xx.o(.text)
    NMI_Handler                              0x080001a5   Thumb Code     2  startup_stm32f407xx.o(.text)
    HardFault_Handler                        0x080001a7   Thumb Code     2  startup_stm32f407xx.o(.text)
    MemManage_Handler                        0x080001a9   Thumb Code     2  startup_stm32f407xx.o(.text)
    BusFault_Handler                         0x080001ab   Thumb Code     2  startup_stm32f407xx.o(.text)
    UsageFault_Handler                       0x080001ad   Thumb Code     2  startup_stm32f407xx.o(.text)
    SVC_Handler                              0x080001af   Thumb Code     2  startup_stm32f407xx.o(.text)
    DebugMon_Handler                         0x080001b1   Thumb Code     2  startup_stm32f407xx.o(.text)
    PendSV_Handler                           0x080001b3   Thumb Code     2  startup_stm32f407xx.o(.text)
    ADC_IRQHandler                           0x080001b7   Thumb Code     0  startup_stm32f407xx.o(.text)
    CAN1_RX0_IRQHandler                      0x080001b7   Thumb Code     0  startup_stm32f407xx.o(.text)
    CAN1_RX1_IRQHandler                      0x080001b7   Thumb Code     0  startup_stm32f407xx.o(.text)
    CAN1_SCE_IRQHandler                      0x080001b7   Thumb Code     0  startup_stm32f407xx.o(.text)
    CAN1_TX_IRQHandler                       0x080001b7   Thumb Code     0  startup_stm32f407xx.o(.text)
    CAN2_RX0_IRQHandler                      0x080001b7   Thumb Code     0  startup_stm32f407xx.o(.text)
    CAN2_RX1_IRQHandler                      0x080001b7   Thumb Code     0  startup_stm32f407xx.o(.text)
    CAN2_SCE_IRQHandler                      0x080001b7   Thumb Code     0  startup_stm32f407xx.o(.text)
    CAN2_TX_IRQHandler                       0x080001b7   Thumb Code     0  startup_stm32f407xx.o(.text)
    DCMI_IRQHandler                          0x080001b7   Thumb Code     0  startup_stm32f407xx.o(.text)
    DMA1_Stream0_IRQHandler                  0x080001b7   Thumb Code     0  startup_stm32f407xx.o(.text)
    DMA1_Stream1_IRQHandler                  0x080001b7   Thumb Code     0  startup_stm32f407xx.o(.text)
    DMA1_Stream2_IRQHandler                  0x080001b7   Thumb Code     0  startup_stm32f407xx.o(.text)
    DMA1_Stream3_IRQHandler                  0x080001b7   Thumb Code     0  startup_stm32f407xx.o(.text)
    DMA1_Stream4_IRQHandler                  0x080001b7   Thumb Code     0  startup_stm32f407xx.o(.text)
    DMA1_Stream5_IRQHandler                  0x080001b7   Thumb Code     0  startup_stm32f407xx.o(.text)
    DMA1_Stream6_IRQHandler                  0x080001b7   Thumb Code     0  startup_stm32f407xx.o(.text)
    DMA1_Stream7_IRQHandler                  0x080001b7   Thumb Code     0  startup_stm32f407xx.o(.text)
    DMA2_Stream0_IRQHandler                  0x080001b7   Thumb Code     0  startup_stm32f407xx.o(.text)
    DMA2_Stream1_IRQHandler                  0x080001b7   Thumb Code     0  startup_stm32f407xx.o(.text)
    DMA2_Stream2_IRQHandler                  0x080001b7   Thumb Code     0  startup_stm32f407xx.o(.text)
    DMA2_Stream3_IRQHandler                  0x080001b7   Thumb Code     0  startup_stm32f407xx.o(.text)
    DMA2_Stream4_IRQHandler                  0x080001b7   Thumb Code     0  startup_stm32f407xx.o(.text)
    DMA2_Stream5_IRQHandler                  0x080001b7   Thumb Code     0  startup_stm32f407xx.o(.text)
    DMA2_Stream6_IRQHandler                  0x080001b7   Thumb Code     0  startup_stm32f407xx.o(.text)
    DMA2_Stream7_IRQHandler                  0x080001b7   Thumb Code     0  startup_stm32f407xx.o(.text)
    ETH_IRQHandler                           0x080001b7   Thumb Code     0  startup_stm32f407xx.o(.text)
    ETH_WKUP_IRQHandler                      0x080001b7   Thumb Code     0  startup_stm32f407xx.o(.text)
    EXTI0_IRQHandler                         0x080001b7   Thumb Code     0  startup_stm32f407xx.o(.text)
    EXTI15_10_IRQHandler                     0x080001b7   Thumb Code     0  startup_stm32f407xx.o(.text)
    EXTI1_IRQHandler                         0x080001b7   Thumb Code     0  startup_stm32f407xx.o(.text)
    EXTI2_IRQHandler                         0x080001b7   Thumb Code     0  startup_stm32f407xx.o(.text)
    EXTI3_IRQHandler                         0x080001b7   Thumb Code     0  startup_stm32f407xx.o(.text)
    EXTI4_IRQHandler                         0x080001b7   Thumb Code     0  startup_stm32f407xx.o(.text)
    EXTI9_5_IRQHandler                       0x080001b7   Thumb Code     0  startup_stm32f407xx.o(.text)
    FLASH_IRQHandler                         0x080001b7   Thumb Code     0  startup_stm32f407xx.o(.text)
    FMC_IRQHandler                           0x080001b7   Thumb Code     0  startup_stm32f407xx.o(.text)
    FPU_IRQHandler                           0x080001b7   Thumb Code     0  startup_stm32f407xx.o(.text)
    HASH_RNG_IRQHandler                      0x080001b7   Thumb Code     0  startup_stm32f407xx.o(.text)
    I2C1_ER_IRQHandler                       0x080001b7   Thumb Code     0  startup_stm32f407xx.o(.text)
    I2C1_EV_IRQHandler                       0x080001b7   Thumb Code     0  startup_stm32f407xx.o(.text)
    I2C2_ER_IRQHandler                       0x080001b7   Thumb Code     0  startup_stm32f407xx.o(.text)
    I2C2_EV_IRQHandler                       0x080001b7   Thumb Code     0  startup_stm32f407xx.o(.text)
    I2C3_ER_IRQHandler                       0x080001b7   Thumb Code     0  startup_stm32f407xx.o(.text)
    I2C3_EV_IRQHandler                       0x080001b7   Thumb Code     0  startup_stm32f407xx.o(.text)
    OTG_FS_WKUP_IRQHandler                   0x080001b7   Thumb Code     0  startup_stm32f407xx.o(.text)
    OTG_HS_EP1_IN_IRQHandler                 0x080001b7   Thumb Code     0  startup_stm32f407xx.o(.text)
    OTG_HS_EP1_OUT_IRQHandler                0x080001b7   Thumb Code     0  startup_stm32f407xx.o(.text)
    OTG_HS_WKUP_IRQHandler                   0x080001b7   Thumb Code     0  startup_stm32f407xx.o(.text)
    PVD_IRQHandler                           0x080001b7   Thumb Code     0  startup_stm32f407xx.o(.text)
    RCC_IRQHandler                           0x080001b7   Thumb Code     0  startup_stm32f407xx.o(.text)
    RTC_Alarm_IRQHandler                     0x080001b7   Thumb Code     0  startup_stm32f407xx.o(.text)
    RTC_WKUP_IRQHandler                      0x080001b7   Thumb Code     0  startup_stm32f407xx.o(.text)
    SDIO_IRQHandler                          0x080001b7   Thumb Code     0  startup_stm32f407xx.o(.text)
    SPI1_IRQHandler                          0x080001b7   Thumb Code     0  startup_stm32f407xx.o(.text)
    SPI2_IRQHandler                          0x080001b7   Thumb Code     0  startup_stm32f407xx.o(.text)
    SPI3_IRQHandler                          0x080001b7   Thumb Code     0  startup_stm32f407xx.o(.text)
    TAMP_STAMP_IRQHandler                    0x080001b7   Thumb Code     0  startup_stm32f407xx.o(.text)
    TIM1_BRK_TIM9_IRQHandler                 0x080001b7   Thumb Code     0  startup_stm32f407xx.o(.text)
    TIM1_CC_IRQHandler                       0x080001b7   Thumb Code     0  startup_stm32f407xx.o(.text)
    TIM1_TRG_COM_TIM11_IRQHandler            0x080001b7   Thumb Code     0  startup_stm32f407xx.o(.text)
    TIM1_UP_TIM10_IRQHandler                 0x080001b7   Thumb Code     0  startup_stm32f407xx.o(.text)
    TIM2_IRQHandler                          0x080001b7   Thumb Code     0  startup_stm32f407xx.o(.text)
    TIM3_IRQHandler                          0x080001b7   Thumb Code     0  startup_stm32f407xx.o(.text)
    TIM4_IRQHandler                          0x080001b7   Thumb Code     0  startup_stm32f407xx.o(.text)
    TIM5_IRQHandler                          0x080001b7   Thumb Code     0  startup_stm32f407xx.o(.text)
    TIM6_DAC_IRQHandler                      0x080001b7   Thumb Code     0  startup_stm32f407xx.o(.text)
    TIM7_IRQHandler                          0x080001b7   Thumb Code     0  startup_stm32f407xx.o(.text)
    TIM8_BRK_TIM12_IRQHandler                0x080001b7   Thumb Code     0  startup_stm32f407xx.o(.text)
    TIM8_CC_IRQHandler                       0x080001b7   Thumb Code     0  startup_stm32f407xx.o(.text)
    TIM8_TRG_COM_TIM14_IRQHandler            0x080001b7   Thumb Code     0  startup_stm32f407xx.o(.text)
    TIM8_UP_TIM13_IRQHandler                 0x080001b7   Thumb Code     0  startup_stm32f407xx.o(.text)
    UART4_IRQHandler                         0x080001b7   Thumb Code     0  startup_stm32f407xx.o(.text)
    UART5_IRQHandler                         0x080001b7   Thumb Code     0  startup_stm32f407xx.o(.text)
    USART1_IRQHandler                        0x080001b7   Thumb Code     0  startup_stm32f407xx.o(.text)
    USART2_IRQHandler                        0x080001b7   Thumb Code     0  startup_stm32f407xx.o(.text)
    USART3_IRQHandler                        0x080001b7   Thumb Code     0  startup_stm32f407xx.o(.text)
    USART6_IRQHandler                        0x080001b7   Thumb Code     0  startup_stm32f407xx.o(.text)
    WWDG_IRQHandler                          0x080001b7   Thumb Code     0  startup_stm32f407xx.o(.text)
    __aeabi_memcpy                           0x080001c1   Thumb Code    36  memcpya.o(.text)
    __aeabi_memcpy4                          0x080001c1   Thumb Code     0  memcpya.o(.text)
    __aeabi_memcpy8                          0x080001c1   Thumb Code     0  memcpya.o(.text)
    __aeabi_memset                           0x080001e5   Thumb Code    14  memseta.o(.text)
    __aeabi_memset4                          0x080001e5   Thumb Code     0  memseta.o(.text)
    __aeabi_memset8                          0x080001e5   Thumb Code     0  memseta.o(.text)
    __aeabi_memclr                           0x080001f3   Thumb Code     4  memseta.o(.text)
    __aeabi_memclr4                          0x080001f3   Thumb Code     0  memseta.o(.text)
    __aeabi_memclr8                          0x080001f3   Thumb Code     0  memseta.o(.text)
    _memset$wrapper                          0x080001f7   Thumb Code    20  memseta.o(.text)
    __scatterload                            0x0800020d   Thumb Code    28  init.o(.text)
    __scatterload_rt2                        0x0800020d   Thumb Code     0  init.o(.text)
    HAL_Delay                                0x08000279   Thumb Code    24  stm32f4xx_hal.o(i.HAL_Delay)
    HAL_GPIO_Init                            0x08000291   Thumb Code   398  stm32f4xx_hal_gpio.o(i.HAL_GPIO_Init)
    HAL_GetTick                              0x08000455   Thumb Code     6  stm32f4xx_hal.o(i.HAL_GetTick)
    HAL_HCD_Connect_Callback                 0x08000461   Thumb Code     8  usbh_conf.o(i.HAL_HCD_Connect_Callback)
    HAL_HCD_Disconnect_Callback              0x08000469   Thumb Code     8  usbh_conf.o(i.HAL_HCD_Disconnect_Callback)
    HAL_HCD_GetCurrentFrame                  0x08000471   Thumb Code     6  stm32f4xx_hal_hcd.o(i.HAL_HCD_GetCurrentFrame)
    HAL_HCD_GetCurrentSpeed                  0x08000477   Thumb Code     6  stm32f4xx_hal_hcd.o(i.HAL_HCD_GetCurrentSpeed)
    HAL_HCD_HC_GetURBState                   0x0800047d   Thumb Code    14  stm32f4xx_hal_hcd.o(i.HAL_HCD_HC_GetURBState)
    HAL_HCD_HC_GetXferCount                  0x0800048b   Thumb Code    12  stm32f4xx_hal_hcd.o(i.HAL_HCD_HC_GetXferCount)
    HAL_HCD_HC_Halt                          0x08000497   Thumb Code    36  stm32f4xx_hal_hcd.o(i.HAL_HCD_HC_Halt)
    HAL_HCD_HC_Init                          0x080004bb   Thumb Code    78  stm32f4xx_hal_hcd.o(i.HAL_HCD_HC_Init)
    HAL_HCD_HC_NotifyURBChange_Callback      0x08000509   Thumb Code     2  usbh_conf.o(i.HAL_HCD_HC_NotifyURBChange_Callback)
    HAL_HCD_HC_SubmitRequest                 0x0800050d   Thumb Code   186  stm32f4xx_hal_hcd.o(i.HAL_HCD_HC_SubmitRequest)
    HAL_HCD_IRQHandler                       0x080005c7   Thumb Code   302  stm32f4xx_hal_hcd.o(i.HAL_HCD_IRQHandler)
    HAL_HCD_Init                             0x080006f5   Thumb Code    90  stm32f4xx_hal_hcd.o(i.HAL_HCD_Init)
    HAL_HCD_MspInit                          0x08000751   Thumb Code   186  usbh_conf.o(i.HAL_HCD_MspInit)
    HAL_HCD_ResetPort                        0x0800081d   Thumb Code     6  stm32f4xx_hal_hcd.o(i.HAL_HCD_ResetPort)
    HAL_HCD_SOF_Callback                     0x08000823   Thumb Code     8  usbh_conf.o(i.HAL_HCD_SOF_Callback)
    HAL_HCD_Start                            0x0800082b   Thumb Code    44  stm32f4xx_hal_hcd.o(i.HAL_HCD_Start)
    HAL_HCD_Stop                             0x08000857   Thumb Code    36  stm32f4xx_hal_hcd.o(i.HAL_HCD_Stop)
    HAL_IncTick                              0x0800087d   Thumb Code    10  stm32f4xx_hal.o(i.HAL_IncTick)
    HAL_Init                                 0x0800088d   Thumb Code    48  stm32f4xx_hal.o(i.HAL_Init)
    HAL_InitTick                             0x080008c1   Thumb Code    34  stm32f4xx_hal.o(i.HAL_InitTick)
    HAL_MspInit                              0x080008e3   Thumb Code     2  stm32f4xx_hal.o(i.HAL_MspInit)
    HAL_NVIC_ClearPendingIRQ                 0x080008e5   Thumb Code    24  stm32f4xx_hal_cortex.o(i.HAL_NVIC_ClearPendingIRQ)
    HAL_NVIC_EnableIRQ                       0x080008fd   Thumb Code    24  stm32f4xx_hal_cortex.o(i.HAL_NVIC_EnableIRQ)
    HAL_NVIC_SetPriority                     0x08000915   Thumb Code    60  stm32f4xx_hal_cortex.o(i.HAL_NVIC_SetPriority)
    HAL_NVIC_SetPriorityGrouping             0x08000955   Thumb Code    26  stm32f4xx_hal_cortex.o(i.HAL_NVIC_SetPriorityGrouping)
    HAL_RCC_ClockConfig                      0x08000979   Thumb Code   432  stm32f4xx_hal_rcc.o(i.HAL_RCC_ClockConfig)
    HAL_RCC_GetHCLKFreq                      0x08000b31   Thumb Code    38  stm32f4xx_hal_rcc.o(i.HAL_RCC_GetHCLKFreq)
    HAL_RCC_GetPCLK1Freq                     0x08000b65   Thumb Code    36  stm32f4xx_hal_rcc.o(i.HAL_RCC_GetPCLK1Freq)
    HAL_RCC_GetPCLK2Freq                     0x08000b91   Thumb Code    36  stm32f4xx_hal_rcc.o(i.HAL_RCC_GetPCLK2Freq)
    HAL_RCC_GetSysClockFreq                  0x08000bbd   Thumb Code   120  stm32f4xx_hal_rcc.o(i.HAL_RCC_GetSysClockFreq)
    HAL_RCC_OscConfig                        0x08000c41   Thumb Code   798  stm32f4xx_hal_rcc.o(i.HAL_RCC_OscConfig)
    HAL_SYSTICK_Callback                     0x08000f75   Thumb Code     2  stm32f4xx_hal_cortex.o(i.HAL_SYSTICK_Callback)
    HAL_SYSTICK_Config                       0x08000f77   Thumb Code    40  stm32f4xx_hal_cortex.o(i.HAL_SYSTICK_Config)
    HAL_SYSTICK_IRQHandler                   0x08000f9f   Thumb Code     8  stm32f4xx_hal_cortex.o(i.HAL_SYSTICK_IRQHandler)
    HAL_UART_Init                            0x08000fa7   Thumb Code    92  stm32f4xx_hal_uart.o(i.HAL_UART_Init)
    HAL_UART_MspInit                         0x08001005   Thumb Code   120  usart.o(i.HAL_UART_MspInit)
    MX_GPIO_Init                             0x08001631   Thumb Code    76  gpio.o(i.MX_GPIO_Init)
    MX_UART4_Init                            0x0800168d   Thumb Code    32  usart.o(i.MX_UART4_Init)
    MX_USART2_UART_Init                      0x080016b5   Thumb Code    32  usart.o(i.MX_USART2_UART_Init)
    MX_USART3_UART_Init                      0x080016dd   Thumb Code    32  usart.o(i.MX_USART3_UART_Init)
    MX_USB_HOST_Init                         0x08001705   Thumb Code    54  usb_host.o(i.MX_USB_HOST_Init)
    MX_USB_HOST_Process                      0x08001755   Thumb Code    18  usb_host.o(i.MX_USB_HOST_Process)
    OTG_FS_IRQHandler                        0x08001791   Thumb Code    18  stm32f4xx_it.o(i.OTG_FS_IRQHandler)
    OTG_HS_IRQHandler                        0x080017a9   Thumb Code    18  stm32f4xx_it.o(i.OTG_HS_IRQHandler)
    SysTick_Handler                          0x080017c1   Thumb Code    14  stm32f4xx_it.o(i.SysTick_Handler)
    SystemClock_Config                       0x080017d1   Thumb Code    92  main.o(i.SystemClock_Config)
    SystemInit                               0x08001835   Thumb Code    66  system_stm32f4xx.o(i.SystemInit)
    USBH_AllocPipe                           0x08001a01   Thumb Code    52  usbh_pipes.o(i.USBH_AllocPipe)
    USBH_BulkReceiveData                     0x08001a35   Thumb Code    34  usbh_ioreq.o(i.USBH_BulkReceiveData)
    USBH_BulkSendData                        0x08001a57   Thumb Code    38  usbh_ioreq.o(i.USBH_BulkSendData)
    USBH_ClosePipe                           0x08001a7d   Thumb Code    10  usbh_pipes.o(i.USBH_ClosePipe)
    USBH_ClrFeature                          0x08001a87   Thumb Code    30  usbh_ctlreq.o(i.USBH_ClrFeature)
    USBH_CtlReceiveData                      0x08001aa5   Thumb Code    32  usbh_ioreq.o(i.USBH_CtlReceiveData)
    USBH_CtlReq                              0x08001ac5   Thumb Code    54  usbh_ctlreq.o(i.USBH_CtlReq)
    USBH_CtlSendData                         0x08001afb   Thumb Code    38  usbh_ioreq.o(i.USBH_CtlSendData)
    USBH_CtlSendSetup                        0x08001b21   Thumb Code    28  usbh_ioreq.o(i.USBH_CtlSendSetup)
    USBH_Delay                               0x08001b3d   Thumb Code     4  usbh_conf.o(i.USBH_Delay)
    USBH_FindInterface                       0x08001b41   Thumb Code    68  usbh_core.o(i.USBH_FindInterface)
    USBH_FreePipe                            0x08001b85   Thumb Code    24  usbh_pipes.o(i.USBH_FreePipe)
    USBH_GetDescriptor                       0x08001b9d   Thumb Code    56  usbh_ctlreq.o(i.USBH_GetDescriptor)
    USBH_GetNextDesc                         0x08001bd5   Thumb Code    14  usbh_ctlreq.o(i.USBH_GetNextDesc)
    USBH_Get_CfgDesc                         0x08001be3   Thumb Code    44  usbh_ctlreq.o(i.USBH_Get_CfgDesc)
    USBH_Get_DevDesc                         0x08001c0f   Thumb Code   126  usbh_ctlreq.o(i.USBH_Get_DevDesc)
    USBH_Get_StringDesc                      0x08001c8d   Thumb Code    72  usbh_ctlreq.o(i.USBH_Get_StringDesc)
    USBH_HID_EventCallback                   0x08001d71   Thumb Code     2  usbh_hid.o(i.USBH_HID_EventCallback)
    USBH_HID_GetHIDDescriptor                0x08001d73   Thumb Code    20  usbh_hid.o(i.USBH_HID_GetHIDDescriptor)
    USBH_HID_GetHIDReportDescriptor          0x08001d87   Thumb Code    20  usbh_hid.o(i.USBH_HID_GetHIDReportDescriptor)
    USBH_HID_GetReport                       0x08001d9b   Thumb Code    34  usbh_hid.o(i.USBH_HID_GetReport)
    USBH_HID_KeybdInit                       0x08001f5d   Thumb Code    74  usbh_hid_keybd.o(i.USBH_HID_KeybdInit)
    USBH_HID_MouseInit                       0x08001fb1   Thumb Code    54  usbh_hid_mouse.o(i.USBH_HID_MouseInit)
    USBH_HID_SetIdle                         0x080020cf   Thumb Code    26  usbh_hid.o(i.USBH_HID_SetIdle)
    USBH_HID_SetProtocol                     0x080020e9   Thumb Code    30  usbh_hid.o(i.USBH_HID_SetProtocol)
    USBH_Init                                0x08002377   Thumb Code    48  usbh_core.o(i.USBH_Init)
    USBH_InterruptReceiveData                0x080023a7   Thumb Code    34  usbh_ioreq.o(i.USBH_InterruptReceiveData)
    USBH_LL_ClosePipe                        0x080023c9   Thumb Code    14  usbh_conf.o(i.USBH_LL_ClosePipe)
    USBH_LL_Connect                          0x080023d7   Thumb Code    44  usbh_core.o(i.USBH_LL_Connect)
    USBH_LL_Disconnect                       0x08002403   Thumb Code    56  usbh_core.o(i.USBH_LL_Disconnect)
    USBH_LL_DriverVBUS                       0x0800243b   Thumb Code    12  usbh_conf.o(i.USBH_LL_DriverVBUS)
    USBH_LL_GetLastXferSize                  0x08002447   Thumb Code     8  usbh_conf.o(i.USBH_LL_GetLastXferSize)
    USBH_LL_GetSpeed                         0x0800244f   Thumb Code    34  usbh_conf.o(i.USBH_LL_GetSpeed)
    USBH_LL_GetToggle                        0x08002471   Thumb Code    30  usbh_conf.o(i.USBH_LL_GetToggle)
    USBH_LL_GetURBState                      0x0800248f   Thumb Code     8  usbh_conf.o(i.USBH_LL_GetURBState)
    USBH_LL_IncTimer                         0x08002497   Thumb Code    30  usbh_core.o(i.USBH_LL_IncTimer)
    USBH_LL_Init                             0x080024b5   Thumb Code   142  usbh_conf.o(i.USBH_LL_Init)
    USBH_LL_OpenPipe                         0x08002551   Thumb Code    26  usbh_conf.o(i.USBH_LL_OpenPipe)
    USBH_LL_ResetPort                        0x0800256b   Thumb Code    14  usbh_conf.o(i.USBH_LL_ResetPort)
    USBH_LL_SetTimer                         0x08002579   Thumb Code     6  usbh_core.o(i.USBH_LL_SetTimer)
    USBH_LL_SetToggle                        0x0800257f   Thumb Code    32  usbh_conf.o(i.USBH_LL_SetToggle)
    USBH_LL_Start                            0x0800259f   Thumb Code    14  usbh_conf.o(i.USBH_LL_Start)
    USBH_LL_Stop                             0x080025ad   Thumb Code    14  usbh_conf.o(i.USBH_LL_Stop)
    USBH_LL_SubmitURB                        0x080025bb   Thumb Code    26  usbh_conf.o(i.USBH_LL_SubmitURB)
    USBH_MSC_BOT_Init                        0x080025f5   Thumb Code    32  usbh_msc_bot.o(i.USBH_MSC_BOT_Init)
    USBH_MSC_BOT_Process                     0x0800261d   Thumb Code   470  usbh_msc_bot.o(i.USBH_MSC_BOT_Process)
    USBH_MSC_BOT_REQ_GetMaxLUN               0x080027f9   Thumb Code    22  usbh_msc_bot.o(i.USBH_MSC_BOT_REQ_GetMaxLUN)
    USBH_MSC_BOT_REQ_Reset                   0x0800280f   Thumb Code    22  usbh_msc_bot.o(i.USBH_MSC_BOT_REQ_Reset)
    USBH_MSC_SCSI_Inquiry                    0x08002cad   Thumb Code   192  usbh_msc_scsi.o(i.USBH_MSC_SCSI_Inquiry)
    USBH_MSC_SCSI_ReadCapacity               0x08002d6d   Thumb Code   128  usbh_msc_scsi.o(i.USBH_MSC_SCSI_ReadCapacity)
    USBH_MSC_SCSI_RequestSense               0x08002ded   Thumb Code   148  usbh_msc_scsi.o(i.USBH_MSC_SCSI_RequestSense)
    USBH_MSC_SCSI_TestUnitReady              0x08002e81   Thumb Code    82  usbh_msc_scsi.o(i.USBH_MSC_SCSI_TestUnitReady)
    USBH_OpenPipe                            0x08002ed7   Thumb Code    22  usbh_pipes.o(i.USBH_OpenPipe)
    USBH_Process                             0x08002fd5   Thumb Code   348  usbh_core.o(i.USBH_Process)
    USBH_RegisterClass                       0x08003131   Thumb Code    28  usbh_core.o(i.USBH_RegisterClass)
    USBH_SelectInterface                     0x0800314d   Thumb Code    22  usbh_core.o(i.USBH_SelectInterface)
    USBH_SetAddress                          0x08003163   Thumb Code    28  usbh_ctlreq.o(i.USBH_SetAddress)
    USBH_SetCfg                              0x0800317f   Thumb Code    28  usbh_ctlreq.o(i.USBH_SetCfg)
    USBH_Start                               0x0800319b   Thumb Code    20  usbh_core.o(i.USBH_Start)
    USB_CoreInit                             0x080031f1   Thumb Code   104  stm32f4xx_ll_usb.o(i.USB_CoreInit)
    USB_DisableGlobalInt                     0x08003291   Thumb Code    12  stm32f4xx_ll_usb.o(i.USB_DisableGlobalInt)
    USB_DoPing                               0x0800329d   Thumb Code    78  stm32f4xx_ll_usb.o(i.USB_DoPing)
    USB_DriveVbus                            0x080032f1   Thumb Code    36  stm32f4xx_ll_usb.o(i.USB_DriveVbus)
    USB_EnableGlobalInt                      0x08003315   Thumb Code    12  stm32f4xx_ll_usb.o(i.USB_EnableGlobalInt)
    USB_FlushRxFifo                          0x08003321   Thumb Code    28  stm32f4xx_ll_usb.o(i.USB_FlushRxFifo)
    USB_FlushTxFifo                          0x08003341   Thumb Code    32  stm32f4xx_ll_usb.o(i.USB_FlushTxFifo)
    USB_GetCurrentFrame                      0x08003365   Thumb Code     8  stm32f4xx_ll_usb.o(i.USB_GetCurrentFrame)
    USB_GetHostSpeed                         0x0800336d   Thumb Code    10  stm32f4xx_ll_usb.o(i.USB_GetHostSpeed)
    USB_GetMode                              0x08003377   Thumb Code     8  stm32f4xx_ll_usb.o(i.USB_GetMode)
    USB_HC_Halt                              0x0800337f   Thumb Code   374  stm32f4xx_ll_usb.o(i.USB_HC_Halt)
    USB_HC_Init                              0x080034f5   Thumb Code   238  stm32f4xx_ll_usb.o(i.USB_HC_Init)
    USB_HC_ReadInterrupt                     0x080035e3   Thumb Code    12  stm32f4xx_ll_usb.o(i.USB_HC_ReadInterrupt)
    USB_HC_StartXfer                         0x080035f1   Thumb Code   396  stm32f4xx_ll_usb.o(i.USB_HC_StartXfer)
    USB_HostInit                             0x08003781   Thumb Code   196  stm32f4xx_ll_usb.o(i.USB_HostInit)
    USB_InitFSLSPClkSel                      0x08003859   Thumb Code    54  stm32f4xx_ll_usb.o(i.USB_InitFSLSPClkSel)
    USB_ReadInterrupts                       0x0800388f   Thumb Code     8  stm32f4xx_ll_usb.o(i.USB_ReadInterrupts)
    USB_ReadPacket                           0x08003897   Thumb Code    30  stm32f4xx_ll_usb.o(i.USB_ReadPacket)
    USB_ResetPort                            0x080038b5   Thumb Code    36  stm32f4xx_ll_usb.o(i.USB_ResetPort)
    USB_SetCurrentMode                       0x080038d9   Thumb Code    44  stm32f4xx_ll_usb.o(i.USB_SetCurrentMode)
    USB_StopHost                             0x08003905   Thumb Code   178  stm32f4xx_ll_usb.o(i.USB_StopHost)
    USB_WritePacket                          0x080039b7   Thumb Code    44  stm32f4xx_ll_usb.o(i.USB_WritePacket)
    __scatterload_copy                       0x080039e3   Thumb Code    14  handlers.o(i.__scatterload_copy)
    __scatterload_null                       0x080039f1   Thumb Code     2  handlers.o(i.__scatterload_null)
    __scatterload_zeroinit                   0x080039f3   Thumb Code    14  handlers.o(i.__scatterload_zeroinit)
    fifo_init                                0x08003a01   Thumb Code    14  usbh_hid.o(i.fifo_init)
    fifo_write                               0x08003a0f   Thumb Code    80  usbh_hid.o(i.fifo_write)
    free                                     0x08003a61   Thumb Code    76  malloc.o(i.free)
    main                                     0x08003ab1   Thumb Code    50  main.o(i.main)
    malloc                                   0x08003ae5   Thumb Code    92  malloc.o(i.malloc)
    APBAHBPrescTable                         0x08003b50   Data          16  stm32f4xx_hal_rcc.o(.constdata)
    Region$$Table$$Base                      0x08003b68   Number         0  anon$$obj.o(Region$$Table)
    Region$$Table$$Limit                     0x08003b88   Number         0  anon$$obj.o(Region$$Table)
    Appli_state                              0x20000000   Data           1  usb_host.o(.data)
    SystemCoreClock                          0x20000004   Data           4  system_stm32f4xx.o(.data)
    AHBPrescTable                            0x20000008   Data          16  system_stm32f4xx.o(.data)
    HID_Class                                0x2000001c   Data          32  usbh_hid.o(.data)
    keybd_report_data                        0x2000003c   Data           8  usbh_hid_keybd.o(.data)
    mouse_report_data                        0x20000044   Data           4  usbh_hid_mouse.o(.data)
    mouse_info                               0x20000048   Data           5  usbh_hid_mouse.o(.data)
    USBH_msc                                 0x20000050   Data          32  usbh_msc.o(.data)
    __microlib_freelist                      0x20000070   Data           4  mvars.o(.data)
    __microlib_freelist_initialised          0x20000074   Data           4  mvars.o(.data)
    huart4                                   0x20000078   Data          60  usart.o(.bss)
    huart2                                   0x200000b4   Data          60  usart.o(.bss)
    huart3                                   0x200000f0   Data          60  usart.o(.bss)
    hUsbHostHS                               0x2000012c   Data         712  usb_host.o(.bss)
    hUsbHostFS                               0x200003f4   Data         712  usb_host.o(.bss)
    hhcd_USB_OTG_FS                          0x200006bc   Data         656  usbh_conf.o(.bss)
    hhcd_USB_OTG_HS                          0x2000094c   Data         656  usbh_conf.o(.bss)
    keybd_info                               0x20000bdc   Data          15  usbh_hid_keybd.o(.bss)
    __heap_base                              0x20000bf0   Data           0  startup_stm32f407xx.o(HEAP)
    __heap_limit                             0x20000df0   Data           0  startup_stm32f407xx.o(HEAP)
    __initial_sp                             0x200011f0   Data           0  startup_stm32f407xx.o(STACK)



==============================================================================

Memory Map of the image

  Image Entry point : 0x08000189

  Load Region LR_IROM1 (Base: 0x08000000, Size: 0x00003c00, Max: 0x00080000, ABSOLUTE)

    Execution Region ER_IROM1 (Base: 0x08000000, Size: 0x00003b88, Max: 0x00080000, ABSOLUTE)

    Base Addr    Size         Type   Attr      Idx    E Section Name        Object

    0x08000000   0x00000188   Data   RO            3    RESET               startup_stm32f407xx.o
    0x08000188   0x00000000   Code   RO         2752  * .ARM.Collect$$$$00000000  mc_w.l(entry.o)
    0x08000188   0x00000004   Code   RO         2789    .ARM.Collect$$$$00000001  mc_w.l(entry2.o)
    0x0800018c   0x00000004   Code   RO         2792    .ARM.Collect$$$$00000004  mc_w.l(entry5.o)
    0x08000190   0x00000000   Code   RO         2794    .ARM.Collect$$$$00000008  mc_w.l(entry7b.o)
    0x08000190   0x00000008   Code   RO         2795    .ARM.Collect$$$$00000009  mc_w.l(entry8.o)
    0x08000198   0x00000004   Code   RO         2790    .ARM.Collect$$$$00002712  mc_w.l(entry2.o)
    0x0800019c   0x00000024   Code   RO            4    .text               startup_stm32f407xx.o
    0x080001c0   0x00000024   Code   RO         2755    .text               mc_w.l(memcpya.o)
    0x080001e4   0x00000026   Code   RO         2757    .text               mc_w.l(memseta.o)
    0x0800020a   0x00000002   PAD
    0x0800020c   0x00000024   Code   RO         2798    .text               mc_w.l(init.o)
    0x08000230   0x00000046   Code   RO         2451    i.DeInitStateMachine  usbh_core.o
    0x08000276   0x00000002   PAD
    0x08000278   0x00000018   Code   RO          500    i.HAL_Delay         stm32f4xx_hal.o
    0x08000290   0x000001c4   Code   RO         1045    i.HAL_GPIO_Init     stm32f4xx_hal_gpio.o
    0x08000454   0x0000000c   Code   RO          512    i.HAL_GetTick       stm32f4xx_hal.o
    0x08000460   0x00000008   Code   RO          324    i.HAL_HCD_Connect_Callback  usbh_conf.o
    0x08000468   0x00000008   Code   RO          325    i.HAL_HCD_Disconnect_Callback  usbh_conf.o
    0x08000470   0x00000006   Code   RO         1107    i.HAL_HCD_GetCurrentFrame  stm32f4xx_hal_hcd.o
    0x08000476   0x00000006   Code   RO         1108    i.HAL_HCD_GetCurrentSpeed  stm32f4xx_hal_hcd.o
    0x0800047c   0x0000000e   Code   RO         1111    i.HAL_HCD_HC_GetURBState  stm32f4xx_hal_hcd.o
    0x0800048a   0x0000000c   Code   RO         1112    i.HAL_HCD_HC_GetXferCount  stm32f4xx_hal_hcd.o
    0x08000496   0x00000024   Code   RO         1113    i.HAL_HCD_HC_Halt   stm32f4xx_hal_hcd.o
    0x080004ba   0x0000004e   Code   RO         1114    i.HAL_HCD_HC_Init   stm32f4xx_hal_hcd.o
    0x08000508   0x00000002   Code   RO          326    i.HAL_HCD_HC_NotifyURBChange_Callback  usbh_conf.o
    0x0800050a   0x00000002   PAD
    0x0800050c   0x000000ba   Code   RO         1116    i.HAL_HCD_HC_SubmitRequest  stm32f4xx_hal_hcd.o
    0x080005c6   0x0000012e   Code   RO         1117    i.HAL_HCD_IRQHandler  stm32f4xx_hal_hcd.o
    0x080006f4   0x0000005a   Code   RO         1118    i.HAL_HCD_Init      stm32f4xx_hal_hcd.o
    0x0800074e   0x00000002   PAD
    0x08000750   0x000000cc   Code   RO          328    i.HAL_HCD_MspInit   usbh_conf.o
    0x0800081c   0x00000006   Code   RO         1121    i.HAL_HCD_ResetPort  stm32f4xx_hal_hcd.o
    0x08000822   0x00000008   Code   RO          329    i.HAL_HCD_SOF_Callback  usbh_conf.o
    0x0800082a   0x0000002c   Code   RO         1123    i.HAL_HCD_Start     stm32f4xx_hal_hcd.o
    0x08000856   0x00000024   Code   RO         1124    i.HAL_HCD_Stop      stm32f4xx_hal_hcd.o
    0x0800087a   0x00000002   PAD
    0x0800087c   0x00000010   Code   RO          513    i.HAL_IncTick       stm32f4xx_hal.o
    0x0800088c   0x00000034   Code   RO          514    i.HAL_Init          stm32f4xx_hal.o
    0x080008c0   0x00000022   Code   RO          515    i.HAL_InitTick      stm32f4xx_hal.o
    0x080008e2   0x00000002   Code   RO          517    i.HAL_MspInit       stm32f4xx_hal.o
    0x080008e4   0x00000018   Code   RO          641    i.HAL_NVIC_ClearPendingIRQ  stm32f4xx_hal_cortex.o
    0x080008fc   0x00000018   Code   RO          643    i.HAL_NVIC_EnableIRQ  stm32f4xx_hal_cortex.o
    0x08000914   0x00000040   Code   RO          649    i.HAL_NVIC_SetPriority  stm32f4xx_hal_cortex.o
    0x08000954   0x00000024   Code   RO          650    i.HAL_NVIC_SetPriorityGrouping  stm32f4xx_hal_cortex.o
    0x08000978   0x000001b8   Code   RO         1395    i.HAL_RCC_ClockConfig  stm32f4xx_hal_rcc.o
    0x08000b30   0x00000034   Code   RO         1400    i.HAL_RCC_GetHCLKFreq  stm32f4xx_hal_rcc.o
    0x08000b64   0x0000002c   Code   RO         1402    i.HAL_RCC_GetPCLK1Freq  stm32f4xx_hal_rcc.o
    0x08000b90   0x0000002c   Code   RO         1403    i.HAL_RCC_GetPCLK2Freq  stm32f4xx_hal_rcc.o
    0x08000bbc   0x00000084   Code   RO         1404    i.HAL_RCC_GetSysClockFreq  stm32f4xx_hal_rcc.o
    0x08000c40   0x00000334   Code   RO         1407    i.HAL_RCC_OscConfig  stm32f4xx_hal_rcc.o
    0x08000f74   0x00000002   Code   RO          653    i.HAL_SYSTICK_Callback  stm32f4xx_hal_cortex.o
    0x08000f76   0x00000028   Code   RO          654    i.HAL_SYSTICK_Config  stm32f4xx_hal_cortex.o
    0x08000f9e   0x00000008   Code   RO          655    i.HAL_SYSTICK_IRQHandler  stm32f4xx_hal_cortex.o
    0x08000fa6   0x0000005c   Code   RO         1537    i.HAL_UART_Init     stm32f4xx_hal_uart.o
    0x08001002   0x00000002   PAD
    0x08001004   0x00000094   Code   RO          186    i.HAL_UART_MspInit  usart.o
    0x08001098   0x0000024c   Code   RO         1125    i.HCD_HC_IN_IRQHandler  stm32f4xx_hal_hcd.o
    0x080012e4   0x00000236   Code   RO         1126    i.HCD_HC_OUT_IRQHandler  stm32f4xx_hal_hcd.o
    0x0800151a   0x0000009c   Code   RO         1127    i.HCD_Port_IRQHandler  stm32f4xx_hal_hcd.o
    0x080015b6   0x00000002   PAD
    0x080015b8   0x00000078   Code   RO         1128    i.HCD_RXQLVL_IRQHandler  stm32f4xx_hal_hcd.o
    0x08001630   0x0000005c   Code   RO           12    i.MX_GPIO_Init      gpio.o
    0x0800168c   0x00000028   Code   RO          187    i.MX_UART4_Init     usart.o
    0x080016b4   0x00000028   Code   RO          188    i.MX_USART2_UART_Init  usart.o
    0x080016dc   0x00000028   Code   RO          189    i.MX_USART3_UART_Init  usart.o
    0x08001704   0x00000050   Code   RO          235    i.MX_USB_HOST_Init  usb_host.o
    0x08001754   0x0000001c   Code   RO          236    i.MX_USB_HOST_Process  usb_host.o
    0x08001770   0x00000020   Code   RO          656    i.NVIC_SetPriority  stm32f4xx_hal_cortex.o
    0x08001790   0x00000018   Code   RO          149    i.OTG_FS_IRQHandler  stm32f4xx_it.o
    0x080017a8   0x00000018   Code   RO          150    i.OTG_HS_IRQHandler  stm32f4xx_it.o
    0x080017c0   0x0000000e   Code   RO          151    i.SysTick_Handler   stm32f4xx_it.o
    0x080017ce   0x00000002   PAD
    0x080017d0   0x00000064   Code   RO          116    i.SystemClock_Config  main.o
    0x08001834   0x00000054   Code   RO          468    i.SystemInit        system_stm32f4xx.o
    0x08001888   0x00000178   Code   RO         1556    i.UART_SetConfig    stm32f4xx_hal_uart.o
    0x08001a00   0x00000034   Code   RO         2716    i.USBH_AllocPipe    usbh_pipes.o
    0x08001a34   0x00000022   Code   RO         2648    i.USBH_BulkReceiveData  usbh_ioreq.o
    0x08001a56   0x00000026   Code   RO         2649    i.USBH_BulkSendData  usbh_ioreq.o
    0x08001a7c   0x0000000a   Code   RO         2717    i.USBH_ClosePipe    usbh_pipes.o
    0x08001a86   0x0000001e   Code   RO         2564    i.USBH_ClrFeature   usbh_ctlreq.o
    0x08001aa4   0x00000020   Code   RO         2650    i.USBH_CtlReceiveData  usbh_ioreq.o
    0x08001ac4   0x00000036   Code   RO         2565    i.USBH_CtlReq       usbh_ctlreq.o
    0x08001afa   0x00000026   Code   RO         2651    i.USBH_CtlSendData  usbh_ioreq.o
    0x08001b20   0x0000001c   Code   RO         2652    i.USBH_CtlSendSetup  usbh_ioreq.o
    0x08001b3c   0x00000004   Code   RO          330    i.USBH_Delay        usbh_conf.o
    0x08001b40   0x00000044   Code   RO         2453    i.USBH_FindInterface  usbh_core.o
    0x08001b84   0x00000018   Code   RO         2718    i.USBH_FreePipe     usbh_pipes.o
    0x08001b9c   0x00000038   Code   RO         2566    i.USBH_GetDescriptor  usbh_ctlreq.o
    0x08001bd4   0x0000000e   Code   RO         2567    i.USBH_GetNextDesc  usbh_ctlreq.o
    0x08001be2   0x0000002c   Code   RO         2568    i.USBH_Get_CfgDesc  usbh_ctlreq.o
    0x08001c0e   0x0000007e   Code   RO         2569    i.USBH_Get_DevDesc  usbh_ctlreq.o
    0x08001c8c   0x00000048   Code   RO         2570    i.USBH_Get_StringDesc  usbh_ctlreq.o
    0x08001cd4   0x0000009c   Code   RO         2032    i.USBH_HID_ClassRequest  usbh_hid.o
    0x08001d70   0x00000002   Code   RO         2033    i.USBH_HID_EventCallback  usbh_hid.o
    0x08001d72   0x00000014   Code   RO         2035    i.USBH_HID_GetHIDDescriptor  usbh_hid.o
    0x08001d86   0x00000014   Code   RO         2036    i.USBH_HID_GetHIDReportDescriptor  usbh_hid.o
    0x08001d9a   0x00000022   Code   RO         2038    i.USBH_HID_GetReport  usbh_hid.o
    0x08001dbc   0x00000044   Code   RO         2039    i.USBH_HID_InterfaceDeInit  usbh_hid.o
    0x08001e00   0x0000015c   Code   RO         2040    i.USBH_HID_InterfaceInit  usbh_hid.o
    0x08001f5c   0x00000054   Code   RO         2171    i.USBH_HID_KeybdInit  usbh_hid_keybd.o
    0x08001fb0   0x0000003c   Code   RO         2212    i.USBH_HID_MouseInit  usbh_hid_mouse.o
    0x08001fec   0x000000c0   Code   RO         2041    i.USBH_HID_Process  usbh_hid.o
    0x080020ac   0x00000022   Code   RO         2042    i.USBH_HID_SOFProcess  usbh_hid.o
    0x080020ce   0x0000001a   Code   RO         2043    i.USBH_HID_SetIdle  usbh_hid.o
    0x080020e8   0x0000001e   Code   RO         2044    i.USBH_HID_SetProtocol  usbh_hid.o
    0x08002106   0x0000017e   Code   RO         2571    i.USBH_HandleControl  usbh_ctlreq.o
    0x08002284   0x000000f2   Code   RO         2456    i.USBH_HandleEnum   usbh_core.o
    0x08002376   0x00000030   Code   RO         2457    i.USBH_Init         usbh_core.o
    0x080023a6   0x00000022   Code   RO         2653    i.USBH_InterruptReceiveData  usbh_ioreq.o
    0x080023c8   0x0000000e   Code   RO          331    i.USBH_LL_ClosePipe  usbh_conf.o
    0x080023d6   0x0000002c   Code   RO         2458    i.USBH_LL_Connect   usbh_core.o
    0x08002402   0x00000038   Code   RO         2459    i.USBH_LL_Disconnect  usbh_core.o
    0x0800243a   0x0000000c   Code   RO          333    i.USBH_LL_DriverVBUS  usbh_conf.o
    0x08002446   0x00000008   Code   RO          334    i.USBH_LL_GetLastXferSize  usbh_conf.o
    0x0800244e   0x00000022   Code   RO          335    i.USBH_LL_GetSpeed  usbh_conf.o
    0x08002470   0x0000001e   Code   RO          336    i.USBH_LL_GetToggle  usbh_conf.o
    0x0800248e   0x00000008   Code   RO          337    i.USBH_LL_GetURBState  usbh_conf.o
    0x08002496   0x0000001e   Code   RO         2460    i.USBH_LL_IncTimer  usbh_core.o
    0x080024b4   0x0000009c   Code   RO          338    i.USBH_LL_Init      usbh_conf.o
    0x08002550   0x0000001a   Code   RO          339    i.USBH_LL_OpenPipe  usbh_conf.o
    0x0800256a   0x0000000e   Code   RO          340    i.USBH_LL_ResetPort  usbh_conf.o
    0x08002578   0x00000006   Code   RO         2461    i.USBH_LL_SetTimer  usbh_core.o
    0x0800257e   0x00000020   Code   RO          341    i.USBH_LL_SetToggle  usbh_conf.o
    0x0800259e   0x0000000e   Code   RO          342    i.USBH_LL_Start     usbh_conf.o
    0x080025ac   0x0000000e   Code   RO          343    i.USBH_LL_Stop      usbh_conf.o
    0x080025ba   0x0000001a   Code   RO          344    i.USBH_LL_SubmitURB  usbh_conf.o
    0x080025d4   0x0000001e   Code   RO         2358    i.USBH_MSC_BOT_Abort  usbh_msc_bot.o
    0x080025f2   0x00000002   PAD
    0x080025f4   0x00000028   Code   RO         2359    i.USBH_MSC_BOT_Init  usbh_msc_bot.o
    0x0800261c   0x000001dc   Code   RO         2360    i.USBH_MSC_BOT_Process  usbh_msc_bot.o
    0x080027f8   0x00000016   Code   RO         2361    i.USBH_MSC_BOT_REQ_GetMaxLUN  usbh_msc_bot.o
    0x0800280e   0x00000016   Code   RO         2362    i.USBH_MSC_BOT_REQ_Reset  usbh_msc_bot.o
    0x08002824   0x00000062   Code   RO         2271    i.USBH_MSC_ClassRequest  usbh_msc.o
    0x08002886   0x0000004a   Code   RO         2274    i.USBH_MSC_InterfaceDeInit  usbh_msc.o
    0x080028d0   0x0000014c   Code   RO         2275    i.USBH_MSC_InterfaceInit  usbh_msc.o
    0x08002a1c   0x00000290   Code   RO         2277    i.USBH_MSC_Process  usbh_msc.o
    0x08002cac   0x000000c0   Code   RO         2401    i.USBH_MSC_SCSI_Inquiry  usbh_msc_scsi.o
    0x08002d6c   0x00000080   Code   RO         2403    i.USBH_MSC_SCSI_ReadCapacity  usbh_msc_scsi.o
    0x08002dec   0x00000094   Code   RO         2404    i.USBH_MSC_SCSI_RequestSense  usbh_msc_scsi.o
    0x08002e80   0x00000052   Code   RO         2405    i.USBH_MSC_SCSI_TestUnitReady  usbh_msc_scsi.o
    0x08002ed2   0x00000004   Code   RO         2280    i.USBH_MSC_SOFProcess  usbh_msc.o
    0x08002ed6   0x00000016   Code   RO         2719    i.USBH_OpenPipe     usbh_pipes.o
    0x08002eec   0x000000e8   Code   RO         2572    i.USBH_ParseCfgDesc  usbh_ctlreq.o
    0x08002fd4   0x0000015c   Code   RO         2462    i.USBH_Process      usbh_core.o
    0x08003130   0x0000001c   Code   RO         2464    i.USBH_RegisterClass  usbh_core.o
    0x0800314c   0x00000016   Code   RO         2465    i.USBH_SelectInterface  usbh_core.o
    0x08003162   0x0000001c   Code   RO         2573    i.USBH_SetAddress   usbh_ctlreq.o
    0x0800317e   0x0000001c   Code   RO         2574    i.USBH_SetCfg       usbh_ctlreq.o
    0x0800319a   0x00000014   Code   RO         2466    i.USBH_Start        usbh_core.o
    0x080031ae   0x00000002   PAD
    0x080031b0   0x00000020   Code   RO          237    i.USBH_UserProcess1  usb_host.o
    0x080031d0   0x00000020   Code   RO          238    i.USBH_UserProcess2  usb_host.o
    0x080031f0   0x0000006c   Code   RO         1758    i.USB_CoreInit      stm32f4xx_ll_usb.o
    0x0800325c   0x00000034   Code   RO         1759    i.USB_CoreReset     stm32f4xx_ll_usb.o
    0x08003290   0x0000000c   Code   RO         1765    i.USB_DisableGlobalInt  stm32f4xx_ll_usb.o
    0x0800329c   0x00000054   Code   RO         1766    i.USB_DoPing        stm32f4xx_ll_usb.o
    0x080032f0   0x00000024   Code   RO         1767    i.USB_DriveVbus     stm32f4xx_ll_usb.o
    0x08003314   0x0000000c   Code   RO         1773    i.USB_EnableGlobalInt  stm32f4xx_ll_usb.o
    0x08003320   0x00000020   Code   RO         1774    i.USB_FlushRxFifo   stm32f4xx_ll_usb.o
    0x08003340   0x00000024   Code   RO         1775    i.USB_FlushTxFifo   stm32f4xx_ll_usb.o
    0x08003364   0x00000008   Code   RO         1776    i.USB_GetCurrentFrame  stm32f4xx_ll_usb.o
    0x0800336c   0x0000000a   Code   RO         1778    i.USB_GetHostSpeed  stm32f4xx_ll_usb.o
    0x08003376   0x00000008   Code   RO         1779    i.USB_GetMode       stm32f4xx_ll_usb.o
    0x0800337e   0x00000176   Code   RO         1780    i.USB_HC_Halt       stm32f4xx_ll_usb.o
    0x080034f4   0x000000ee   Code   RO         1781    i.USB_HC_Init       stm32f4xx_ll_usb.o
    0x080035e2   0x0000000c   Code   RO         1782    i.USB_HC_ReadInterrupt  stm32f4xx_ll_usb.o
    0x080035ee   0x00000002   PAD
    0x080035f0   0x00000190   Code   RO         1783    i.USB_HC_StartXfer  stm32f4xx_ll_usb.o
    0x08003780   0x000000d8   Code   RO         1784    i.USB_HostInit      stm32f4xx_ll_usb.o
    0x08003858   0x00000036   Code   RO         1785    i.USB_InitFSLSPClkSel  stm32f4xx_ll_usb.o
    0x0800388e   0x00000008   Code   RO         1790    i.USB_ReadInterrupts  stm32f4xx_ll_usb.o
    0x08003896   0x0000001e   Code   RO         1791    i.USB_ReadPacket    stm32f4xx_ll_usb.o
    0x080038b4   0x00000024   Code   RO         1792    i.USB_ResetPort     stm32f4xx_ll_usb.o
    0x080038d8   0x0000002c   Code   RO         1793    i.USB_SetCurrentMode  stm32f4xx_ll_usb.o
    0x08003904   0x000000b2   Code   RO         1797    i.USB_StopHost      stm32f4xx_ll_usb.o
    0x080039b6   0x0000002c   Code   RO         1798    i.USB_WritePacket   stm32f4xx_ll_usb.o
    0x080039e2   0x0000000e   Code   RO         2802    i.__scatterload_copy  mc_w.l(handlers.o)
    0x080039f0   0x00000002   Code   RO         2803    i.__scatterload_null  mc_w.l(handlers.o)
    0x080039f2   0x0000000e   Code   RO         2804    i.__scatterload_zeroinit  mc_w.l(handlers.o)
    0x08003a00   0x0000000e   Code   RO         2046    i.fifo_init         usbh_hid.o
    0x08003a0e   0x00000050   Code   RO         2048    i.fifo_write        usbh_hid.o
    0x08003a5e   0x00000002   PAD
    0x08003a60   0x00000050   Code   RO         2761    i.free              mc_w.l(malloc.o)
    0x08003ab0   0x00000032   Code   RO          117    i.main              main.o
    0x08003ae2   0x00000002   PAD
    0x08003ae4   0x0000006c   Code   RO         2762    i.malloc            mc_w.l(malloc.o)
    0x08003b50   0x00000010   Data   RO         1408    .constdata          stm32f4xx_hal_rcc.o
    0x08003b60   0x00000004   Data   RO         2049    .conststring        usbh_hid.o
    0x08003b64   0x00000004   Data   RO         2283    .conststring        usbh_msc.o
    0x08003b68   0x00000020   Data   RO         2800    Region$$Table       anon$$obj.o


    Execution Region RW_IRAM1 (Base: 0x20000000, Size: 0x000011f0, Max: 0x00020000, ABSOLUTE)

    Base Addr    Size         Type   Attr      Idx    E Section Name        Object

    0x20000000   0x00000001   Data   RW          240    .data               usb_host.o
    0x20000001   0x00000003   PAD
    0x20000004   0x00000014   Data   RW          469    .data               system_stm32f4xx.o
    0x20000018   0x00000004   Data   RW          520    .data               stm32f4xx_hal.o
    0x2000001c   0x00000020   Data   RW         2050    .data               usbh_hid.o
    0x2000003c   0x00000008   Data   RW         2174    .data               usbh_hid_keybd.o
    0x20000044   0x00000009   Data   RW         2214    .data               usbh_hid_mouse.o
    0x2000004d   0x00000003   PAD
    0x20000050   0x00000020   Data   RW         2284    .data               usbh_msc.o
    0x20000070   0x00000004   Data   RW         2796    .data               mc_w.l(mvars.o)
    0x20000074   0x00000004   Data   RW         2797    .data               mc_w.l(mvars.o)
    0x20000078   0x000000b4   Zero   RW          190    .bss                usart.o
    0x2000012c   0x00000590   Zero   RW          239    .bss                usb_host.o
    0x200006bc   0x00000520   Zero   RW          345    .bss                usbh_conf.o
    0x20000bdc   0x0000000f   Zero   RW         2172    .bss                usbh_hid_keybd.o
    0x20000beb   0x00000005   PAD
    0x20000bf0   0x00000200   Zero   RW            2    HEAP                startup_stm32f407xx.o
    0x20000df0   0x00000400   Zero   RW            1    STACK               startup_stm32f407xx.o


==============================================================================

Image component sizes


      Code (inc. data)   RO Data    RW Data    ZI Data      Debug   Object Name

        92         16          0          0          0     304403   gpio.o
       150          8          0          0          0       1476   main.o
        36          8        392          0       1536        912   startup_stm32f407xx.o
       140         16          0          4          0       4324   stm32f4xx_hal.o
       230         24          0          0          0      31618   stm32f4xx_hal_cortex.o
       452         54          0          0          0       2596   stm32f4xx_hal_gpio.o
      2246          6          0          0          0      12821   stm32f4xx_hal_hcd.o
      1532         72         16          0          0       5807   stm32f4xx_hal_rcc.o
       468         10          0          0          0       1888   stm32f4xx_hal_uart.o
        62         12          0          0          0       1386   stm32f4xx_it.o
      2032         46          0          0          0      15981   stm32f4xx_ll_usb.o
        84         18          0         20          0       1221   system_stm32f4xx.o
       268         52          0          0        180       2346   usart.o
       172         44          0          1       1424      24868   usb_host.o
       622         32          0          0       1312      10724   usbh_conf.o
       982         20          0          0          0       9060   usbh_core.o
      1066         12          0          0          0       9460   usbh_ctlreq.o
      1024         24          4         32          0      14385   usbh_hid.o
        84         10          0          8         15       2028   usbh_hid_keybd.o
        60          6          0          9          0       1584   usbh_hid_mouse.o
       204          0          0          0          0       4852   usbh_ioreq.o
      1164         10          4         32          0       5939   usbh_msc.o
       590         26          0          0          0       4581   usbh_msc_bot.o
       550          0          0          0          0       4044   usbh_msc_scsi.o
       108          0          0          0          0       3142   usbh_pipes.o

    ----------------------------------------------------------------------
     14442        526        448        112       4472     481446   Object Totals
         0          0         32          0          0          0   (incl. Generated)
        24          0          0          6          5          0   (incl. Padding)

    ----------------------------------------------------------------------

      Code (inc. data)   RO Data    RW Data    ZI Data      Debug   Library Member Name

         0          0          0          0          0          0   entry.o
         8          4          0          0          0          0   entry2.o
         4          0          0          0          0          0   entry5.o
         0          0          0          0          0          0   entry7b.o
         8          4          0          0          0          0   entry8.o
        30          0          0          0          0          0   handlers.o
        36          8          0          0          0         68   init.o
       188         20          0          0          0        160   malloc.o
        36          0          0          0          0         68   memcpya.o
        38          0          0          0          0        108   memseta.o
         0          0          0          8          0          0   mvars.o

    ----------------------------------------------------------------------
       350         36          0          8          0        404   Library Totals
         2          0          0          0          0          0   (incl. Padding)

    ----------------------------------------------------------------------

      Code (inc. data)   RO Data    RW Data    ZI Data      Debug   Library Name

       348         36          0          8          0        404   mc_w.l

    ----------------------------------------------------------------------
       350         36          0          8          0        404   Library Totals

    ----------------------------------------------------------------------

==============================================================================


      Code (inc. data)   RO Data    RW Data    ZI Data      Debug   

     14792        562        448        120       4472     466594   Grand Totals
     14792        562        448        120       4472     466594   ELF Image Totals
     14792        562        448        120          0          0   ROM Totals

==============================================================================

    Total RO  Size (Code + RO Data)                15240 (  14.88kB)
    Total RW  Size (RW Data + ZI Data)              4592 (   4.48kB)
    Total ROM Size (Code + RO Data + RW Data)      15360 (  15.00kB)

==============================================================================

