<html>
<body>
<pre>
<h1>µVision Build Log</h1>
<h2>Project:</h2>
F:\waston\stm32f407_aoa\Projects\MDK-ARM\waston.uvproj
Project File Date:  03/05/2015

<h2>Output:</h2>
Build target 'waston Configuration'
linking...
Program Size: Code=25168 RO-data=888 RW-data=260 ZI-data=70404  
"waston Configuration\waston Configuration.axf" - 0 Error(s), 0 Warning(s).
Build target 'waston Configuration'
compiling stm32f4xx_hal_hcd.c...
linking...
Program Size: Code=25168 RO-data=888 RW-data=260 ZI-data=70404  
"waston Configuration\waston Configuration.axf" - 0 Error(s), 0 Warning(s).
Build target 'waston Configuration'
linking...
Program Size: Code=25168 RO-data=888 RW-data=260 ZI-data=70404  
"waston Configuration\waston Configuration.axf" - 0 Error(s), 0 Warning(s).
Load "waston Configuration\\waston Configuration.AXF" 
Build target 'waston Configuration'
linking...
Program Size: Code=25168 RO-data=888 RW-data=260 ZI-data=70404  
"waston Configuration\waston Configuration.axf" - 0 Error(s), 0 Warning(s).
Load "waston Configuration\\waston Configuration.AXF" 
Build target 'waston Configuration'
compiling main.c...
linking...
Program Size: Code=25012 RO-data=888 RW-data=260 ZI-data=70340  
"waston Configuration\waston Configuration.axf" - 0 Error(s), 0 Warning(s).
Load "waston Configuration\\waston Configuration.AXF" 
Build target 'waston Configuration'
compiling stm32f4xx_hal_hcd.c...
linking...
Program Size: Code=25000 RO-data=888 RW-data=260 ZI-data=70340  
"waston Configuration\waston Configuration.axf" - 0 Error(s), 0 Warning(s).
Load "waston Configuration\\waston Configuration.AXF" 
Build target 'waston Configuration'
compiling stm32f4xx_hal_hcd.c...
linking...
Program Size: Code=25012 RO-data=888 RW-data=260 ZI-data=70340  
"waston Configuration\waston Configuration.axf" - 0 Error(s), 0 Warning(s).
Build target 'waston Configuration'
linking...
Program Size: Code=25012 RO-data=888 RW-data=260 ZI-data=70340  
"waston Configuration\waston Configuration.axf" - 0 Error(s), 0 Warning(s).
Build target 'waston Configuration'
compiling stm32f4xx_hal_hcd.c...
linking...
Program Size: Code=25032 RO-data=888 RW-data=260 ZI-data=70340  
"waston Configuration\waston Configuration.axf" - 0 Error(s), 0 Warning(s).
Build target 'waston Configuration'
linking...
Program Size: Code=25032 RO-data=888 RW-data=260 ZI-data=70340  
"waston Configuration\waston Configuration.axf" - 0 Error(s), 0 Warning(s).
Load "waston Configuration\\waston Configuration.AXF" 
Rebuild target 'waston Configuration'
assembling startup_stm32f407xx.s...
compiling gpio.c...
compiling main.c...
compiling stm32f4xx_it.c...
compiling usart.c...
compiling usb_host.c...
compiling usbh_conf.c...
compiling uart_printf.c...
compiling dma.c...
compiling time.c...
compiling system_stm32f4xx.c...
compiling stm32f4xx_hal.c...
compiling stm32f4xx_hal_cortex.c...
compiling stm32f4xx_hal_dma.c...
compiling stm32f4xx_hal_dma_ex.c...
compiling stm32f4xx_hal_flash.c...
compiling stm32f4xx_hal_flash_ex.c...
compiling stm32f4xx_hal_flash_ramfunc.c...
compiling stm32f4xx_hal_gpio.c...
compiling stm32f4xx_hal_hcd.c...
compiling stm32f4xx_hal_pwr.c...
compiling stm32f4xx_hal_pwr_ex.c...
compiling stm32f4xx_hal_rcc.c...
compiling stm32f4xx_hal_rcc_ex.c...
compiling stm32f4xx_hal_uart.c...
compiling stm32f4xx_ll_usb.c...
compiling stm32f4xx_hal_tim_ex.c...
compiling stm32f4xx_hal_tim.c...
compiling usbh_core.c...
compiling usbh_ctlreq.c...
compiling usbh_ioreq.c...
compiling usbh_pipes.c...
compiling usbh_adk_core.c...
linking...
Program Size: Code=25032 RO-data=888 RW-data=260 ZI-data=70340  
"waston Configuration\waston Configuration.axf" - 0 Error(s), 0 Warning(s).
Load "waston Configuration\\waston Configuration.AXF" 
Build target 'waston Configuration'
linking...
Program Size: Code=25032 RO-data=888 RW-data=260 ZI-data=70340  
"waston Configuration\waston Configuration.axf" - 0 Error(s), 0 Warning(s).
Load "waston Configuration\\waston Configuration.AXF" 
Build target 'waston Configuration'
linking...
Program Size: Code=25032 RO-data=888 RW-data=260 ZI-data=70340  
"waston Configuration\waston Configuration.axf" - 0 Error(s), 0 Warning(s).
Load "waston Configuration\\waston Configuration.AXF" 
Build target 'waston Configuration'
linking...
Program Size: Code=25032 RO-data=888 RW-data=260 ZI-data=70340  
"waston Configuration\waston Configuration.axf" - 0 Error(s), 0 Warning(s).
Load "waston Configuration\\waston Configuration.AXF" 
Build target 'waston Configuration'
compiling usbh_adk_core.c...
..\..\Middlewares\ST\STM32_USB_Host_Library\Class\AOA\Src\usbh_adk_core.c(236): error:  #20: identifier "pdev" is undefined
..\..\Middlewares\ST\STM32_USB_Host_Library\Class\AOA\Src\usbh_adk_core.c(236): error:  #167: argument of type "USBH_HandleTypeDef *" is incompatible with parameter of type "uint8_t"
..\..\Middlewares\ST\STM32_USB_Host_Library\Class\AOA\Src\usbh_adk_core.c(236): error:  #140: too many arguments in function call
..\..\Middlewares\ST\STM32_USB_Host_Library\Class\AOA\Src\usbh_adk_core.c(239): error:  #20: identifier "pphost" is undefined
..\..\Middlewares\ST\STM32_USB_Host_Library\Class\AOA\Src\usbh_adk_core.c(255): error:  #20: identifier "pdev" is undefined
Target not created
Build target 'waston Configuration'
compiling usbh_adk_core.c...
..\..\Middlewares\ST\STM32_USB_Host_Library\Class\AOA\Src\usbh_adk_core.c(241): error:  #20: identifier "pphost" is undefined
..\..\Middlewares\ST\STM32_USB_Host_Library\Class\AOA\Src\usbh_adk_core.c(257): error:  #20: identifier "pdev" is undefined
Target not created
Build target 'waston Configuration'
compiling usbh_adk_core.c...
..\..\Middlewares\ST\STM32_USB_Host_Library\Class\AOA\Src\usbh_adk_core.c(241): error:  #20: identifier "pphost" is undefined
Target not created
Build target 'waston Configuration'
compiling usbh_adk_core.c...
linking...
Program Size: Code=25176 RO-data=888 RW-data=260 ZI-data=70340  
"waston Configuration\waston Configuration.axf" - 0 Error(s), 0 Warning(s).
Load "waston Configuration\\waston Configuration.AXF" 
Build target 'waston Configuration'
compiling usbh_core.c...
compiling usbh_adk_core.c...
linking...
Program Size: Code=25032 RO-data=888 RW-data=260 ZI-data=70340  
"waston Configuration\waston Configuration.axf" - 0 Error(s), 0 Warning(s).
Load "waston Configuration\\waston Configuration.AXF" 
Build target 'waston Configuration'
compiling usbh_adk_core.c...
linking...
Program Size: Code=25032 RO-data=888 RW-data=260 ZI-data=70340  
"waston Configuration\waston Configuration.axf" - 0 Error(s), 0 Warning(s).
Build target 'waston Configuration'
compiling usbh_adk_core.c...
linking...
Program Size: Code=25052 RO-data=888 RW-data=260 ZI-data=70340  
"waston Configuration\waston Configuration.axf" - 0 Error(s), 0 Warning(s).
Load "waston Configuration\\waston Configuration.AXF" 
Build target 'waston Configuration'
compiling usbh_core.c...
compiling usbh_adk_core.c...
linking...
Program Size: Code=25020 RO-data=888 RW-data=260 ZI-data=70340  
"waston Configuration\waston Configuration.axf" - 0 Error(s), 0 Warning(s).
Load "waston Configuration\\waston Configuration.AXF" 
Build target 'waston Configuration'
compiling main.c...
linking...
Program Size: Code=25176 RO-data=888 RW-data=260 ZI-data=70404  
"waston Configuration\waston Configuration.axf" - 0 Error(s), 0 Warning(s).
Load "waston Configuration\\waston Configuration.AXF" 
Build target 'waston Configuration'
compiling usbh_adk_core.c...
linking...
Program Size: Code=25192 RO-data=888 RW-data=260 ZI-data=70404  
"waston Configuration\waston Configuration.axf" - 0 Error(s), 0 Warning(s).
Build target 'waston Configuration'
linking...
Program Size: Code=25192 RO-data=888 RW-data=260 ZI-data=70404  
"waston Configuration\waston Configuration.axf" - 0 Error(s), 0 Warning(s).
Load "waston Configuration\\waston Configuration.AXF" 
Build target 'waston Configuration'
compiling usbh_adk_core.c...
linking...
Program Size: Code=25192 RO-data=888 RW-data=260 ZI-data=70404  
"waston Configuration\waston Configuration.axf" - 0 Error(s), 0 Warning(s).
