ARM Linker, 4.1 [Build 894] [Standard]

==============================================================================

Section Cross References

    startup_stm32f407xx.o(RESET) refers to startup_stm32f407xx.o(STACK) for __initial_sp
    startup_stm32f407xx.o(RESET) refers to startup_stm32f407xx.o(.text) for Reset_Handler
    startup_stm32f407xx.o(RESET) refers to stm32f4xx_it.o(i.SysTick_Handler) for SysTick_Handler
    startup_stm32f407xx.o(RESET) refers to stm32f4xx_it.o(i.DMA1_Stream6_IRQHandler) for DMA1_Stream6_IRQHandler
    startup_stm32f407xx.o(RESET) refers to stm32f4xx_it.o(i.TIM2_IRQHandler) for TIM2_IRQHandler
    startup_stm32f407xx.o(RESET) refers to stm32f4xx_it.o(i.OTG_FS_IRQHandler) for OTG_FS_IRQHandler
    startup_stm32f407xx.o(RESET) refers to stm32f4xx_it.o(i.OTG_HS_IRQHandler) for OTG_HS_IRQHandler
    startup_stm32f407xx.o(.text) refers to system_stm32f4xx.o(i.SystemInit) for SystemInit
    startup_stm32f407xx.o(.text) refers to entry.o(.ARM.Collect$$$$00000000) for __main
    gpio.o(i.MX_GPIO_Init) refers to stm32f4xx_hal_gpio.o(i.HAL_GPIO_Init) for HAL_GPIO_Init
    main.o(i.SystemClock_Config) refers to stm32f4xx_hal_rcc.o(i.HAL_RCC_OscConfig) for HAL_RCC_OscConfig
    main.o(i.SystemClock_Config) refers to stm32f4xx_hal_rcc.o(i.HAL_RCC_ClockConfig) for HAL_RCC_ClockConfig
    main.o(i.main) refers to stm32f4xx_hal.o(i.HAL_Init) for HAL_Init
    main.o(i.main) refers to malloc.o(i.malloc) for malloc
    main.o(i.main) refers to main.o(i.SystemClock_Config) for SystemClock_Config
    main.o(i.main) refers to stm32f4xx_hal_cortex.o(i.HAL_NVIC_SetPriorityGrouping) for HAL_NVIC_SetPriorityGrouping
    main.o(i.main) refers to stm32f4xx_hal_cortex.o(i.HAL_NVIC_SetPriority) for HAL_NVIC_SetPriority
    main.o(i.main) refers to gpio.o(i.MX_GPIO_Init) for MX_GPIO_Init
    main.o(i.main) refers to dma.o(i.MX_DMA_Init) for MX_DMA_Init
    main.o(i.main) refers to usart.o(i.MX_UART4_Init) for MX_UART4_Init
    main.o(i.main) refers to usart.o(i.MX_USART2_UART_Init) for MX_USART2_UART_Init
    main.o(i.main) refers to printf8.o(i.__0printf$8) for __2printf
    main.o(i.main) refers to stm32f4xx_hal.o(i.HAL_Delay) for HAL_Delay
    main.o(i.main) refers to usart.o(i.MX_USART3_UART_Init) for MX_USART3_UART_Init
    main.o(i.main) refers to usb_host.o(i.MX_USB_HOST_Init) for MX_USB_HOST_Init
    main.o(i.main) refers to time.o(i.time_init) for time_init
    main.o(i.main) refers to time.o(i.StartTimeCount) for StartTimeCount
    main.o(i.main) refers to uart_printf.o(i.uart_hl_print) for uart_hl_print
    main.o(i.main) refers to usb_host.o(i.MX_USB_HOST_Process) for MX_USB_HOST_Process
    main.o(i.main) refers to main.o(.data) for .data
    stm32f4xx_it.o(i.DMA1_Stream6_IRQHandler) refers to stm32f4xx_hal_dma.o(i.HAL_DMA_IRQHandler) for HAL_DMA_IRQHandler
    stm32f4xx_it.o(i.DMA1_Stream6_IRQHandler) refers to usart.o(.bss) for hdma_usart2_tx
    stm32f4xx_it.o(i.OTG_FS_IRQHandler) refers to stm32f4xx_hal_cortex.o(i.HAL_NVIC_ClearPendingIRQ) for HAL_NVIC_ClearPendingIRQ
    stm32f4xx_it.o(i.OTG_FS_IRQHandler) refers to stm32f4xx_hal_hcd.o(i.HAL_HCD_IRQHandler) for HAL_HCD_IRQHandler
    stm32f4xx_it.o(i.OTG_FS_IRQHandler) refers to usbh_conf.o(.bss) for hhcd_USB_OTG_FS
    stm32f4xx_it.o(i.OTG_HS_IRQHandler) refers to stm32f4xx_hal_cortex.o(i.HAL_NVIC_ClearPendingIRQ) for HAL_NVIC_ClearPendingIRQ
    stm32f4xx_it.o(i.OTG_HS_IRQHandler) refers to stm32f4xx_hal_hcd.o(i.HAL_HCD_IRQHandler) for HAL_HCD_IRQHandler
    stm32f4xx_it.o(i.OTG_HS_IRQHandler) refers to usbh_conf.o(.bss) for hhcd_USB_OTG_HS
    stm32f4xx_it.o(i.SysTick_Handler) refers to stm32f4xx_hal.o(i.HAL_IncTick) for HAL_IncTick
    stm32f4xx_it.o(i.SysTick_Handler) refers to stm32f4xx_hal_cortex.o(i.HAL_SYSTICK_IRQHandler) for HAL_SYSTICK_IRQHandler
    stm32f4xx_it.o(i.SysTick_Handler) refers to uart_printf.o(i.uart_ll_print) for uart_ll_print
    stm32f4xx_it.o(i.TIM2_IRQHandler) refers to stm32f4xx_hal_tim.o(i.HAL_TIM_IRQHandler) for HAL_TIM_IRQHandler
    stm32f4xx_it.o(i.TIM2_IRQHandler) refers to time.o(.bss) for htim2
    usart.o(i.HAL_UART_MspDeInit) refers to stm32f4xx_hal_gpio.o(i.HAL_GPIO_DeInit) for HAL_GPIO_DeInit
    usart.o(i.HAL_UART_MspDeInit) refers to stm32f4xx_hal_dma.o(i.HAL_DMA_DeInit) for HAL_DMA_DeInit
    usart.o(i.HAL_UART_MspInit) refers to stm32f4xx_hal_gpio.o(i.HAL_GPIO_Init) for HAL_GPIO_Init
    usart.o(i.HAL_UART_MspInit) refers to stm32f4xx_hal_dma.o(i.HAL_DMA_Init) for HAL_DMA_Init
    usart.o(i.HAL_UART_MspInit) refers to usart.o(.bss) for .bss
    usart.o(i.HAL_UART_TxCpltCallback) refers to uart_printf.o(i.uart_print_tx_complete_cb) for uart_print_tx_complete_cb
    usart.o(i.HAL_UART_TxCpltCallback) refers to usart.o(.bss) for .bss
    usart.o(i.MX_UART4_Init) refers to stm32f4xx_hal_uart.o(i.HAL_UART_Init) for HAL_UART_Init
    usart.o(i.MX_UART4_Init) refers to usart.o(.bss) for .bss
[...]
    usbh_msc.o(i.USBH_MSC_Process) refers to usbh_msc_scsi.o(i.USBH_MSC_SCSI_Inquiry) for USBH_MSC_SCSI_Inquiry
    usbh_msc.o(i.USBH_MSC_Process) refers to usbh_msc_scsi.o(i.USBH_MSC_SCSI_TestUnitReady) for USBH_MSC_SCSI_TestUnitReady
    usbh_msc.o(i.USBH_MSC_Process) refers to usbh_msc_scsi.o(i.USBH_MSC_SCSI_ReadCapacity) for USBH_MSC_SCSI_ReadCapacity
    usbh_msc.o(i.USBH_MSC_Process) refers to usbh_msc_scsi.o(i.USBH_MSC_SCSI_RequestSense) for USBH_MSC_SCSI_RequestSense
    usbh_msc.o(i.USBH_MSC_RdWrProcess) refers to usbh_msc_scsi.o(i.USBH_MSC_SCSI_Read) for USBH_MSC_SCSI_Read
    usbh_msc.o(i.USBH_MSC_RdWrProcess) refers to usbh_msc_scsi.o(i.USBH_MSC_SCSI_Write) for USBH_MSC_SCSI_Write
    usbh_msc.o(i.USBH_MSC_RdWrProcess) refers to usbh_msc_scsi.o(i.USBH_MSC_SCSI_RequestSense) for USBH_MSC_SCSI_RequestSense
    usbh_msc.o(i.USBH_MSC_RdWrProcess) refers to stm32f4xx_hal.o(i.HAL_GetTick) for HAL_GetTick
    usbh_msc.o(i.USBH_MSC_RdWrProcess) refers to printf8.o(i.__0printf$8) for __2printf
    usbh_msc.o(i.USBH_MSC_Read) refers to usbh_msc_scsi.o(i.USBH_MSC_SCSI_Read) for USBH_MSC_SCSI_Read
    usbh_msc.o(i.USBH_MSC_Read) refers to usbh_msc.o(i.USBH_MSC_RdWrProcess) for USBH_MSC_RdWrProcess
    usbh_msc.o(i.USBH_MSC_Write) refers to usbh_msc_scsi.o(i.USBH_MSC_SCSI_Write) for USBH_MSC_SCSI_Write
    usbh_msc.o(i.USBH_MSC_Write) refers to usbh_msc.o(i.USBH_MSC_RdWrProcess) for USBH_MSC_RdWrProcess
    usbh_msc.o(.data) refers to usbh_msc.o(.conststring) for .conststring
    usbh_msc.o(.data) refers to usbh_msc.o(i.USBH_MSC_InterfaceInit) for USBH_MSC_InterfaceInit
    usbh_msc.o(.data) refers to usbh_msc.o(i.USBH_MSC_InterfaceDeInit) for USBH_MSC_InterfaceDeInit
    usbh_msc.o(.data) refers to usbh_msc.o(i.USBH_MSC_ClassRequest) for USBH_MSC_ClassRequest
    usbh_msc.o(.data) refers to usbh_msc.o(i.USBH_MSC_Process) for USBH_MSC_Process
    usbh_msc.o(.data) refers to usbh_msc.o(i.USBH_MSC_SOFProcess) for USBH_MSC_SOFProcess
    usbh_msc_bot.o(i.USBH_MSC_BOT_Abort) refers to usbh_ctlreq.o(i.USBH_ClrFeature) for USBH_ClrFeature
    usbh_msc_bot.o(i.USBH_MSC_BOT_Process) refers to usbh_conf.o(i.USBH_LL_GetURBState) for USBH_LL_GetURBState
    usbh_msc_bot.o(i.USBH_MSC_BOT_Process) refers to usbh_ioreq.o(i.USBH_BulkReceiveData) for USBH_BulkReceiveData
    usbh_msc_bot.o(i.USBH_MSC_BOT_Process) refers to usbh_ioreq.o(i.USBH_BulkSendData) for USBH_BulkSendData
    usbh_msc_bot.o(i.USBH_MSC_BOT_Process) refers to usbh_conf.o(i.USBH_LL_GetLastXferSize) for USBH_LL_GetLastXferSize
    usbh_msc_bot.o(i.USBH_MSC_BOT_Process) refers to usbh_msc_bot.o(i.USBH_MSC_BOT_Abort) for USBH_MSC_BOT_Abort
    usbh_msc_bot.o(i.USBH_MSC_BOT_Process) refers to usbh_conf.o(i.USBH_LL_GetToggle) for USBH_LL_GetToggle
    usbh_msc_bot.o(i.USBH_MSC_BOT_Process) refers to usbh_conf.o(i.USBH_LL_SetToggle) for USBH_LL_SetToggle
    usbh_msc_bot.o(i.USBH_MSC_BOT_Process) refers to usbh_msc_bot.o(i.USBH_MSC_BOT_REQ_Reset) for USBH_MSC_BOT_REQ_Reset
    usbh_msc_bot.o(i.USBH_MSC_BOT_REQ_GetMaxLUN) refers to usbh_ctlreq.o(i.USBH_CtlReq) for USBH_CtlReq
    usbh_msc_bot.o(i.USBH_MSC_BOT_REQ_Reset) refers to usbh_ctlreq.o(i.USBH_CtlReq) for USBH_CtlReq
    usbh_msc_scsi.o(i.USBH_MSC_SCSI_Inquiry) refers to usbh_msc_bot.o(i.USBH_MSC_BOT_Process) for USBH_MSC_BOT_Process
    usbh_msc_scsi.o(i.USBH_MSC_SCSI_Inquiry) refers to memseta.o(.text) for __aeabi_memclr
    usbh_msc_scsi.o(i.USBH_MSC_SCSI_Inquiry) refers to memcpya.o(.text) for __aeabi_memcpy
    usbh_msc_scsi.o(i.USBH_MSC_SCSI_Read) refers to usbh_msc_bot.o(i.USBH_MSC_BOT_Process) for USBH_MSC_BOT_Process
    usbh_msc_scsi.o(i.USBH_MSC_SCSI_Read) refers to memseta.o(.text) for __aeabi_memclr
    usbh_msc_scsi.o(i.USBH_MSC_SCSI_ReadCapacity) refers to memseta.o(.text) for __aeabi_memclr
    usbh_msc_scsi.o(i.USBH_MSC_SCSI_ReadCapacity) refers to usbh_msc_bot.o(i.USBH_MSC_BOT_Process) for USBH_MSC_BOT_Process
    usbh_msc_scsi.o(i.USBH_MSC_SCSI_RequestSense) refers to usbh_msc_bot.o(i.USBH_MSC_BOT_Process) for USBH_MSC_BOT_Process
    usbh_msc_scsi.o(i.USBH_MSC_SCSI_RequestSense) refers to memseta.o(.text) for __aeabi_memclr
    usbh_msc_scsi.o(i.USBH_MSC_SCSI_TestUnitReady) refers to usbh_msc_bot.o(i.USBH_MSC_BOT_Process) for USBH_MSC_BOT_Process
    usbh_msc_scsi.o(i.USBH_MSC_SCSI_TestUnitReady) refers to memseta.o(.text) for __aeabi_memclr
    usbh_msc_scsi.o(i.USBH_MSC_SCSI_Write) refers to usbh_msc_bot.o(i.USBH_MSC_BOT_Process) for USBH_MSC_BOT_Process
    usbh_msc_scsi.o(i.USBH_MSC_SCSI_Write) refers to memseta.o(.text) for __aeabi_memclr
    usbh_core.o(i.USBH_DeInit) refers to usbh_core.o(i.DeInitStateMachine) for DeInitStateMachine
    usbh_core.o(i.USBH_DeInit) refers to usbh_conf.o(i.USBH_LL_Stop) for USBH_LL_Stop
    usbh_core.o(i.USBH_GetEvent) refers to usbh_core.o(.data) for .data
    usbh_core.o(i.USBH_GetEvent) refers to usbh_core.o(.bss) for .bss
    usbh_core.o(i.USBH_HandleEnum) refers to usbh_ctlreq.o(i.USBH_Get_DevDesc) for USBH_Get_DevDesc
    usbh_core.o(i.USBH_HandleEnum) refers to stm32f4xx_hal.o(i.HAL_GetTick) for HAL_GetTick
    usbh_core.o(i.USBH_HandleEnum) refers to printf8.o(i.__0printf$8) for __2printf
    usbh_core.o(i.USBH_HandleEnum) refers to usbh_ctlreq.o(i.USBH_SetAddress) for USBH_SetAddress
    usbh_core.o(i.USBH_HandleEnum) refers to usbh_conf.o(i.USBH_Delay) for USBH_Delay
    usbh_core.o(i.USBH_HandleEnum) refers to usbh_pipes.o(i.USBH_OpenPipe) for USBH_OpenPipe
    usbh_core.o(i.USBH_HandleEnum) refers to usbh_ctlreq.o(i.USBH_Get_CfgDesc) for USBH_Get_CfgDesc
    usbh_core.o(i.USBH_HandleEnum) refers to usbh_ctlreq.o(i.USBH_Get_StringDesc) for USBH_Get_StringDesc
    usbh_core.o(i.USBH_Init) refers to usbh_core.o(i.DeInitStateMachine) for DeInitStateMachine
    usbh_core.o(i.USBH_Init) refers to usbh_conf.o(i.USBH_LL_Init) for USBH_LL_Init
    usbh_core.o(i.USBH_Init) refers to printf8.o(i.__0printf$8) for __2printf
    usbh_core.o(i.USBH_LL_Connect) refers to time.o(i.GetTimeCount) for GetTimeCount
    usbh_core.o(i.USBH_LL_Connect) refers to usbh_core.o(i.USBH_PutEvent) for USBH_PutEvent
    usbh_core.o(i.USBH_LL_Disconnect) refers to usbh_conf.o(i.USBH_LL_Stop) for USBH_LL_Stop
    usbh_core.o(i.USBH_LL_Disconnect) refers to usbh_conf.o(i.USBH_LL_Start) for USBH_LL_Start
    usbh_core.o(i.USBH_LL_Disconnect) refers to stm32f4xx_hal.o(i.HAL_GetTick) for HAL_GetTick
    usbh_core.o(i.USBH_LL_Disconnect) refers to usbh_core.o(i.USBH_PutEvent) for USBH_PutEvent
    usbh_core.o(i.USBH_LL_PortDown) refers to stm32f4xx_hal.o(i.HAL_GetTick) for HAL_GetTick
    usbh_core.o(i.USBH_LL_PortDown) refers to usbh_core.o(i.USBH_PutEvent) for USBH_PutEvent
    usbh_core.o(i.USBH_LL_PortUp) refers to time.o(i.GetTimeCount) for GetTimeCount
    usbh_core.o(i.USBH_LL_PortUp) refers to usbh_core.o(i.USBH_PutEvent) for USBH_PutEvent
    usbh_core.o(i.USBH_LogSE) refers to stm32f4xx_hal.o(i.HAL_GetTick) for HAL_GetTick
    usbh_core.o(i.USBH_LogSE) refers to printf8.o(i.__0printf$8) for __2printf
    usbh_core.o(i.USBH_LogSE) refers to usbh_core.o(.data) for .data
    usbh_core.o(i.USBH_Print_Descriptor) refers to stm32f4xx_hal.o(i.HAL_GetTick) for HAL_GetTick
    usbh_core.o(i.USBH_Print_Descriptor) refers to printf8.o(i.__0printf$8) for __2printf
    usbh_core.o(i.USBH_Process) refers to stm32f4xx_hal.o(i.HAL_GetTick) for HAL_GetTick
    usbh_core.o(i.USBH_Process) refers to usbh_conf.o(i.USBH_LL_ResetAssert) for USBH_LL_ResetAssert
    usbh_core.o(i.USBH_Process) refers to printf8.o(i.__0printf$8) for __2printf
    usbh_core.o(i.USBH_Process) refers to usbh_conf.o(i.USBH_LL_ResetDeassert) for USBH_LL_ResetDeassert
    usbh_core.o(i.USBH_Process) refers to usbh_conf.o(i.USBH_Delay) for USBH_Delay
    usbh_core.o(i.USBH_Process) refers to usbh_conf.o(i.USBH_LL_GetSpeed) for USBH_LL_GetSpeed
    usbh_core.o(i.USBH_Process) refers to usbh_pipes.o(i.USBH_AllocPipe) for USBH_AllocPipe
    usbh_core.o(i.USBH_Process) refers to usbh_pipes.o(i.USBH_OpenPipe) for USBH_OpenPipe
    usbh_core.o(i.USBH_Process) refers to usbh_core.o(i.USBH_HandleEnum) for USBH_HandleEnum
    usbh_core.o(i.USBH_Process) refers to usbh_core.o(i.USBH_Print_Descriptor) for USBH_Print_Descriptor
    usbh_core.o(i.USBH_Process) refers to usbh_ctlreq.o(i.USBH_SetCfg) for USBH_SetCfg
    usbh_core.o(i.USBH_Process) refers to usbh_adk_core.o(i.USBH_AOA_Handshake) for USBH_AOA_Handshake
    usbh_core.o(i.USBH_Process) refers to usbh_core.o(i.DeInitStateMachine) for DeInitStateMachine
    usbh_core.o(i.USBH_ProcessEvent) refers to usbh_core.o(i.USBH_GetEvent) for USBH_GetEvent
    usbh_core.o(i.USBH_ProcessEvent) refers to usbh_core.o(i.USBH_LogSE) for USBH_LogSE
    usbh_core.o(i.USBH_ProcessEvent) refers to usbh_core.o(i.USBH_Process) for USBH_Process
    usbh_core.o(i.USBH_ProcessEvent) refers to stm32f4xx_hal.o(i.HAL_GetTick) for HAL_GetTick
    usbh_core.o(i.USBH_ProcessEvent) refers to printf8.o(i.__0printf$8) for __2printf
    usbh_core.o(i.USBH_ProcessEvent) refers to usbh_pipes.o(i.USBH_FreePipe) for USBH_FreePipe
    usbh_core.o(i.USBH_ProcessEvent) refers to usbh_core.o(i.DeInitStateMachine) for DeInitStateMachine
    usbh_core.o(i.USBH_ProcessEvent) refers to usbh_conf.o(i.USBH_LL_ResetDeassert) for USBH_LL_ResetDeassert
    usbh_core.o(i.USBH_ProcessEvent) refers to usbh_core.o(.data) for .data
    usbh_core.o(i.USBH_PutEvent) refers to usbh_core.o(.data) for .data
    usbh_core.o(i.USBH_PutEvent) refers to usbh_core.o(.bss) for .bss
    usbh_core.o(i.USBH_ReEnumerate) refers to usbh_core.o(i.USBH_Stop) for USBH_Stop
    usbh_core.o(i.USBH_ReEnumerate) refers to usbh_conf.o(i.USBH_Delay) for USBH_Delay
    usbh_core.o(i.USBH_ReEnumerate) refers to usbh_core.o(i.DeInitStateMachine) for DeInitStateMachine
    usbh_core.o(i.USBH_ReEnumerate) refers to usbh_core.o(i.USBH_Start) for USBH_Start
    usbh_core.o(i.USBH_RegisterClass) refers to printf8.o(i.__0printf$8) for __2printf
    usbh_core.o(i.USBH_SelectInterface) refers to stm32f4xx_hal.o(i.HAL_GetTick) for HAL_GetTick
    usbh_core.o(i.USBH_SelectInterface) refers to printf8.o(i.__0printf$8) for __2printf
    usbh_core.o(i.USBH_Start) refers to usbh_conf.o(i.USBH_LL_Start) for USBH_LL_Start
    usbh_core.o(i.USBH_Start) refers to usbh_conf.o(i.USBH_LL_DriverVBUS) for USBH_LL_DriverVBUS
    usbh_core.o(i.USBH_Stop) refers to usbh_conf.o(i.USBH_LL_Stop) for USBH_LL_Stop
    usbh_core.o(i.USBH_Stop) refers to usbh_conf.o(i.USBH_LL_DriverVBUS) for USBH_LL_DriverVBUS
    usbh_core.o(i.USBH_Stop) refers to usbh_pipes.o(i.USBH_FreePipe) for USBH_FreePipe
    usbh_core.o(.data) refers to usbh_core.o(.conststring) for .conststring
    usbh_ctlreq.o(i.USBH_ClrFeature) refers to usbh_ctlreq.o(i.USBH_CtlReq) for USBH_CtlReq
    usbh_ctlreq.o(i.USBH_CtlReq) refers to usbh_ctlreq.o(i.USBH_HandleControl) for USBH_HandleControl
    usbh_ctlreq.o(i.USBH_GetDescriptor) refers to usbh_ctlreq.o(i.USBH_CtlReq) for USBH_CtlReq
    usbh_ctlreq.o(i.USBH_Get_CfgDesc) refers to usbh_ctlreq.o(i.USBH_GetDescriptor) for USBH_GetDescriptor
    usbh_ctlreq.o(i.USBH_Get_CfgDesc) refers to usbh_ctlreq.o(i.USBH_ParseCfgDesc) for USBH_ParseCfgDesc
    usbh_ctlreq.o(i.USBH_Get_DevDesc) refers to usbh_ctlreq.o(i.USBH_GetDescriptor) for USBH_GetDescriptor
    usbh_ctlreq.o(i.USBH_Get_StringDesc) refers to usbh_ctlreq.o(i.USBH_GetDescriptor) for USBH_GetDescriptor
    usbh_ctlreq.o(i.USBH_HandleControl) refers to usbh_ioreq.o(i.USBH_CtlSendSetup) for USBH_CtlSendSetup
    usbh_ctlreq.o(i.USBH_HandleControl) refers to usbh_conf.o(i.USBH_LL_GetURBState) for USBH_LL_GetURBState
    usbh_ctlreq.o(i.USBH_HandleControl) refers to usbh_ioreq.o(i.USBH_CtlReceiveData) for USBH_CtlReceiveData
    usbh_ctlreq.o(i.USBH_HandleControl) refers to usbh_ioreq.o(i.USBH_CtlSendData) for USBH_CtlSendData
    usbh_ctlreq.o(i.USBH_HandleControl) refers to usbh_conf.o(i.USBH_LL_Stop) for USBH_LL_Stop
    usbh_ctlreq.o(i.USBH_HandleControl) refers to printf8.o(i.__0printf$8) for __2printf
    usbh_ctlreq.o(i.USBH_ParseCfgDesc) refers to usbh_ctlreq.o(i.USBH_GetNextDesc) for USBH_GetNextDesc
    usbh_ctlreq.o(i.USBH_SetAddress) refers to usbh_ctlreq.o(i.USBH_CtlReq) for USBH_CtlReq
    usbh_ctlreq.o(i.USBH_SetCfg) refers to usbh_ctlreq.o(i.USBH_CtlReq) for USBH_CtlReq
    usbh_ctlreq.o(i.USBH_SetInterface) refers to usbh_ctlreq.o(i.USBH_CtlReq) for USBH_CtlReq
    usbh_ioreq.o(i.USBH_BulkReceiveData) refers to usbh_conf.o(i.USBH_LL_SubmitURB) for USBH_LL_SubmitURB
    usbh_ioreq.o(i.USBH_BulkSendData) refers to usbh_conf.o(i.USBH_LL_SubmitURB) for USBH_LL_SubmitURB
    usbh_ioreq.o(i.USBH_CtlReceiveData) refers to usbh_conf.o(i.USBH_LL_SubmitURB) for USBH_LL_SubmitURB
    usbh_ioreq.o(i.USBH_CtlSendData) refers to usbh_conf.o(i.USBH_LL_SubmitURB) for USBH_LL_SubmitURB
    usbh_ioreq.o(i.USBH_CtlSendSetup) refers to usbh_conf.o(i.USBH_LL_SubmitURB) for USBH_LL_SubmitURB
    usbh_ioreq.o(i.USBH_InterruptReceiveData) refers to usbh_conf.o(i.USBH_LL_SubmitURB) for USBH_LL_SubmitURB
    usbh_ioreq.o(i.USBH_InterruptSendData) refers to usbh_conf.o(i.USBH_LL_SubmitURB) for USBH_LL_SubmitURB
    usbh_ioreq.o(i.USBH_IsocReceiveData) refers to usbh_conf.o(i.USBH_LL_SubmitURB) for USBH_LL_SubmitURB
    usbh_ioreq.o(i.USBH_IsocSendData) refers to usbh_conf.o(i.USBH_LL_SubmitURB) for USBH_LL_SubmitURB
    usbh_pipes.o(i.USBH_ClosePipe) refers to usbh_conf.o(i.USBH_LL_ClosePipe) for USBH_LL_ClosePipe
    usbh_pipes.o(i.USBH_OpenPipe) refers to usbh_conf.o(i.USBH_LL_OpenPipe) for USBH_LL_OpenPipe
    usbh_adk_core.o(i.USBH_ADK_Init) refers to strncpy.o(.text) for strncpy
    usbh_adk_core.o(i.USBH_ADK_Init) refers to usbh_adk_core.o(.bss) for .bss
    usbh_adk_core.o(i.USBH_ADK_getStatus) refers to usbh_adk_core.o(.bss) for .bss
    usbh_adk_core.o(i.USBH_ADK_read) refers to usbh_conf.o(i.USBH_LL_GetLastXferSize) for USBH_LL_GetLastXferSize
    usbh_adk_core.o(i.USBH_ADK_read) refers to memcpya.o(.text) for __aeabi_memcpy
    usbh_adk_core.o(i.USBH_ADK_read) refers to usbh_adk_core.o(.bss) for .bss
    usbh_adk_core.o(i.USBH_ADK_send) refers to usbh_ioreq.o(i.USBH_BulkSendData) for USBH_BulkSendData
    usbh_adk_core.o(i.USBH_ADK_send) refers to usbh_adk_core.o(.bss) for .bss
    usbh_adk_core.o(i.USBH_ADK_write) refers to memcpya.o(.text) for __aeabi_memcpy
    usbh_adk_core.o(i.USBH_ADK_write) refers to usbh_adk_core.o(.bss) for .bss
    usbh_adk_core.o(i.USBH_AOA_ConfigEndpoints) refers to stm32f4xx_hal.o(i.HAL_GetTick) for HAL_GetTick
    usbh_adk_core.o(i.USBH_AOA_ConfigEndpoints) refers to printf8.o(i.__0printf$8) for __2printf
    usbh_adk_core.o(i.USBH_AOA_ConfigEndpoints) refers to usbh_pipes.o(i.USBH_AllocPipe) for USBH_AllocPipe
    usbh_adk_core.o(i.USBH_AOA_ConfigEndpoints) refers to usbh_pipes.o(i.USBH_OpenPipe) for USBH_OpenPipe
    usbh_adk_core.o(i.USBH_AOA_ConfigEndpoints) refers to usbh_adk_core.o(.bss) for .bss
    usbh_adk_core.o(i.USBH_AOA_Handshake) refers to usbh_ctlreq.o(i.USBH_CtlReq) for USBH_CtlReq
    usbh_adk_core.o(i.USBH_AOA_Handshake) refers to stm32f4xx_hal.o(i.HAL_GetTick) for HAL_GetTick
    usbh_adk_core.o(i.USBH_AOA_Handshake) refers to printf8.o(i.__0printf$8) for __2printf
    usbh_adk_core.o(i.USBH_AOA_Handshake) refers to usbh_adk_core.o(i.USBH_AOA_SendString) for USBH_AOA_SendString
    usbh_adk_core.o(i.USBH_AOA_Handshake) refers to usbh_adk_core.o(.bss) for .bss
    usbh_adk_core.o(i.USBH_AOA_InterfaceDeInit) refers to stm32f4xx_hal.o(i.HAL_GetTick) for HAL_GetTick
    usbh_adk_core.o(i.USBH_AOA_InterfaceDeInit) refers to printf8.o(i.__0printf$8) for __2printf
    usbh_adk_core.o(i.USBH_AOA_InterfaceDeInit) refers to usbh_pipes.o(i.USBH_ClosePipe) for USBH_ClosePipe
    usbh_adk_core.o(i.USBH_AOA_InterfaceDeInit) refers to usbh_pipes.o(i.USBH_FreePipe) for USBH_FreePipe
    usbh_adk_core.o(i.USBH_AOA_InterfaceDeInit) refers to usbh_adk_core.o(.bss) for .bss
    usbh_adk_core.o(i.USBH_AOA_InterfaceInit) refers to stm32f4xx_hal.o(i.HAL_GetTick) for HAL_GetTick
    usbh_adk_core.o(i.USBH_AOA_InterfaceInit) refers to printf8.o(i.__0printf$8) for __2printf
    usbh_adk_core.o(i.USBH_AOA_InterfaceInit) refers to usbh_core.o(i.USBH_FindInterface) for USBH_FindInterface
    usbh_adk_core.o(i.USBH_AOA_InterfaceInit) refers to usbh_core.o(i.USBH_SelectInterface) for USBH_SelectInterface
    usbh_adk_core.o(i.USBH_AOA_InterfaceInit) refers to usbh_adk_core.o(i.USBH_AOA_ConfigEndpoints) for USBH_AOA_ConfigEndpoints
    usbh_adk_core.o(i.USBH_AOA_InterfaceInit) refers to usbh_adk_core.o(.bss) for .bss
    usbh_adk_core.o(i.USBH_AOA_InterfaceInit) refers to usbh_adk_core.o(.constdata) for .constdata
    usbh_adk_core.o(i.USBH_AOA_SendString) refers to strlen.o(.text) for strlen
    usbh_adk_core.o(i.USBH_AOA_SendString) refers to usbh_ctlreq.o(i.USBH_CtlReq) for USBH_CtlReq
    usbh_adk_core.o(.data) refers to usbh_adk_core.o(.conststring) for .conststring
    usbh_adk_core.o(.data) refers to usbh_adk_core.o(i.USBH_AOA_InterfaceInit) for USBH_AOA_InterfaceInit
    usbh_adk_core.o(.data) refers to usbh_adk_core.o(i.USBH_AOA_InterfaceDeInit) for USBH_AOA_InterfaceDeInit
    usbh_adk_core.o(.data) refers to usbh_adk_core.o(i.USBH_AOA_ClassRequest) for USBH_AOA_ClassRequest
    usbh_adk_core.o(.data) refers to usbh_adk_core.o(i.USBH_ADK_Handle) for USBH_ADK_Handle
    usbh_adk_core.o(.data) refers to usbh_adk_core.o(i.USBH_ADK_SOFProcess) for USBH_ADK_SOFProcess
    usbh_hid_nonbootkbd.o(i.USBH_HID_NonBootKbdInit) refers to usbh_hid_nonbootkbd.o(.bss) for .bss
    entry.o(.ARM.Collect$$$$00000000) refers (Special) to entry7b.o(.ARM.Collect$$$$00000008) for _main_clock
    entry.o(.ARM.Collect$$$$00000000) refers (Special) to entry8.o(.ARM.Collect$$$$00000009) for _main_init
    entry.o(.ARM.Collect$$$$00000000) refers (Special) to entry5.o(.ARM.Collect$$$$00000004) for _main_scatterload
    entry.o(.ARM.Collect$$$$00000000) refers (Special) to entry2.o(.ARM.Collect$$$$00000001) for _main_stk
    printfb.o(i.__0fprintf$bare) refers to printfb.o(i._printf_core) for _printf_core
    printfb.o(i.__0fprintf$bare) refers to uart_printf.o(i.fputc) for fputc
    printfb.o(i.__0printf$bare) refers to printfb.o(i._printf_core) for _printf_core
    printfb.o(i.__0printf$bare) refers to uart_printf.o(i.fputc) for fputc
    printfb.o(i.__0printf$bare) refers to stdout.o(.data) for __stdout
    printfb.o(i.__0snprintf$bare) refers to printfb.o(i._printf_core) for _printf_core
    printfb.o(i.__0snprintf$bare) refers to printfb.o(i._snputc) for _snputc
    printfb.o(i.__0sprintf$bare) refers to printfb.o(i._printf_core) for _printf_core
    printfb.o(i.__0sprintf$bare) refers to printfb.o(i._sputc) for _sputc
    printfb.o(i.__0vfprintf$bare) refers to printfb.o(i._printf_core) for _printf_core
    printfb.o(i.__0vfprintf$bare) refers to uart_printf.o(i.fputc) for fputc
    printfb.o(i.__0vprintf$bare) refers to printfb.o(i._printf_core) for _printf_core
    printfb.o(i.__0vprintf$bare) refers to uart_printf.o(i.fputc) for fputc
    printfb.o(i.__0vprintf$bare) refers to stdout.o(.data) for __stdout
    printfb.o(i.__0vsnprintf$bare) refers to printfb.o(i._printf_core) for _printf_core
    printfb.o(i.__0vsnprintf$bare) refers to printfb.o(i._snputc) for _snputc
    printfb.o(i.__0vsprintf$bare) refers to printfb.o(i._printf_core) for _printf_core
    printfb.o(i.__0vsprintf$bare) refers to printfb.o(i._sputc) for _sputc
    printf0.o(i.__0fprintf$0) refers to printf0.o(i._printf_core) for _printf_core
    printf0.o(i.__0fprintf$0) refers to uart_printf.o(i.fputc) for fputc
    printf0.o(i.__0printf$0) refers to printf0.o(i._printf_core) for _printf_core
    printf0.o(i.__0printf$0) refers to uart_printf.o(i.fputc) for fputc
    printf0.o(i.__0printf$0) refers to stdout.o(.data) for __stdout
    printf0.o(i.__0snprintf$0) refers to printf0.o(i._printf_core) for _printf_core
    printf0.o(i.__0snprintf$0) refers to printf0.o(i._snputc) for _snputc
    printf0.o(i.__0sprintf$0) refers to printf0.o(i._printf_core) for _printf_core
    printf0.o(i.__0sprintf$0) refers to printf0.o(i._sputc) for _sputc
    printf0.o(i.__0vfprintf$0) refers to printf0.o(i._printf_core) for _printf_core
    printf0.o(i.__0vfprintf$0) refers to uart_printf.o(i.fputc) for fputc
    printf0.o(i.__0vprintf$0) refers to printf0.o(i._printf_core) for _printf_core
    printf0.o(i.__0vprintf$0) refers to uart_printf.o(i.fputc) for fputc
    printf0.o(i.__0vprintf$0) refers to stdout.o(.data) for __stdout
    printf0.o(i.__0vsnprintf$0) refers to printf0.o(i._printf_core) for _printf_core
    printf0.o(i.__0vsnprintf$0) refers to printf0.o(i._snputc) for _snputc
    printf0.o(i.__0vsprintf$0) refers to printf0.o(i._printf_core) for _printf_core
    printf0.o(i.__0vsprintf$0) refers to printf0.o(i._sputc) for _sputc
    printf1.o(i.__0fprintf$1) refers to printf1.o(i._printf_core) for _printf_core
    printf1.o(i.__0fprintf$1) refers to uart_printf.o(i.fputc) for fputc
    printf1.o(i.__0printf$1) refers to printf1.o(i._printf_core) for _printf_core
    printf1.o(i.__0printf$1) refers to uart_printf.o(i.fputc) for fputc
    printf1.o(i.__0printf$1) refers to stdout.o(.data) for __stdout
    printf1.o(i.__0snprintf$1) refers to printf1.o(i._printf_core) for _printf_core
    printf1.o(i.__0snprintf$1) refers to printf1.o(i._snputc) for _snputc
    printf1.o(i.__0sprintf$1) refers to printf1.o(i._printf_core) for _printf_core
    printf1.o(i.__0sprintf$1) refers to printf1.o(i._sputc) for _sputc
    printf1.o(i.__0vfprintf$1) refers to printf1.o(i._printf_core) for _printf_core
    printf1.o(i.__0vfprintf$1) refers to uart_printf.o(i.fputc) for fputc
    printf1.o(i.__0vprintf$1) refers to printf1.o(i._printf_core) for _printf_core
    printf1.o(i.__0vprintf$1) refers to uart_printf.o(i.fputc) for fputc
    printf1.o(i.__0vprintf$1) refers to stdout.o(.data) for __stdout
    printf1.o(i.__0vsnprintf$1) refers to printf1.o(i._printf_core) for _printf_core
    printf1.o(i.__0vsnprintf$1) refers to printf1.o(i._snputc) for _snputc
    printf1.o(i.__0vsprintf$1) refers to printf1.o(i._printf_core) for _printf_core
    printf1.o(i.__0vsprintf$1) refers to printf1.o(i._sputc) for _sputc
    printf1.o(i._printf_core) refers to uidiv.o(.text) for __aeabi_uidivmod
    printf2.o(i.__0fprintf$2) refers to printf2.o(i._printf_core) for _printf_core
    printf2.o(i.__0fprintf$2) refers to uart_printf.o(i.fputc) for fputc
    printf2.o(i.__0printf$2) refers to printf2.o(i._printf_core) for _printf_core
    printf2.o(i.__0printf$2) refers to uart_printf.o(i.fputc) for fputc
    printf2.o(i.__0printf$2) refers to stdout.o(.data) for __stdout
    printf2.o(i.__0snprintf$2) refers to printf2.o(i._printf_core) for _printf_core
    printf2.o(i.__0snprintf$2) refers to printf2.o(i._snputc) for _snputc
    printf2.o(i.__0sprintf$2) refers to printf2.o(i._printf_core) for _printf_core
    printf2.o(i.__0sprintf$2) refers to printf2.o(i._sputc) for _sputc
    printf2.o(i.__0vfprintf$2) refers to printf2.o(i._printf_core) for _printf_core
    printf2.o(i.__0vfprintf$2) refers to uart_printf.o(i.fputc) for fputc
    printf2.o(i.__0vprintf$2) refers to printf2.o(i._printf_core) for _printf_core
    printf2.o(i.__0vprintf$2) refers to uart_printf.o(i.fputc) for fputc
    printf2.o(i.__0vprintf$2) refers to stdout.o(.data) for __stdout
    printf2.o(i.__0vsnprintf$2) refers to printf2.o(i._printf_core) for _printf_core
    printf2.o(i.__0vsnprintf$2) refers to printf2.o(i._snputc) for _snputc
    printf2.o(i.__0vsprintf$2) refers to printf2.o(i._printf_core) for _printf_core
    printf2.o(i.__0vsprintf$2) refers to printf2.o(i._sputc) for _sputc
    printf3.o(i.__0fprintf$3) refers to printf3.o(i._printf_core) for _printf_core
    printf3.o(i.__0fprintf$3) refers to uart_printf.o(i.fputc) for fputc
    printf3.o(i.__0printf$3) refers to printf3.o(i._printf_core) for _printf_core
    printf3.o(i.__0printf$3) refers to uart_printf.o(i.fputc) for fputc
    printf3.o(i.__0printf$3) refers to stdout.o(.data) for __stdout
    printf3.o(i.__0snprintf$3) refers to printf3.o(i._printf_core) for _printf_core
    printf3.o(i.__0snprintf$3) refers to printf3.o(i._snputc) for _snputc
    printf3.o(i.__0sprintf$3) refers to printf3.o(i._printf_core) for _printf_core
    printf3.o(i.__0sprintf$3) refers to printf3.o(i._sputc) for _sputc
    printf3.o(i.__0vfprintf$3) refers to printf3.o(i._printf_core) for _printf_core
    printf3.o(i.__0vfprintf$3) refers to uart_printf.o(i.fputc) for fputc
    printf3.o(i.__0vprintf$3) refers to printf3.o(i._printf_core) for _printf_core
    printf3.o(i.__0vprintf$3) refers to uart_printf.o(i.fputc) for fputc
    printf3.o(i.__0vprintf$3) refers to stdout.o(.data) for __stdout
    printf3.o(i.__0vsnprintf$3) refers to printf3.o(i._printf_core) for _printf_core
    printf3.o(i.__0vsnprintf$3) refers to printf3.o(i._snputc) for _snputc
    printf3.o(i.__0vsprintf$3) refers to printf3.o(i._printf_core) for _printf_core
    printf3.o(i.__0vsprintf$3) refers to printf3.o(i._sputc) for _sputc
    printf3.o(i._printf_core) refers to uidiv.o(.text) for __aeabi_uidivmod
    printf4.o(i.__0fprintf$4) refers to printf4.o(i._printf_core) for _printf_core
    printf4.o(i.__0fprintf$4) refers to uart_printf.o(i.fputc) for fputc
    printf4.o(i.__0printf$4) refers to printf4.o(i._printf_core) for _printf_core
    printf4.o(i.__0printf$4) refers to uart_printf.o(i.fputc) for fputc
    printf4.o(i.__0printf$4) refers to stdout.o(.data) for __stdout
    printf4.o(i.__0snprintf$4) refers to printf4.o(i._printf_core) for _printf_core
    printf4.o(i.__0snprintf$4) refers to printf4.o(i._snputc) for _snputc
    printf4.o(i.__0sprintf$4) refers to printf4.o(i._printf_core) for _printf_core
    printf4.o(i.__0sprintf$4) refers to printf4.o(i._sputc) for _sputc
    printf4.o(i.__0vfprintf$4) refers to printf4.o(i._printf_core) for _printf_core
    printf4.o(i.__0vfprintf$4) refers to uart_printf.o(i.fputc) for fputc
    printf4.o(i.__0vprintf$4) refers to printf4.o(i._printf_core) for _printf_core
    printf4.o(i.__0vprintf$4) refers to uart_printf.o(i.fputc) for fputc
    printf4.o(i.__0vprintf$4) refers to stdout.o(.data) for __stdout
    printf4.o(i.__0vsnprintf$4) refers to printf4.o(i._printf_core) for _printf_core
    printf4.o(i.__0vsnprintf$4) refers to printf4.o(i._snputc) for _snputc
    printf4.o(i.__0vsprintf$4) refers to printf4.o(i._printf_core) for _printf_core
    printf4.o(i.__0vsprintf$4) refers to printf4.o(i._sputc) for _sputc
    printf4.o(i._printf_core) refers to uldiv.o(.text) for __aeabi_uldivmod
    printf5.o(i.__0fprintf$5) refers to printf5.o(i._printf_core) for _printf_core
    printf5.o(i.__0fprintf$5) refers to uart_printf.o(i.fputc) for fputc
    printf5.o(i.__0printf$5) refers to printf5.o(i._printf_core) for _printf_core
    printf5.o(i.__0printf$5) refers to uart_printf.o(i.fputc) for fputc
    printf5.o(i.__0printf$5) refers to stdout.o(.data) for __stdout
    printf5.o(i.__0snprintf$5) refers to printf5.o(i._printf_core) for _printf_core
    printf5.o(i.__0snprintf$5) refers to printf5.o(i._snputc) for _snputc
    printf5.o(i.__0sprintf$5) refers to printf5.o(i._printf_core) for _printf_core
    printf5.o(i.__0sprintf$5) refers to printf5.o(i._sputc) for _sputc
    printf5.o(i.__0vfprintf$5) refers to printf5.o(i._printf_core) for _printf_core
    printf5.o(i.__0vfprintf$5) refers to uart_printf.o(i.fputc) for fputc
    printf5.o(i.__0vprintf$5) refers to printf5.o(i._printf_core) for _printf_core
    printf5.o(i.__0vprintf$5) refers to uart_printf.o(i.fputc) for fputc
    printf5.o(i.__0vprintf$5) refers to stdout.o(.data) for __stdout
    printf5.o(i.__0vsnprintf$5) refers to printf5.o(i._printf_core) for _printf_core
    printf5.o(i.__0vsnprintf$5) refers to printf5.o(i._snputc) for _snputc
    printf5.o(i.__0vsprintf$5) refers to printf5.o(i._printf_core) for _printf_core
    printf5.o(i.__0vsprintf$5) refers to printf5.o(i._sputc) for _sputc
    printf5.o(i._printf_core) refers to uldiv.o(.text) for __aeabi_uldivmod
    printf6.o(i.__0fprintf$6) refers to printf6.o(i._printf_core) for _printf_core
    printf6.o(i.__0fprintf$6) refers to uart_printf.o(i.fputc) for fputc
    printf6.o(i.__0printf$6) refers to printf6.o(i._printf_core) for _printf_core
    printf6.o(i.__0printf$6) refers to uart_printf.o(i.fputc) for fputc
    printf6.o(i.__0printf$6) refers to stdout.o(.data) for __stdout
    printf6.o(i.__0snprintf$6) refers to printf6.o(i._printf_core) for _printf_core
    printf6.o(i.__0snprintf$6) refers to printf6.o(i._snputc) for _snputc
    printf6.o(i.__0sprintf$6) refers to printf6.o(i._printf_core) for _printf_core
    printf6.o(i.__0sprintf$6) refers to printf6.o(i._sputc) for _sputc
    printf6.o(i.__0vfprintf$6) refers to printf6.o(i._printf_core) for _printf_core
    printf6.o(i.__0vfprintf$6) refers to uart_printf.o(i.fputc) for fputc
    printf6.o(i.__0vprintf$6) refers to printf6.o(i._printf_core) for _printf_core
    printf6.o(i.__0vprintf$6) refers to uart_printf.o(i.fputc) for fputc
    printf6.o(i.__0vprintf$6) refers to stdout.o(.data) for __stdout
    printf6.o(i.__0vsnprintf$6) refers to printf6.o(i._printf_core) for _printf_core
    printf6.o(i.__0vsnprintf$6) refers to printf6.o(i._snputc) for _snputc
    printf6.o(i.__0vsprintf$6) refers to printf6.o(i._printf_core) for _printf_core
    printf6.o(i.__0vsprintf$6) refers to printf6.o(i._sputc) for _sputc
    printf6.o(i._printf_core) refers to printf6.o(i._printf_pre_padding) for _printf_pre_padding
    printf6.o(i._printf_core) refers to uidiv.o(.text) for __aeabi_uidivmod
    printf6.o(i._printf_core) refers to printf6.o(i._printf_post_padding) for _printf_post_padding
    printf7.o(i.__0fprintf$7) refers to printf7.o(i._printf_core) for _printf_core
    printf7.o(i.__0fprintf$7) refers to uart_printf.o(i.fputc) for fputc
    printf7.o(i.__0printf$7) refers to printf7.o(i._printf_core) for _printf_core
    printf7.o(i.__0printf$7) refers to uart_printf.o(i.fputc) for fputc
    printf7.o(i.__0printf$7) refers to stdout.o(.data) for __stdout
    printf7.o(i.__0snprintf$7) refers to printf7.o(i._printf_core) for _printf_core
    printf7.o(i.__0snprintf$7) refers to printf7.o(i._snputc) for _snputc
    printf7.o(i.__0sprintf$7) refers to printf7.o(i._printf_core) for _printf_core
    printf7.o(i.__0sprintf$7) refers to printf7.o(i._sputc) for _sputc
    printf7.o(i.__0vfprintf$7) refers to printf7.o(i._printf_core) for _printf_core
    printf7.o(i.__0vfprintf$7) refers to uart_printf.o(i.fputc) for fputc
    printf7.o(i.__0vprintf$7) refers to printf7.o(i._printf_core) for _printf_core
    printf7.o(i.__0vprintf$7) refers to uart_printf.o(i.fputc) for fputc
    printf7.o(i.__0vprintf$7) refers to stdout.o(.data) for __stdout
    printf7.o(i.__0vsnprintf$7) refers to printf7.o(i._printf_core) for _printf_core
    printf7.o(i.__0vsnprintf$7) refers to printf7.o(i._snputc) for _snputc
    printf7.o(i.__0vsprintf$7) refers to printf7.o(i._printf_core) for _printf_core
    printf7.o(i.__0vsprintf$7) refers to printf7.o(i._sputc) for _sputc
    printf7.o(i._printf_core) refers to printf7.o(i._printf_pre_padding) for _printf_pre_padding
    printf7.o(i._printf_core) refers to uldiv.o(.text) for __aeabi_uldivmod
    printf7.o(i._printf_core) refers to printf7.o(i._printf_post_padding) for _printf_post_padding
    printf8.o(i.__0fprintf$8) refers to printf8.o(i._printf_core) for _printf_core
    printf8.o(i.__0fprintf$8) refers to uart_printf.o(i.fputc) for fputc
    printf8.o(i.__0printf$8) refers to printf8.o(i._printf_core) for _printf_core
    printf8.o(i.__0printf$8) refers to uart_printf.o(i.fputc) for fputc
    printf8.o(i.__0printf$8) refers to stdout.o(.data) for __stdout
    printf8.o(i.__0snprintf$8) refers to printf8.o(i._printf_core) for _printf_core
    printf8.o(i.__0snprintf$8) refers to printf8.o(i._snputc) for _snputc
    printf8.o(i.__0sprintf$8) refers to printf8.o(i._printf_core) for _printf_core
    printf8.o(i.__0sprintf$8) refers to printf8.o(i._sputc) for _sputc
    printf8.o(i.__0vfprintf$8) refers to printf8.o(i._printf_core) for _printf_core
    printf8.o(i.__0vfprintf$8) refers to uart_printf.o(i.fputc) for fputc
    printf8.o(i.__0vprintf$8) refers to printf8.o(i._printf_core) for _printf_core
    printf8.o(i.__0vprintf$8) refers to uart_printf.o(i.fputc) for fputc
    printf8.o(i.__0vprintf$8) refers to stdout.o(.data) for __stdout
    printf8.o(i.__0vsnprintf$8) refers to printf8.o(i._printf_core) for _printf_core
    printf8.o(i.__0vsnprintf$8) refers to printf8.o(i._snputc) for _snputc
    printf8.o(i.__0vsprintf$8) refers to printf8.o(i._printf_core) for _printf_core
    printf8.o(i.__0vsprintf$8) refers to printf8.o(i._sputc) for _sputc
    printf8.o(i._printf_core) refers to printf8.o(i._printf_pre_padding) for _printf_pre_padding
    printf8.o(i._printf_core) refers to uldiv.o(.text) for __aeabi_uldivmod
    printf8.o(i._printf_core) refers to printf8.o(i._printf_post_padding) for _printf_post_padding
    printfa.o(i.__0fprintf) refers (Special) to iusefp.o(.text) for __I$use$fp
    printfa.o(i.__0fprintf) refers to printfa.o(i._printf_core) for _printf_core
    printfa.o(i.__0fprintf) refers to uart_printf.o(i.fputc) for fputc
    printfa.o(i.__0printf) refers (Special) to iusefp.o(.text) for __I$use$fp
    printfa.o(i.__0printf) refers to printfa.o(i._printf_core) for _printf_core
    printfa.o(i.__0printf) refers to uart_printf.o(i.fputc) for fputc
    printfa.o(i.__0printf) refers to stdout.o(.data) for __stdout
    printfa.o(i.__0snprintf) refers (Special) to iusefp.o(.text) for __I$use$fp
    printfa.o(i.__0snprintf) refers to printfa.o(i._printf_core) for _printf_core
    printfa.o(i.__0snprintf) refers to printfa.o(i._snputc) for _snputc
    printfa.o(i.__0sprintf) refers (Special) to iusefp.o(.text) for __I$use$fp
    printfa.o(i.__0sprintf) refers to printfa.o(i._printf_core) for _printf_core
    printfa.o(i.__0sprintf) refers to printfa.o(i._sputc) for _sputc
    printfa.o(i.__0vfprintf) refers (Special) to iusefp.o(.text) for __I$use$fp
    printfa.o(i.__0vfprintf) refers to printfa.o(i._printf_core) for _printf_core
    printfa.o(i.__0vfprintf) refers to uart_printf.o(i.fputc) for fputc
    printfa.o(i.__0vprintf) refers (Special) to iusefp.o(.text) for __I$use$fp
    printfa.o(i.__0vprintf) refers to printfa.o(i._printf_core) for _printf_core
    printfa.o(i.__0vprintf) refers to uart_printf.o(i.fputc) for fputc
    printfa.o(i.__0vprintf) refers to stdout.o(.data) for __stdout
    printfa.o(i.__0vsnprintf) refers (Special) to iusefp.o(.text) for __I$use$fp
    printfa.o(i.__0vsnprintf) refers to printfa.o(i._printf_core) for _printf_core
    printfa.o(i.__0vsnprintf) refers to printfa.o(i._snputc) for _snputc
    printfa.o(i.__0vsprintf) refers (Special) to iusefp.o(.text) for __I$use$fp
    printfa.o(i.__0vsprintf) refers to printfa.o(i._printf_core) for _printf_core
    printfa.o(i.__0vsprintf) refers to printfa.o(i._sputc) for _sputc
    printfa.o(i._fp_digits) refers (Special) to iusefp.o(.text) for __I$use$fp
    printfa.o(i._fp_digits) refers to dmul.o(.text) for __aeabi_dmul
    printfa.o(i._fp_digits) refers to ddiv.o(.text) for __aeabi_ddiv
    printfa.o(i._fp_digits) refers to cdrcmple.o(.text) for __aeabi_cdrcmple
    printfa.o(i._fp_digits) refers to dadd.o(.text) for __aeabi_dadd
    printfa.o(i._fp_digits) refers to dfixul.o(.text) for __aeabi_d2ulz
    printfa.o(i._fp_digits) refers to uldiv.o(.text) for __aeabi_uldivmod
    printfa.o(i._printf_core) refers (Special) to iusefp.o(.text) for __I$use$fp
    printfa.o(i._printf_core) refers to printfa.o(i._printf_pre_padding) for _printf_pre_padding
    printfa.o(i._printf_core) refers to uldiv.o(.text) for __aeabi_uldivmod
    printfa.o(i._printf_core) refers to printfa.o(i._printf_post_padding) for _printf_post_padding
    printfa.o(i._printf_core) refers to printfa.o(i._fp_digits) for _fp_digits
    printfa.o(i._printf_core) refers to uidiv.o(.text) for __aeabi_uidivmod
    printfa.o(i._printf_post_padding) refers (Special) to iusefp.o(.text) for __I$use$fp
    printfa.o(i._printf_pre_padding) refers (Special) to iusefp.o(.text) for __I$use$fp
    printfa.o(i._snputc) refers (Special) to iusefp.o(.text) for __I$use$fp
    printfa.o(i._sputc) refers (Special) to iusefp.o(.text) for __I$use$fp
    malloc.o(i.free) refers to mvars.o(.data) for __microlib_freelist
    malloc.o(i.malloc) refers to mvars.o(.data) for __microlib_freelist_initialised
    malloc.o(i.malloc) refers to mvars.o(.data) for __microlib_freelist
    malloc.o(i.malloc) refers to startup_stm32f407xx.o(HEAP) for __heap_base
    mallocr.o(i.__free$realloc) refers to mvars.o(.data) for __microlib_freelist
    mallocr.o(i.__malloc$realloc) refers to mallocr.o(i.internal_alloc) for internal_alloc
    mallocr.o(i.__malloc$realloc) refers to mvars.o(.data) for __microlib_freelist_initialised
    mallocr.o(i.__malloc$realloc) refers to startup_stm32f407xx.o(HEAP) for __heap_base
    mallocr.o(i.__malloc$realloc) refers to mvars.o(.data) for __microlib_freelist
    mallocr.o(i.internal_alloc) refers to memcpya.o(.text) for __aeabi_memcpy
    mallocr.o(i.internal_alloc) refers to mvars.o(.data) for __microlib_freelist
    mallocr.o(i.realloc) refers to mallocr.o(i.__free$realloc) for __free$realloc
    mallocr.o(i.realloc) refers to mallocr.o(i.internal_alloc) for internal_alloc
    mallocr.o(i.realloc) refers to mallocr.o(i.__malloc$realloc) for __malloc$realloc
    mallocr.o(i.realloc) refers to mvars.o(.data) for __microlib_freelist
    malloca.o(i.__aligned_malloc) refers to mvars.o(.data) for __microlib_freelist_initialised
    malloca.o(i.__aligned_malloc) refers to mvars.o(.data) for __microlib_freelist
    malloca.o(i.__aligned_malloc) refers to startup_stm32f407xx.o(HEAP) for __heap_base
    malloca.o(i.__free$memalign) refers to mvars.o(.data) for __microlib_freelist
    malloca.o(i.__malloc$memalign) refers to malloca.o(i.__aligned_malloc) for __aligned_malloc
    mallocra.o(i.__aligned_malloc$realloc) refers to mallocra.o(i.internal_alloc) for internal_alloc
    mallocra.o(i.__aligned_malloc$realloc) refers to mvars.o(.data) for __microlib_freelist_initialised
    mallocra.o(i.__aligned_malloc$realloc) refers to startup_stm32f407xx.o(HEAP) for __heap_base
    mallocra.o(i.__aligned_malloc$realloc) refers to mvars.o(.data) for __microlib_freelist
    mallocra.o(i.__free$realloc$memalign) refers to mvars.o(.data) for __microlib_freelist
    mallocra.o(i.__malloc$realloc$memalign) refers to mallocra.o(i.__aligned_malloc$realloc) for __aligned_malloc$realloc
    mallocra.o(i.__realloc$memalign) refers to mallocra.o(i.__free$realloc$memalign) for __free$realloc$memalign
    mallocra.o(i.__realloc$memalign) refers to mallocra.o(i.internal_alloc) for internal_alloc
    mallocra.o(i.__realloc$memalign) refers to mallocra.o(i.__malloc$realloc$memalign) for __malloc$realloc$memalign
    mallocra.o(i.__realloc$memalign) refers to mvars.o(.data) for __microlib_freelist
    mallocra.o(i.internal_alloc) refers to memcpya.o(.text) for __aeabi_memcpy
    mallocra.o(i.internal_alloc) refers to mvars.o(.data) for __microlib_freelist
    entry2.o(.ARM.Collect$$$$00000001) refers to entry2.o(.ARM.Collect$$$$00002712) for __lit__00000000
    entry2.o(.ARM.Collect$$$$00002712) refers to startup_stm32f407xx.o(STACK) for __initial_sp
    entry2.o(__vectab_stack_and_reset_area) refers to startup_stm32f407xx.o(STACK) for __initial_sp
    entry2.o(__vectab_stack_and_reset_area) refers to entry.o(.ARM.Collect$$$$00000000) for __main
    entry5.o(.ARM.Collect$$$$00000004) refers to init.o(.text) for __scatterload
    entry8.o(.ARM.Collect$$$$00000009) refers to main.o(i.main) for main
    uldiv.o(.text) refers to llushr.o(.text) for __aeabi_llsr
    uldiv.o(.text) refers to llshl.o(.text) for __aeabi_llsl
    dadd.o(.text) refers to llshl.o(.text) for __aeabi_llsl
    dadd.o(.text) refers to llsshr.o(.text) for __aeabi_lasr
    dadd.o(.text) refers to depilogue.o(.text) for _double_epilogue
    dmul.o(.text) refers to depilogue.o(.text) for _double_epilogue
    ddiv.o(.text) refers to depilogue.o(.text) for _double_round
    dfixul.o(.text) refers to llushr.o(.text) for __aeabi_llsr
    dfixul.o(.text) refers to llshl.o(.text) for __aeabi_llsl
    init.o(.text) refers to entry5.o(.ARM.Collect$$$$00000004) for __main_after_scatterload
    depilogue.o(.text) refers to llshl.o(.text) for __aeabi_llsl
    depilogue.o(.text) refers to llushr.o(.text) for __aeabi_llsr


==============================================================================

Removing Unused input sections from the image.

    Removing gpio.o(.rev16_text), (4 bytes).
    Removing gpio.o(.revsh_text), (4 bytes).
    Removing main.o(.rev16_text), (4 bytes).
    Removing main.o(.revsh_text), (4 bytes).
    Removing stm32f4xx_it.o(.rev16_text), (4 bytes).
    Removing stm32f4xx_it.o(.revsh_text), (4 bytes).
    Removing usart.o(.rev16_text), (4 bytes).
    Removing usart.o(.revsh_text), (4 bytes).
    Removing usart.o(i.HAL_UART_MspDeInit), (124 bytes).
    Removing usb_host.o(.rev16_text), (4 bytes).
    Removing usb_host.o(.revsh_text), (4 bytes).
    Removing usb_host.o(.bss), (892 bytes).
    Removing usbh_conf.o(.rev16_text), (4 bytes).
    Removing usbh_conf.o(.revsh_text), (4 bytes).
    Removing usbh_conf.o(i.HAL_HCD_MspDeInit), (104 bytes).
    Removing usbh_conf.o(i.USBH_LL_DeInit), (14 bytes).
    Removing usbh_conf.o(i.USBH_LL_GetLastXferSize), (8 bytes).
    Removing usbh_conf.o(i.USBH_LL_GetToggle), (30 bytes).
    Removing usbh_conf.o(i.USBH_LL_ResetPort), (14 bytes).
    Removing usbh_conf.o(i.USBH_LL_SetToggle), (32 bytes).
    Removing uart_printf.o(.rev16_text), (4 bytes).
    Removing uart_printf.o(.revsh_text), (4 bytes).
    Removing uart_printf.o(i.uart_write), (72 bytes).
    Removing dma.o(.rev16_text), (4 bytes).
    Removing dma.o(.revsh_text), (4 bytes).
    Removing time.o(.rev16_text), (4 bytes).
    Removing time.o(.revsh_text), (4 bytes).
    Removing time.o(i.HAL_TIM_Base_MspDeInit), (28 bytes).
    Removing time.o(i.StopTimeCount), (20 bytes).
    Removing system_stm32f4xx.o(.rev16_text), (4 bytes).
    Removing system_stm32f4xx.o(.revsh_text), (4 bytes).
    Removing system_stm32f4xx.o(i.SystemCoreClockUpdate), (128 bytes).
    Removing stm32f4xx_hal.o(.rev16_text), (4 bytes).
    Removing stm32f4xx_hal.o(.revsh_text), (4 bytes).
    Removing stm32f4xx_hal.o(i.HAL_DeInit), (52 bytes).
    Removing stm32f4xx_hal.o(i.HAL_DisableCompensationCell), (12 bytes).
    Removing stm32f4xx_hal.o(i.HAL_DisableDBGSleepMode), (16 bytes).
    Removing stm32f4xx_hal.o(i.HAL_DisableDBGStandbyMode), (16 bytes).
    Removing stm32f4xx_hal.o(i.HAL_DisableDBGStopMode), (16 bytes).
    Removing stm32f4xx_hal.o(i.HAL_EnableCompensationCell), (12 bytes).
    Removing stm32f4xx_hal.o(i.HAL_EnableDBGSleepMode), (16 bytes).
    Removing stm32f4xx_hal.o(i.HAL_EnableDBGStandbyMode), (16 bytes).
    Removing stm32f4xx_hal.o(i.HAL_EnableDBGStopMode), (16 bytes).
    Removing stm32f4xx_hal.o(i.HAL_GetDEVID), (16 bytes).
    Removing stm32f4xx_hal.o(i.HAL_GetHalVersion), (8 bytes).
    Removing stm32f4xx_hal.o(i.HAL_GetREVID), (12 bytes).
    Removing stm32f4xx_hal.o(i.HAL_MspDeInit), (2 bytes).
    Removing stm32f4xx_hal.o(i.HAL_ResumeTick), (14 bytes).
    Removing stm32f4xx_hal.o(i.HAL_SuspendTick), (14 bytes).
    Removing stm32f4xx_hal_cortex.o(.rev16_text), (4 bytes).
    Removing stm32f4xx_hal_cortex.o(.revsh_text), (4 bytes).
    Removing stm32f4xx_hal_cortex.o(i.HAL_NVIC_DisableIRQ), (24 bytes).
    Removing stm32f4xx_hal_cortex.o(i.HAL_NVIC_GetActive), (34 bytes).
    Removing stm32f4xx_hal_cortex.o(i.HAL_NVIC_GetPendingIRQ), (34 bytes).
    Removing stm32f4xx_hal_cortex.o(i.HAL_NVIC_GetPriority), (84 bytes).
    Removing stm32f4xx_hal_cortex.o(i.HAL_NVIC_GetPriorityGrouping), (16 bytes).
    Removing stm32f4xx_hal_cortex.o(i.HAL_NVIC_SetPendingIRQ), (24 bytes).
    Removing stm32f4xx_hal_cortex.o(i.HAL_NVIC_SystemReset), (32 bytes).
    Removing stm32f4xx_hal_cortex.o(i.HAL_SYSTICK_CLKSourceConfig), (24 bytes).
    Removing stm32f4xx_hal_dma.o(.rev16_text), (4 bytes).
    Removing stm32f4xx_hal_dma.o(.revsh_text), (4 bytes).
    Removing stm32f4xx_hal_dma.o(i.HAL_DMA_Abort), (86 bytes).
    Removing stm32f4xx_hal_dma.o(i.HAL_DMA_DeInit), (2376 bytes).
    Removing stm32f4xx_hal_dma.o(i.HAL_DMA_GetError), (4 bytes).
    Removing stm32f4xx_hal_dma.o(i.HAL_DMA_GetState), (6 bytes).
    Removing stm32f4xx_hal_dma.o(i.HAL_DMA_PollForTransfer), (5292 bytes).
    Removing stm32f4xx_hal_dma.o(i.HAL_DMA_Start), (58 bytes).
    Removing stm32f4xx_hal_dma_ex.o(.rev16_text), (4 bytes).
    Removing stm32f4xx_hal_dma_ex.o(.revsh_text), (4 bytes).
    Removing stm32f4xx_hal_dma_ex.o(i.DMA_MultiBufferSetConfig), (30 bytes).
    Removing stm32f4xx_hal_dma_ex.o(i.HAL_DMAEx_ChangeMemory), (14 bytes).
    Removing stm32f4xx_hal_dma_ex.o(i.HAL_DMAEx_MultiBufferStart), (94 bytes).
    Removing stm32f4xx_hal_dma_ex.o(i.HAL_DMAEx_MultiBufferStart_IT), (144 bytes).
    Removing stm32f4xx_hal_flash.o(.rev16_text), (4 bytes).
    Removing stm32f4xx_hal_flash.o(.revsh_text), (4 bytes).
    Removing stm32f4xx_hal_flash.o(i.FLASH_Program_Byte), (32 bytes).
    Removing stm32f4xx_hal_flash.o(i.FLASH_Program_DoubleWord), (40 bytes).
    Removing stm32f4xx_hal_flash.o(i.FLASH_Program_HalfWord), (36 bytes).
    Removing stm32f4xx_hal_flash.o(i.FLASH_Program_Word), (36 bytes).
    Removing stm32f4xx_hal_flash.o(i.FLASH_SetErrorCode), (96 bytes).
    Removing stm32f4xx_hal_flash.o(i.FLASH_WaitForLastOperation), (60 bytes).
    Removing stm32f4xx_hal_flash.o(i.HAL_FLASH_EndOfOperationCallback), (2 bytes).
    Removing stm32f4xx_hal_flash.o(i.HAL_FLASH_GetError), (12 bytes).
    Removing stm32f4xx_hal_flash.o(i.HAL_FLASH_IRQHandler), (256 bytes).
    Removing stm32f4xx_hal_flash.o(i.HAL_FLASH_Lock), (20 bytes).
    Removing stm32f4xx_hal_flash.o(i.HAL_FLASH_OB_Launch), (24 bytes).
    Removing stm32f4xx_hal_flash.o(i.HAL_FLASH_OB_Lock), (20 bytes).
    Removing stm32f4xx_hal_flash.o(i.HAL_FLASH_OB_Unlock), (40 bytes).
    Removing stm32f4xx_hal_flash.o(i.HAL_FLASH_OperationErrorCallback), (2 bytes).
    Removing stm32f4xx_hal_flash.o(i.HAL_FLASH_Program), (124 bytes).
    Removing stm32f4xx_hal_flash.o(i.HAL_FLASH_Program_IT), (124 bytes).
    Removing stm32f4xx_hal_flash.o(i.HAL_FLASH_Unlock), (40 bytes).
    Removing stm32f4xx_hal_flash.o(.bss), (28 bytes).
    Removing stm32f4xx_hal_flash_ex.o(.rev16_text), (4 bytes).
    Removing stm32f4xx_hal_flash_ex.o(.revsh_text), (4 bytes).
    Removing stm32f4xx_hal_flash_ex.o(i.FLASH_Erase_Sector), (88 bytes).
    Removing stm32f4xx_hal_flash_ex.o(i.FLASH_MassErase), (36 bytes).
    Removing stm32f4xx_hal_flash_ex.o(i.HAL_FLASHEx_Erase), (152 bytes).
    Removing stm32f4xx_hal_flash_ex.o(i.HAL_FLASHEx_Erase_IT), (108 bytes).
    Removing stm32f4xx_hal_flash_ex.o(i.HAL_FLASHEx_OBGetConfig), (52 bytes).
    Removing stm32f4xx_hal_flash_ex.o(i.HAL_FLASHEx_OBProgram), (204 bytes).
    Removing stm32f4xx_hal_flash_ramfunc.o(.rev16_text), (4 bytes).
    Removing stm32f4xx_hal_flash_ramfunc.o(.revsh_text), (4 bytes).
    Removing stm32f4xx_hal_gpio.o(.rev16_text), (4 bytes).
    Removing stm32f4xx_hal_gpio.o(.revsh_text), (4 bytes).
    Removing stm32f4xx_hal_gpio.o(i.HAL_GPIO_DeInit), (156 bytes).
    Removing stm32f4xx_hal_gpio.o(i.HAL_GPIO_EXTI_Callback), (2 bytes).
    Removing stm32f4xx_hal_gpio.o(i.HAL_GPIO_EXTI_IRQHandler), (24 bytes).
    Removing stm32f4xx_hal_gpio.o(i.HAL_GPIO_LockPin), (26 bytes).
    Removing stm32f4xx_hal_gpio.o(i.HAL_GPIO_ReadPin), (10 bytes).
    Removing stm32f4xx_hal_gpio.o(i.HAL_GPIO_TogglePin), (8 bytes).
    Removing stm32f4xx_hal_hcd.o(.rev16_text), (4 bytes).
    Removing stm32f4xx_hal_hcd.o(.revsh_text), (4 bytes).
    Removing stm32f4xx_hal_hcd.o(i.HAL_HCD_Connect_Callback), (2 bytes).
    Removing stm32f4xx_hal_hcd.o(i.HAL_HCD_DeInit), (36 bytes).
    Removing stm32f4xx_hal_hcd.o(i.HAL_HCD_Disconnect_Callback), (2 bytes).
    Removing stm32f4xx_hal_hcd.o(i.HAL_HCD_GetState), (6 bytes).
    Removing stm32f4xx_hal_hcd.o(i.HAL_HCD_HC_GetState), (14 bytes).
    Removing stm32f4xx_hal_hcd.o(i.HAL_HCD_HC_GetXferCount), (12 bytes).
    Removing stm32f4xx_hal_hcd.o(i.HAL_HCD_HC_NotifyURBChange_Callback), (2 bytes).
    Removing stm32f4xx_hal_hcd.o(i.HAL_HCD_MspDeInit), (2 bytes).
    Removing stm32f4xx_hal_hcd.o(i.HAL_HCD_MspInit), (2 bytes).
    Removing stm32f4xx_hal_hcd.o(i.HAL_HCD_PortDown_Callback), (2 bytes).
    Removing stm32f4xx_hal_hcd.o(i.HAL_HCD_PortUp_Callback), (2 bytes).
    Removing stm32f4xx_hal_hcd.o(i.HAL_HCD_ResetPort), (6 bytes).
    Removing stm32f4xx_hal_hcd.o(i.HAL_HCD_SOF_Callback), (2 bytes).
    Removing stm32f4xx_hal_pwr.o(.rev16_text), (4 bytes).
    Removing stm32f4xx_hal_pwr.o(.revsh_text), (4 bytes).
    Removing stm32f4xx_hal_pwr.o(i.HAL_PWR_DeInit), (24 bytes).
    Removing stm32f4xx_hal_pwr.o(i.HAL_PWR_DisableBkUpAccess), (12 bytes).
    Removing stm32f4xx_hal_pwr.o(i.HAL_PWR_DisablePVD), (12 bytes).
    Removing stm32f4xx_hal_pwr.o(i.HAL_PWR_DisableWakeUpPin), (12 bytes).
    Removing stm32f4xx_hal_pwr.o(i.HAL_PWR_EnableBkUpAccess), (12 bytes).
    Removing stm32f4xx_hal_pwr.o(i.HAL_PWR_EnablePVD), (12 bytes).
    Removing stm32f4xx_hal_pwr.o(i.HAL_PWR_EnableWakeUpPin), (12 bytes).
    Removing stm32f4xx_hal_pwr.o(i.HAL_PWR_EnterSLEEPMode), (16 bytes).
    Removing stm32f4xx_hal_pwr.o(i.HAL_PWR_EnterSTANDBYMode), (32 bytes).
    Removing stm32f4xx_hal_pwr.o(i.HAL_PWR_EnterSTOPMode), (52 bytes).
    Removing stm32f4xx_hal_pwr.o(i.HAL_PWR_PVDCallback), (2 bytes).
    Removing stm32f4xx_hal_pwr.o(i.HAL_PWR_PVDConfig), (108 bytes).
    Removing stm32f4xx_hal_pwr.o(i.HAL_PWR_PVD_IRQHandler), (28 bytes).
    Removing stm32f4xx_hal_pwr_ex.o(.rev16_text), (4 bytes).
    Removing stm32f4xx_hal_pwr_ex.o(.revsh_text), (4 bytes).
    Removing stm32f4xx_hal_pwr_ex.o(i.HAL_PWREx_DisableBkUpReg), (60 bytes).
    Removing stm32f4xx_hal_pwr_ex.o(i.HAL_PWREx_DisableFlashPowerDown), (12 bytes).
    Removing stm32f4xx_hal_pwr_ex.o(i.HAL_PWREx_EnableBkUpReg), (60 bytes).
    Removing stm32f4xx_hal_pwr_ex.o(i.HAL_PWREx_EnableFlashPowerDown), (12 bytes).
    Removing stm32f4xx_hal_rcc.o(.rev16_text), (4 bytes).
    Removing stm32f4xx_hal_rcc.o(.revsh_text), (4 bytes).
    Removing stm32f4xx_hal_rcc.o(i.HAL_RCC_CCSCallback), (2 bytes).
    Removing stm32f4xx_hal_rcc.o(i.HAL_RCC_DeInit), (88 bytes).
    Removing stm32f4xx_hal_rcc.o(i.HAL_RCC_DisableCSS), (12 bytes).
    Removing stm32f4xx_hal_rcc.o(i.HAL_RCC_EnableCSS), (12 bytes).
    Removing stm32f4xx_hal_rcc.o(i.HAL_RCC_GetClockConfig), (60 bytes).
    Removing stm32f4xx_hal_rcc.o(i.HAL_RCC_GetOscConfig), (228 bytes).
    Removing stm32f4xx_hal_rcc.o(i.HAL_RCC_MCOConfig), (124 bytes).
    Removing stm32f4xx_hal_rcc.o(i.HAL_RCC_NMI_IRQHandler), (28 bytes).
    Removing stm32f4xx_hal_rcc_ex.o(.rev16_text), (4 bytes).
    Removing stm32f4xx_hal_rcc_ex.o(.revsh_text), (4 bytes).
    Removing stm32f4xx_hal_rcc_ex.o(i.HAL_RCCEx_GetPeriphCLKConfig), (80 bytes).
    Removing stm32f4xx_hal_rcc_ex.o(i.HAL_RCCEx_PeriphCLKConfig), (328 bytes).
    Removing stm32f4xx_hal_uart.o(.rev16_text), (4 bytes).
    Removing stm32f4xx_hal_uart.o(.revsh_text), (4 bytes).
    Removing stm32f4xx_hal_uart.o(i.HAL_HalfDuplex_EnableReceiver), (54 bytes).
    Removing stm32f4xx_hal_uart.o(i.HAL_HalfDuplex_EnableTransmitter), (54 bytes).
    Removing stm32f4xx_hal_uart.o(i.HAL_HalfDuplex_Init), (102 bytes).
    Removing stm32f4xx_hal_uart.o(i.HAL_LIN_Init), (122 bytes).
    Removing stm32f4xx_hal_uart.o(i.HAL_LIN_SendBreak), (50 bytes).
    Removing stm32f4xx_hal_uart.o(i.HAL_MultiProcessor_EnterMuteMode), (50 bytes).
    Removing stm32f4xx_hal_uart.o(i.HAL_MultiProcessor_ExitMuteMode), (50 bytes).
    Removing stm32f4xx_hal_uart.o(i.HAL_MultiProcessor_Init), (132 bytes).
    Removing stm32f4xx_hal_uart.o(i.HAL_UART_DMAPause), (86 bytes).
    Removing stm32f4xx_hal_uart.o(i.HAL_UART_DMAResume), (96 bytes).
    Removing stm32f4xx_hal_uart.o(i.HAL_UART_DMAStop), (50 bytes).
    Removing stm32f4xx_hal_uart.o(i.HAL_UART_DeInit), (36 bytes).
    Removing stm32f4xx_hal_uart.o(i.HAL_UART_GetError), (6 bytes).
    Removing stm32f4xx_hal_uart.o(i.HAL_UART_GetState), (6 bytes).
    Removing stm32f4xx_hal_uart.o(i.HAL_UART_IRQHandler), (202 bytes).
    Removing stm32f4xx_hal_uart.o(i.HAL_UART_MspDeInit), (2 bytes).
    Removing stm32f4xx_hal_uart.o(i.HAL_UART_MspInit), (2 bytes).
    Removing stm32f4xx_hal_uart.o(i.HAL_UART_Receive), (204 bytes).
    Removing stm32f4xx_hal_uart.o(i.HAL_UART_Receive_DMA), (136 bytes).
    Removing stm32f4xx_hal_uart.o(i.HAL_UART_Receive_IT), (106 bytes).
    Removing stm32f4xx_hal_uart.o(i.HAL_UART_RxCpltCallback), (2 bytes).
    Removing stm32f4xx_hal_uart.o(i.HAL_UART_RxHalfCpltCallback), (2 bytes).
    Removing stm32f4xx_hal_uart.o(i.HAL_UART_Transmit), (204 bytes).
    Removing stm32f4xx_hal_uart.o(i.HAL_UART_Transmit_IT), (106 bytes).
    Removing stm32f4xx_hal_uart.o(i.HAL_UART_TxCpltCallback), (2 bytes).
    Removing stm32f4xx_hal_uart.o(i.UART_DMAReceiveCplt), (54 bytes).
    Removing stm32f4xx_hal_uart.o(i.UART_DMARxHalfCplt), (10 bytes).
    Removing stm32f4xx_hal_uart.o(i.UART_Receive_IT), (168 bytes).
    Removing stm32f4xx_hal_uart.o(i.UART_Transmit_IT), (162 bytes).
    Removing stm32f4xx_ll_usb.o(.rev16_text), (4 bytes).
    Removing stm32f4xx_ll_usb.o(.revsh_text), (4 bytes).
    Removing stm32f4xx_ll_usb.o(i.USB_ActivateDedicatedEndpoint), (224 bytes).
    Removing stm32f4xx_ll_usb.o(i.USB_ActivateEndpoint), (132 bytes).
    Removing stm32f4xx_ll_usb.o(i.USB_ActivateSetup), (54 bytes).
    Removing stm32f4xx_ll_usb.o(i.USB_ClearInterrupts), (8 bytes).
    Removing stm32f4xx_ll_usb.o(i.USB_DeactivateDedicatedEndpoint), (84 bytes).
    Removing stm32f4xx_ll_usb.o(i.USB_DeactivateEndpoint), (114 bytes).
    Removing stm32f4xx_ll_usb.o(i.USB_DevConnect), (26 bytes).
    Removing stm32f4xx_ll_usb.o(i.USB_DevDisconnect), (26 bytes).
    Removing stm32f4xx_ll_usb.o(i.USB_DevInit), (324 bytes).
    Removing stm32f4xx_ll_usb.o(i.USB_EP0StartXfer), (332 bytes).
    Removing stm32f4xx_ll_usb.o(i.USB_EP0_OutStart), (56 bytes).
    Removing stm32f4xx_ll_usb.o(i.USB_EPClearStall), (102 bytes).
    Removing stm32f4xx_ll_usb.o(i.USB_EPSetStall), (100 bytes).
    Removing stm32f4xx_ll_usb.o(i.USB_EPStartXfer), (568 bytes).
    Removing stm32f4xx_ll_usb.o(i.USB_GetDevSpeed), (60 bytes).
    Removing stm32f4xx_ll_usb.o(i.USB_ReadDevAllInEpInterrupt), (14 bytes).
    Removing stm32f4xx_ll_usb.o(i.USB_ReadDevAllOutEpInterrupt), (14 bytes).
    Removing stm32f4xx_ll_usb.o(i.USB_ReadDevInEPInterrupt), (30 bytes).
    Removing stm32f4xx_ll_usb.o(i.USB_ReadDevOutEPInterrupt), (16 bytes).
    Removing stm32f4xx_ll_usb.o(i.USB_ResetPort), (36 bytes).
    Removing stm32f4xx_ll_usb.o(i.USB_SetDevAddress), (32 bytes).
    Removing stm32f4xx_ll_usb.o(i.USB_SetDevSpeed), (16 bytes).
    Removing stm32f4xx_ll_usb.o(i.USB_StopDevice), (66 bytes).
    Removing stm32f4xx_ll_usb.o(.data), (4 bytes).
    Removing stm32f4xx_hal_tim_ex.o(.rev16_text), (4 bytes).
    Removing stm32f4xx_hal_tim_ex.o(.revsh_text), (4 bytes).
    Removing stm32f4xx_hal_tim_ex.o(i.HAL_TIMEx_ConfigBreakDeadTime), (84 bytes).
    Removing stm32f4xx_hal_tim_ex.o(i.HAL_TIMEx_ConfigCommutationEvent), (92 bytes).
    Removing stm32f4xx_hal_tim_ex.o(i.HAL_TIMEx_ConfigCommutationEvent_DMA), (124 bytes).
    Removing stm32f4xx_hal_tim_ex.o(i.HAL_TIMEx_ConfigCommutationEvent_IT), (102 bytes).
    Removing stm32f4xx_hal_tim_ex.o(i.HAL_TIMEx_DMACommutationCplt), (16 bytes).
    Removing stm32f4xx_hal_tim_ex.o(i.HAL_TIMEx_HallSensor_DeInit), (56 bytes).
    Removing stm32f4xx_hal_tim_ex.o(i.HAL_TIMEx_HallSensor_GetState), (6 bytes).
    Removing stm32f4xx_hal_tim_ex.o(i.HAL_TIMEx_HallSensor_Init), (176 bytes).
    Removing stm32f4xx_hal_tim_ex.o(i.HAL_TIMEx_HallSensor_MspDeInit), (2 bytes).
    Removing stm32f4xx_hal_tim_ex.o(i.HAL_TIMEx_HallSensor_MspInit), (2 bytes).
    Removing stm32f4xx_hal_tim_ex.o(i.HAL_TIMEx_HallSensor_Start), (28 bytes).
    Removing stm32f4xx_hal_tim_ex.o(i.HAL_TIMEx_HallSensor_Start_DMA), (104 bytes).
    Removing stm32f4xx_hal_tim_ex.o(i.HAL_TIMEx_HallSensor_Start_IT), (38 bytes).
    Removing stm32f4xx_hal_tim_ex.o(i.HAL_TIMEx_HallSensor_Stop), (46 bytes).
    Removing stm32f4xx_hal_tim_ex.o(i.HAL_TIMEx_HallSensor_Stop_DMA), (56 bytes).
    Removing stm32f4xx_hal_tim_ex.o(i.HAL_TIMEx_HallSensor_Stop_IT), (56 bytes).
    Removing stm32f4xx_hal_tim_ex.o(i.HAL_TIMEx_MasterConfigSynchronization), (80 bytes).
    Removing stm32f4xx_hal_tim_ex.o(i.HAL_TIMEx_OCN_Start), (36 bytes).
    Removing stm32f4xx_hal_tim_ex.o(i.HAL_TIMEx_OCN_Start_DMA), (220 bytes).
    Removing stm32f4xx_hal_tim_ex.o(i.HAL_TIMEx_OCN_Start_IT), (86 bytes).
    Removing stm32f4xx_hal_tim_ex.o(i.HAL_TIMEx_OCN_Stop), (68 bytes).
    Removing stm32f4xx_hal_tim_ex.o(i.HAL_TIMEx_OCN_Stop_DMA), (126 bytes).
    Removing stm32f4xx_hal_tim_ex.o(i.HAL_TIMEx_OCN_Stop_IT), (120 bytes).
    Removing stm32f4xx_hal_tim_ex.o(i.HAL_TIMEx_OnePulseN_Start), (26 bytes).
    Removing stm32f4xx_hal_tim_ex.o(i.HAL_TIMEx_OnePulseN_Start_IT), (46 bytes).
    Removing stm32f4xx_hal_tim_ex.o(i.HAL_TIMEx_OnePulseN_Stop), (68 bytes).
    Removing stm32f4xx_hal_tim_ex.o(i.HAL_TIMEx_OnePulseN_Stop_IT), (88 bytes).
    Removing stm32f4xx_hal_tim_ex.o(i.HAL_TIMEx_PWMN_Start), (36 bytes).
    Removing stm32f4xx_hal_tim_ex.o(i.HAL_TIMEx_PWMN_Start_DMA), (220 bytes).
    Removing stm32f4xx_hal_tim_ex.o(i.HAL_TIMEx_PWMN_Start_IT), (96 bytes).
    Removing stm32f4xx_hal_tim_ex.o(i.HAL_TIMEx_PWMN_Stop), (68 bytes).
    Removing stm32f4xx_hal_tim_ex.o(i.HAL_TIMEx_PWMN_Stop_DMA), (126 bytes).
    Removing stm32f4xx_hal_tim_ex.o(i.HAL_TIMEx_PWMN_Stop_IT), (130 bytes).
    Removing stm32f4xx_hal_tim_ex.o(i.HAL_TIMEx_RemapConfig), (32 bytes).
    Removing stm32f4xx_hal_tim_ex.o(i.TIM_CCxNChannelCmd), (22 bytes).
    Removing stm32f4xx_hal_tim.o(.rev16_text), (4 bytes).
    Removing stm32f4xx_hal_tim.o(.revsh_text), (4 bytes).
    Removing stm32f4xx_hal_tim.o(i.HAL_TIM_Base_DeInit), (56 bytes).
    Removing stm32f4xx_hal_tim.o(i.HAL_TIM_Base_GetState), (6 bytes).
    Removing stm32f4xx_hal_tim.o(i.HAL_TIM_Base_MspDeInit), (2 bytes).
    Removing stm32f4xx_hal_tim.o(i.HAL_TIM_Base_MspInit), (2 bytes).
    Removing stm32f4xx_hal_tim.o(i.HAL_TIM_Base_Start), (26 bytes).
    Removing stm32f4xx_hal_tim.o(i.HAL_TIM_Base_Start_DMA), (96 bytes).
    Removing stm32f4xx_hal_tim.o(i.HAL_TIM_Base_Stop), (44 bytes).
    Removing stm32f4xx_hal_tim.o(i.HAL_TIM_Base_Stop_DMA), (48 bytes).
    Removing stm32f4xx_hal_tim.o(i.HAL_TIM_Base_Stop_IT), (42 bytes).
    Removing stm32f4xx_hal_tim.o(i.HAL_TIM_ConfigOCrefClear), (176 bytes).
    Removing stm32f4xx_hal_tim.o(i.HAL_TIM_ConfigTI1Input), (16 bytes).
    Removing stm32f4xx_hal_tim.o(i.HAL_TIM_DMABurst_ReadStart), (296 bytes).
    Removing stm32f4xx_hal_tim.o(i.HAL_TIM_DMABurst_ReadStop), (12 bytes).
    Removing stm32f4xx_hal_tim.o(i.HAL_TIM_DMABurst_WriteStart), (296 bytes).
    Removing stm32f4xx_hal_tim.o(i.HAL_TIM_DMABurst_WriteStop), (12 bytes).
    Removing stm32f4xx_hal_tim.o(i.HAL_TIM_DMACaptureCplt), (16 bytes).
    Removing stm32f4xx_hal_tim.o(i.HAL_TIM_DMADelayPulseCplt), (16 bytes).
    Removing stm32f4xx_hal_tim.o(i.HAL_TIM_DMAError), (16 bytes).
    Removing stm32f4xx_hal_tim.o(i.HAL_TIM_Encoder_DeInit), (56 bytes).
    Removing stm32f4xx_hal_tim.o(i.HAL_TIM_Encoder_GetState), (6 bytes).
    Removing stm32f4xx_hal_tim.o(i.HAL_TIM_Encoder_Init), (144 bytes).
    Removing stm32f4xx_hal_tim.o(i.HAL_TIM_Encoder_MspDeInit), (2 bytes).
    Removing stm32f4xx_hal_tim.o(i.HAL_TIM_Encoder_MspInit), (2 bytes).
    Removing stm32f4xx_hal_tim.o(i.HAL_TIM_Encoder_Start), (52 bytes).
    Removing stm32f4xx_hal_tim.o(i.HAL_TIM_Encoder_Start_DMA), (272 bytes).
    Removing stm32f4xx_hal_tim.o(i.HAL_TIM_Encoder_Start_IT), (92 bytes).
    Removing stm32f4xx_hal_tim.o(i.HAL_TIM_Encoder_Stop), (74 bytes).
    Removing stm32f4xx_hal_tim.o(i.HAL_TIM_Encoder_Stop_DMA), (120 bytes).
    Removing stm32f4xx_hal_tim.o(i.HAL_TIM_Encoder_Stop_IT), (120 bytes).
    Removing stm32f4xx_hal_tim.o(i.HAL_TIM_ErrorCallback), (2 bytes).
    Removing stm32f4xx_hal_tim.o(i.HAL_TIM_GenerateEvent), (44 bytes).
    Removing stm32f4xx_hal_tim.o(i.HAL_TIM_IC_ConfigChannel), (260 bytes).
    Removing stm32f4xx_hal_tim.o(i.HAL_TIM_IC_DeInit), (56 bytes).
    Removing stm32f4xx_hal_tim.o(i.HAL_TIM_IC_GetState), (6 bytes).
    Removing stm32f4xx_hal_tim.o(i.HAL_TIM_IC_Init), (48 bytes).
    Removing stm32f4xx_hal_tim.o(i.HAL_TIM_IC_MspDeInit), (2 bytes).
    Removing stm32f4xx_hal_tim.o(i.HAL_TIM_IC_MspInit), (2 bytes).
    Removing stm32f4xx_hal_tim.o(i.HAL_TIM_IC_Start), (26 bytes).
    Removing stm32f4xx_hal_tim.o(i.HAL_TIM_IC_Start_DMA), (200 bytes).
    Removing stm32f4xx_hal_tim.o(i.HAL_TIM_IC_Start_IT), (76 bytes).
    Removing stm32f4xx_hal_tim.o(i.HAL_TIM_IC_Stop), (44 bytes).
    Removing stm32f4xx_hal_tim.o(i.HAL_TIM_IC_Stop_DMA), (104 bytes).
    Removing stm32f4xx_hal_tim.o(i.HAL_TIM_IC_Stop_IT), (98 bytes).
    Removing stm32f4xx_hal_tim.o(i.HAL_TIM_OC_ConfigChannel), (88 bytes).
    Removing stm32f4xx_hal_tim.o(i.HAL_TIM_OC_DeInit), (56 bytes).
    Removing stm32f4xx_hal_tim.o(i.HAL_TIM_OC_GetState), (6 bytes).
    Removing stm32f4xx_hal_tim.o(i.HAL_TIM_OC_Init), (48 bytes).
    Removing stm32f4xx_hal_tim.o(i.HAL_TIM_OC_MspDeInit), (2 bytes).
    Removing stm32f4xx_hal_tim.o(i.HAL_TIM_OC_MspInit), (2 bytes).
    Removing stm32f4xx_hal_tim.o(i.HAL_TIM_OC_Start), (56 bytes).
    Removing stm32f4xx_hal_tim.o(i.HAL_TIM_OC_Start_DMA), (240 bytes).
    Removing stm32f4xx_hal_tim.o(i.HAL_TIM_OC_Start_IT), (108 bytes).
    Removing stm32f4xx_hal_tim.o(i.HAL_TIM_OC_Stop), (88 bytes).
    Removing stm32f4xx_hal_tim.o(i.HAL_TIM_OC_Stop_DMA), (144 bytes).
    Removing stm32f4xx_hal_tim.o(i.HAL_TIM_OC_Stop_IT), (140 bytes).
    Removing stm32f4xx_hal_tim.o(i.HAL_TIM_OnePulse_ConfigChannel), (216 bytes).
    Removing stm32f4xx_hal_tim.o(i.HAL_TIM_OnePulse_DeInit), (56 bytes).
    Removing stm32f4xx_hal_tim.o(i.HAL_TIM_OnePulse_GetState), (6 bytes).
    Removing stm32f4xx_hal_tim.o(i.HAL_TIM_OnePulse_Init), (68 bytes).
    Removing stm32f4xx_hal_tim.o(i.HAL_TIM_OnePulse_MspDeInit), (2 bytes).
    Removing stm32f4xx_hal_tim.o(i.HAL_TIM_OnePulse_MspInit), (2 bytes).
    Removing stm32f4xx_hal_tim.o(i.HAL_TIM_OnePulse_Start), (60 bytes).
    Removing stm32f4xx_hal_tim.o(i.HAL_TIM_OnePulse_Start_IT), (80 bytes).
    Removing stm32f4xx_hal_tim.o(i.HAL_TIM_OnePulse_Stop), (100 bytes).
    Removing stm32f4xx_hal_tim.o(i.HAL_TIM_OnePulse_Stop_IT), (120 bytes).
    Removing stm32f4xx_hal_tim.o(i.HAL_TIM_PWM_ConfigChannel), (210 bytes).
    Removing stm32f4xx_hal_tim.o(i.HAL_TIM_PWM_DeInit), (56 bytes).
    Removing stm32f4xx_hal_tim.o(i.HAL_TIM_PWM_GetState), (6 bytes).
    Removing stm32f4xx_hal_tim.o(i.HAL_TIM_PWM_Init), (48 bytes).
    Removing stm32f4xx_hal_tim.o(i.HAL_TIM_PWM_MspDeInit), (2 bytes).
    Removing stm32f4xx_hal_tim.o(i.HAL_TIM_PWM_MspInit), (2 bytes).
    Removing stm32f4xx_hal_tim.o(i.HAL_TIM_PWM_Start), (56 bytes).
    Removing stm32f4xx_hal_tim.o(i.HAL_TIM_PWM_Start_DMA), (240 bytes).
    Removing stm32f4xx_hal_tim.o(i.HAL_TIM_PWM_Start_IT), (108 bytes).
    Removing stm32f4xx_hal_tim.o(i.HAL_TIM_PWM_Stop), (92 bytes).
    Removing stm32f4xx_hal_tim.o(i.HAL_TIM_PWM_Stop_DMA), (144 bytes).
    Removing stm32f4xx_hal_tim.o(i.HAL_TIM_PWM_Stop_IT), (140 bytes).
    Removing stm32f4xx_hal_tim.o(i.HAL_TIM_PeriodElapsedCallback), (2 bytes).
    Removing stm32f4xx_hal_tim.o(i.HAL_TIM_ReadCapturedValue), (68 bytes).
    Removing stm32f4xx_hal_tim.o(i.HAL_TIM_SlaveConfigSynchronization), (162 bytes).
    Removing stm32f4xx_hal_tim.o(i.TIM_CCxChannelCmd), (22 bytes).
    Removing stm32f4xx_hal_tim.o(i.TIM_DMAPeriodElapsedCplt), (16 bytes).
    Removing stm32f4xx_hal_tim.o(i.TIM_DMATriggerCplt), (16 bytes).
    Removing stm32f4xx_hal_tim.o(i.TIM_OC1_SetConfig), (88 bytes).
    Removing stm32f4xx_hal_tim.o(i.TIM_OC2_SetConfig), (100 bytes).
    Removing stm32f4xx_hal_tim.o(i.TIM_OC3_SetConfig), (100 bytes).
    Removing stm32f4xx_hal_tim.o(i.TIM_OC4_SetConfig), (80 bytes).
    Removing stm32f4xx_hal_tim.o(i.TIM_TI1_SetConfig), (128 bytes).
    Removing stm32f4xx_hal_tim.o(i.TIM_TI2_SetConfig), (46 bytes).
    Removing usbh_hid.o(.rev16_text), (4 bytes).
    Removing usbh_hid.o(.revsh_text), (4 bytes).
    Removing usbh_hid.o(i.USBH_HID_ClassRequest), (352 bytes).
    Removing usbh_hid.o(i.USBH_HID_EventCallback), (208 bytes).
    Removing usbh_hid.o(i.USBH_HID_GetDeviceType), (46 bytes).
    Removing usbh_hid.o(i.USBH_HID_GetHIDDescriptor), (20 bytes).
    Removing usbh_hid.o(i.USBH_HID_GetHIDReportDescriptor), (20 bytes).
    Removing usbh_hid.o(i.USBH_HID_GetPollInterval), (46 bytes).
    Removing usbh_hid.o(i.USBH_HID_GetReport), (34 bytes).
    Removing usbh_hid.o(i.USBH_HID_InterfaceDeInit), (68 bytes).
    Removing usbh_hid.o(i.USBH_HID_InterfaceInit), (664 bytes).
    Removing usbh_hid.o(i.USBH_HID_PrintHIDDesc), (480 bytes).
    Removing usbh_hid.o(i.USBH_HID_Process), (520 bytes).
    Removing usbh_hid.o(i.USBH_HID_SOFProcess), (34 bytes).
    Removing usbh_hid.o(i.USBH_HID_SetIdle), (26 bytes).
    Removing usbh_hid.o(i.USBH_HID_SetProtocol), (30 bytes).
    Removing usbh_hid.o(i.USBH_HID_SetReport), (34 bytes).
    Removing usbh_hid.o(i.fifo_init), (14 bytes).
    Removing usbh_hid.o(i.fifo_read), (72 bytes).
    Removing usbh_hid.o(i.fifo_write), (80 bytes).
    Removing usbh_hid.o(.bss), (3172 bytes).
    Removing usbh_hid.o(.constdata), (81 bytes).
    Removing usbh_hid.o(.conststring), (4 bytes).
    Removing usbh_hid.o(.data), (32 bytes).
    Removing usbh_hid.o(.data), (4 bytes).
    Removing usbh_hid_keybd.o(.rev16_text), (4 bytes).
    Removing usbh_hid_keybd.o(.revsh_text), (4 bytes).
    Removing usbh_hid_keybd.o(i.USBH_HID_GetASCIICode), (36 bytes).
    Removing usbh_hid_keybd.o(i.USBH_HID_GetKeybdInfo), (20 bytes).
    Removing usbh_hid_keybd.o(i.USBH_HID_KeybdDecode), (176 bytes).
    Removing usbh_hid_keybd.o(i.USBH_HID_KeybdInit), (84 bytes).
    Removing usbh_hid_keybd.o(.bss), (15 bytes).
    Removing usbh_hid_keybd.o(.constdata), (780 bytes).
    Removing usbh_hid_keybd.o(.data), (8 bytes).
    Removing usbh_hid_mouse.o(.rev16_text), (4 bytes).
    Removing usbh_hid_mouse.o(.revsh_text), (4 bytes).
    Removing usbh_hid_mouse.o(i.USBH_HID_GetMouseInfo), (20 bytes).
    Removing usbh_hid_mouse.o(i.USBH_HID_MouseDecode), (108 bytes).
    Removing usbh_hid_mouse.o(i.USBH_HID_MouseInit), (60 bytes).
    Removing usbh_hid_mouse.o(.constdata), (160 bytes).
    Removing usbh_hid_mouse.o(.data), (9 bytes).
    Removing usbh_hid_parser.o(.rev16_text), (4 bytes).
    Removing usbh_hid_parser.o(.revsh_text), (4 bytes).
    Removing usbh_hid_parser.o(i.HID_ReadItem), (130 bytes).
    Removing usbh_hid_parser.o(i.HID_WriteItem), (114 bytes).
    Removing usbh_msc.o(.rev16_text), (4 bytes).
    Removing usbh_msc.o(.revsh_text), (4 bytes).
    Removing usbh_msc.o(i.USBH_MSC_ClassRequest), (172 bytes).
    Removing usbh_msc.o(i.USBH_MSC_GetLUNInfo), (46 bytes).
    Removing usbh_msc.o(i.USBH_MSC_GetMaxLUN), (30 bytes).
    Removing usbh_msc.o(i.USBH_MSC_InterfaceDeInit), (74 bytes).
    Removing usbh_msc.o(i.USBH_MSC_InterfaceInit), (412 bytes).
    Removing usbh_msc.o(i.USBH_MSC_IsReady), (22 bytes).
    Removing usbh_msc.o(i.USBH_MSC_Process), (1512 bytes).
    Removing usbh_msc.o(i.USBH_MSC_RdWrProcess), (364 bytes).
    Removing usbh_msc.o(i.USBH_MSC_Read), (136 bytes).
    Removing usbh_msc.o(i.USBH_MSC_SOFProcess), (4 bytes).
    Removing usbh_msc.o(i.USBH_MSC_UnitIsReady), (38 bytes).
    Removing usbh_msc.o(i.USBH_MSC_Write), (136 bytes).
    Removing usbh_msc.o(.conststring), (4 bytes).
    Removing usbh_msc.o(.data), (32 bytes).
    Removing usbh_msc_bot.o(.rev16_text), (4 bytes).
    Removing usbh_msc_bot.o(.revsh_text), (4 bytes).
    Removing usbh_msc_bot.o(i.USBH_MSC_BOT_Abort), (30 bytes).
    Removing usbh_msc_bot.o(i.USBH_MSC_BOT_Init), (40 bytes).
    Removing usbh_msc_bot.o(i.USBH_MSC_BOT_Process), (476 bytes).
    Removing usbh_msc_bot.o(i.USBH_MSC_BOT_REQ_GetMaxLUN), (22 bytes).
    Removing usbh_msc_bot.o(i.USBH_MSC_BOT_REQ_Reset), (22 bytes).
    Removing usbh_msc_scsi.o(.rev16_text), (4 bytes).
    Removing usbh_msc_scsi.o(.revsh_text), (4 bytes).
    Removing usbh_msc_scsi.o(i.USBH_MSC_SCSI_Inquiry), (192 bytes).
    Removing usbh_msc_scsi.o(i.USBH_MSC_SCSI_Read), (132 bytes).
    Removing usbh_msc_scsi.o(i.USBH_MSC_SCSI_ReadCapacity), (128 bytes).
    Removing usbh_msc_scsi.o(i.USBH_MSC_SCSI_RequestSense), (148 bytes).
    Removing usbh_msc_scsi.o(i.USBH_MSC_SCSI_TestUnitReady), (82 bytes).
    Removing usbh_msc_scsi.o(i.USBH_MSC_SCSI_Write), (132 bytes).
    Removing usbh_core.o(.rev16_text), (4 bytes).
    Removing usbh_core.o(.revsh_text), (4 bytes).
    Removing usbh_core.o(i.USBH_DeInit), (32 bytes).
    Removing usbh_core.o(i.USBH_FindInterfaceIndex), (56 bytes).
    Removing usbh_core.o(i.USBH_GetActiveClass), (6 bytes).
    Removing usbh_core.o(i.USBH_ReEnumerate), (30 bytes).
    Removing usbh_core.o(i.USBH_Stop), (36 bytes).
    Removing usbh_ctlreq.o(.rev16_text), (4 bytes).
    Removing usbh_ctlreq.o(.revsh_text), (4 bytes).
    Removing usbh_ctlreq.o(i.USBH_ClrFeature), (30 bytes).
    Removing usbh_ctlreq.o(i.USBH_SetInterface), (28 bytes).
    Removing usbh_ioreq.o(.rev16_text), (4 bytes).
    Removing usbh_ioreq.o(.revsh_text), (4 bytes).
    Removing usbh_ioreq.o(i.USBH_BulkReceiveData), (34 bytes).
    Removing usbh_ioreq.o(i.USBH_BulkSendData), (38 bytes).
    Removing usbh_ioreq.o(i.USBH_InterruptReceiveData), (34 bytes).
    Removing usbh_ioreq.o(i.USBH_InterruptSendData), (34 bytes).
    Removing usbh_ioreq.o(i.USBH_IsocReceiveData), (32 bytes).
    Removing usbh_ioreq.o(i.USBH_IsocSendData), (32 bytes).
    Removing usbh_pipes.o(.rev16_text), (4 bytes).
    Removing usbh_pipes.o(.revsh_text), (4 bytes).
    Removing usbh_adk_core.o(.rev16_text), (4 bytes).
    Removing usbh_adk_core.o(.revsh_text), (4 bytes).
    Removing usbh_adk_core.o(i.USBH_ADK_getStatus), (12 bytes).
    Removing usbh_adk_core.o(i.USBH_ADK_read), (60 bytes).
    Removing usbh_adk_core.o(i.USBH_ADK_send), (32 bytes).
    Removing usbh_adk_core.o(i.USBH_ADK_write), (28 bytes).
    Removing usbh_adk_core.o(.data), (8 bytes).
    Removing usbh_hid_nonbootkbd.o(.rev16_text), (4 bytes).
    Removing usbh_hid_nonbootkbd.o(.revsh_text), (4 bytes).
    Removing usbh_hid_nonbootkbd.o(i.USBH_HID_NonBootKbdInit), (20 bytes).
    Removing usbh_hid_nonbootkbd.o(.bss), (256 bytes).
    Removing dadd.o(.text), (332 bytes).
    Removing dmul.o(.text), (224 bytes).
    Removing ddiv.o(.text), (222 bytes).
    Removing dfixul.o(.text), (48 bytes).
    Removing cdrcmple.o(.text), (40 bytes).
    Removing depilogue.o(.text), (190 bytes).

460 unused section(s) (total 41911 bytes) removed from the image.

==============================================================================

Memory Map of the image

  Image Entry point : 0x00000000

  Load Region LR_IROM1 (Base: 0x08000000, Size: 0x00006484, Max: 0x00080000, ABSOLUTE)

    Execution Region ER_IROM1 (Base: 0x08000000, Size: 0x00006380, Max: 0x00080000, ABSOLUTE)

    Base Addr    Size         Type   Attr      Idx    E Section Name        Object

    0x08000000   0x00000188   Data   RO            3    RESET               startup_stm32f407xx.o
    0x08000188   0x00000000   Code   RO         4021  * .ARM.Collect$$$$00000000  mc_w.l(entry.o)
    0x08000188   0x00000004   Code   RO         4325    .ARM.Collect$$$$00000001  mc_w.l(entry2.o)
    0x0800018c   0x00000004   Code   RO         4328    .ARM.Collect$$$$00000004  mc_w.l(entry5.o)
    0x08000190   0x00000000   Code   RO         4330    .ARM.Collect$$$$00000008  mc_w.l(entry7b.o)
    0x08000190   0x00000008   Code   RO         4331    .ARM.Collect$$$$00000009  mc_w.l(entry8.o)
    0x08000198   0x00000004   Code   RO         4326    .ARM.Collect$$$$00002712  mc_w.l(entry2.o)
    0x0800019c   0x00000024   Code   RO            4    .text               startup_stm32f407xx.o
    0x080001c0   0x00000024   Code   RO         4024    .text               mc_w.l(memcpya.o)
    0x080001e4   0x00000018   Code   RO         4028    .text               mc_w.l(strncpy.o)
    0x080001fc   0x00000010   Code   RO         4030    .text               mc_w.l(strlen.o)
    0x0800020c   0x00000062   Code   RO         4335    .text               mc_w.l(uldiv.o)
    0x0800026e   0x00000002   PAD
    0x08000270   0x00000024   Code   RO         4350    .text               mc_w.l(init.o)
    0x08000294   0x0000001e   Code   RO         4352    .text               mc_w.l(llshl.o)
    0x080002b2   0x00000020   Code   RO         4354    .text               mc_w.l(llushr.o)
    0x080002d2   0x00000002   PAD
    0x080002d4   0x0000000c   Code   RO          188    i.DMA1_Stream6_IRQHandler  stm32f4xx_it.o
    0x080002e0   0x0000001e   Code   RO          965    i.DMA_SetConfig     stm32f4xx_hal_dma.o
    0x080002fe   0x00000002   PAD
    0x08000300   0x0000004c   Code   RO         3557    i.DeInitStateMachine  usbh_core.o
    0x0800034c   0x0000000c   Code   RO          618    i.GetTimeCount      time.o
    0x08000358   0x00000e80   Code   RO          970    i.HAL_DMA_IRQHandler  stm32f4xx_hal_dma.o
    0x080011d8   0x00000070   Code   RO          971    i.HAL_DMA_Init      stm32f4xx_hal_dma.o
    0x08001248   0x0000006c   Code   RO          974    i.HAL_DMA_Start_IT  stm32f4xx_hal_dma.o
    0x080012b4   0x00000018   Code   RO          711    i.HAL_Delay         stm32f4xx_hal.o
    0x080012cc   0x000001c4   Code   RO         1256    i.HAL_GPIO_Init     stm32f4xx_hal_gpio.o
    0x08001490   0x0000000a   Code   RO         1260    i.HAL_GPIO_WritePin  stm32f4xx_hal_gpio.o
    0x0800149a   0x00000002   PAD
    0x0800149c   0x0000000c   Code   RO          723    i.HAL_GetTick       stm32f4xx_hal.o
    0x080014a8   0x00000008   Code   RO          374    i.HAL_HCD_Connect_Callback  usbh_conf.o
    0x080014b0   0x00000008   Code   RO          375    i.HAL_HCD_Disconnect_Callback  usbh_conf.o
    0x080014b8   0x00000006   Code   RO         1318    i.HAL_HCD_GetCurrentFrame  stm32f4xx_hal_hcd.o
    0x080014be   0x00000006   Code   RO         1319    i.HAL_HCD_GetCurrentSpeed  stm32f4xx_hal_hcd.o
    0x080014c4   0x0000000e   Code   RO         1322    i.HAL_HCD_HC_GetURBState  stm32f4xx_hal_hcd.o
    0x080014d2   0x00000024   Code   RO         1324    i.HAL_HCD_HC_Halt   stm32f4xx_hal_hcd.o
    0x080014f6   0x0000004e   Code   RO         1325    i.HAL_HCD_HC_Init   stm32f4xx_hal_hcd.o
    0x08001544   0x00000002   Code   RO          376    i.HAL_HCD_HC_NotifyURBChange_Callback  usbh_conf.o
    0x08001546   0x00000002   PAD
    0x08001548   0x000000ba   Code   RO         1327    i.HAL_HCD_HC_SubmitRequest  stm32f4xx_hal_hcd.o
    0x08001602   0x0000012e   Code   RO         1328    i.HAL_HCD_IRQHandler  stm32f4xx_hal_hcd.o
    0x08001730   0x0000005a   Code   RO         1329    i.HAL_HCD_Init      stm32f4xx_hal_hcd.o
    0x0800178a   0x00000002   PAD
    0x0800178c   0x000000cc   Code   RO          378    i.HAL_HCD_MspInit   usbh_conf.o
    0x08001858   0x00000008   Code   RO          379    i.HAL_HCD_PortDown_Callback  usbh_conf.o
    0x08001860   0x00000008   Code   RO          380    i.HAL_HCD_PortUp_Callback  usbh_conf.o
    0x08001868   0x00000006   Code   RO         1334    i.HAL_HCD_ResetAssert  stm32f4xx_hal_hcd.o
    0x0800186e   0x00000006   Code   RO         1335    i.HAL_HCD_ResetDeassert  stm32f4xx_hal_hcd.o
    0x08001874   0x00000008   Code   RO          381    i.HAL_HCD_SOF_Callback  usbh_conf.o
    0x0800187c   0x0000002c   Code   RO         1338    i.HAL_HCD_Start     stm32f4xx_hal_hcd.o
    0x080018a8   0x00000024   Code   RO         1339    i.HAL_HCD_Stop      stm32f4xx_hal_hcd.o
    0x080018cc   0x00000010   Code   RO          724    i.HAL_IncTick       stm32f4xx_hal.o
    0x080018dc   0x00000034   Code   RO          725    i.HAL_Init          stm32f4xx_hal.o
    0x08001910   0x00000022   Code   RO          726    i.HAL_InitTick      stm32f4xx_hal.o
    0x08001932   0x00000002   Code   RO          728    i.HAL_MspInit       stm32f4xx_hal.o
    0x08001934   0x00000018   Code   RO          852    i.HAL_NVIC_ClearPendingIRQ  stm32f4xx_hal_cortex.o
    0x0800194c   0x00000018   Code   RO          854    i.HAL_NVIC_EnableIRQ  stm32f4xx_hal_cortex.o
    0x08001964   0x00000040   Code   RO          860    i.HAL_NVIC_SetPriority  stm32f4xx_hal_cortex.o
    0x080019a4   0x00000024   Code   RO          861    i.HAL_NVIC_SetPriorityGrouping  stm32f4xx_hal_cortex.o
    0x080019c8   0x000001b8   Code   RO         1630    i.HAL_RCC_ClockConfig  stm32f4xx_hal_rcc.o
    0x08001b80   0x00000034   Code   RO         1635    i.HAL_RCC_GetHCLKFreq  stm32f4xx_hal_rcc.o
    0x08001bb4   0x0000002c   Code   RO         1637    i.HAL_RCC_GetPCLK1Freq  stm32f4xx_hal_rcc.o
    0x08001be0   0x0000002c   Code   RO         1638    i.HAL_RCC_GetPCLK2Freq  stm32f4xx_hal_rcc.o
    0x08001c0c   0x00000084   Code   RO         1639    i.HAL_RCC_GetSysClockFreq  stm32f4xx_hal_rcc.o
    0x08001c90   0x00000334   Code   RO         1642    i.HAL_RCC_OscConfig  stm32f4xx_hal_rcc.o
    0x08001fc4   0x00000002   Code   RO          864    i.HAL_SYSTICK_Callback  stm32f4xx_hal_cortex.o
    0x08001fc6   0x00000028   Code   RO          865    i.HAL_SYSTICK_Config  stm32f4xx_hal_cortex.o
    0x08001fee   0x00000008   Code   RO          866    i.HAL_SYSTICK_IRQHandler  stm32f4xx_hal_cortex.o
    0x08001ff6   0x00000002   Code   RO         2279    i.HAL_TIMEx_BreakCallback  stm32f4xx_hal_tim_ex.o
    0x08001ff8   0x00000002   Code   RO         2280    i.HAL_TIMEx_CommutationCallback  stm32f4xx_hal_tim_ex.o
    0x08001ffa   0x00000030   Code   RO         2516    i.HAL_TIM_Base_Init  stm32f4xx_hal_tim.o
    0x0800202a   0x00000002   PAD
    0x0800202c   0x00000030   Code   RO          620    i.HAL_TIM_Base_MspInit  time.o
    0x0800205c   0x00000018   Code   RO         2521    i.HAL_TIM_Base_Start_IT  stm32f4xx_hal_tim.o
    0x08002074   0x000000f2   Code   RO         2525    i.HAL_TIM_ConfigClockSource  stm32f4xx_hal_tim.o
    0x08002166   0x00000002   Code   RO         2548    i.HAL_TIM_IC_CaptureCallback  stm32f4xx_hal_tim.o
    0x08002168   0x00000166   Code   RO         2561    i.HAL_TIM_IRQHandler  stm32f4xx_hal_tim.o
    0x080022ce   0x00000002   Code   RO         2564    i.HAL_TIM_OC_DelayElapsedCallback  stm32f4xx_hal_tim.o
    0x080022d0   0x00000002   Code   RO         2591    i.HAL_TIM_PWM_PulseFinishedCallback  stm32f4xx_hal_tim.o
    0x080022d2   0x00000002   PAD
    0x080022d4   0x00000038   Code   RO          621    i.HAL_TIM_PeriodElapsedCallback  time.o
    0x0800230c   0x00000002   Code   RO         2601    i.HAL_TIM_TriggerCallback  stm32f4xx_hal_tim.o
    0x0800230e   0x00000002   Code   RO         1768    i.HAL_UART_ErrorCallback  stm32f4xx_hal_uart.o
    0x08002310   0x0000005c   Code   RO         1772    i.HAL_UART_Init     stm32f4xx_hal_uart.o
    0x0800236c   0x00000100   Code   RO          237    i.HAL_UART_MspInit  usart.o
    0x0800246c   0x00000090   Code   RO         1781    i.HAL_UART_Transmit_DMA  stm32f4xx_hal_uart.o
    0x080024fc   0x00000010   Code   RO          238    i.HAL_UART_TxCpltCallback  usart.o
    0x0800250c   0x00000002   Code   RO         1784    i.HAL_UART_TxHalfCpltCallback  stm32f4xx_hal_uart.o
    0x0800250e   0x0000024c   Code   RO         1340    i.HCD_HC_IN_IRQHandler  stm32f4xx_hal_hcd.o
    0x0800275a   0x00000236   Code   RO         1341    i.HCD_HC_OUT_IRQHandler  stm32f4xx_hal_hcd.o
    0x08002990   0x0000009a   Code   RO         1342    i.HCD_Port_IRQHandler  stm32f4xx_hal_hcd.o
    0x08002a2a   0x00000002   PAD
    0x08002a2c   0x00000078   Code   RO         1343    i.HCD_RXQLVL_IRQHandler  stm32f4xx_hal_hcd.o
    0x08002aa4   0x00000024   Code   RO          598    i.MX_DMA_Init       dma.o
    0x08002ac8   0x0000005c   Code   RO           12    i.MX_GPIO_Init      gpio.o
    0x08002b24   0x00000028   Code   RO          239    i.MX_UART4_Init     usart.o
    0x08002b4c   0x00000028   Code   RO          240    i.MX_USART2_UART_Init  usart.o
    0x08002b74   0x00000028   Code   RO          241    i.MX_USART3_UART_Init  usart.o
    0x08002b9c   0x000000a0   Code   RO          292    i.MX_USB_HOST_Init  usb_host.o
    0x08002c3c   0x0000000c   Code   RO          293    i.MX_USB_HOST_Process  usb_host.o
    0x08002c48   0x00000020   Code   RO          867    i.NVIC_SetPriority  stm32f4xx_hal_cortex.o
    0x08002c68   0x00000018   Code   RO          189    i.OTG_FS_IRQHandler  stm32f4xx_it.o
    0x08002c80   0x00000018   Code   RO          190    i.OTG_HS_IRQHandler  stm32f4xx_it.o
    0x08002c98   0x00000014   Code   RO          622    i.StartTimeCount    time.o
    0x08002cac   0x00000012   Code   RO          191    i.SysTick_Handler   stm32f4xx_it.o
    0x08002cbe   0x00000002   PAD
    0x08002cc0   0x00000064   Code   RO          122    i.SystemClock_Config  main.o
    0x08002d24   0x00000054   Code   RO          679    i.SystemInit        system_stm32f4xx.o
    0x08002d78   0x0000000c   Code   RO          192    i.TIM2_IRQHandler   stm32f4xx_it.o
    0x08002d84   0x000000c0   Code   RO         2602    i.TIM_Base_SetConfig  stm32f4xx_hal_tim.o
    0x08002e44   0x00000016   Code   RO         2606    i.TIM_ETR_SetConfig  stm32f4xx_hal_tim.o
    0x08002e5a   0x00000010   Code   RO         2607    i.TIM_ITRx_SetConfig  stm32f4xx_hal_tim.o
    0x08002e6a   0x00000022   Code   RO         2612    i.TIM_TI1_ConfigInputStage  stm32f4xx_hal_tim.o
    0x08002e8c   0x00000024   Code   RO         2614    i.TIM_TI2_ConfigInputStage  stm32f4xx_hal_tim.o
    0x08002eb0   0x00000026   Code   RO         1785    i.UART_DMAError     stm32f4xx_hal_uart.o
    0x08002ed6   0x00000002   PAD
    0x08002ed8   0x00000054   Code   RO         1788    i.UART_DMATransmitCplt  stm32f4xx_hal_uart.o
    0x08002f2c   0x0000000a   Code   RO         1789    i.UART_DMATxHalfCplt  stm32f4xx_hal_uart.o
    0x08002f36   0x00000002   PAD
    0x08002f38   0x00000178   Code   RO         1791    i.UART_SetConfig    stm32f4xx_hal_uart.o
    0x080030b0   0x00000092   Code   RO         1793    i.UART_WaitOnFlagUntilTimeout  stm32f4xx_hal_uart.o
    0x08003142   0x00000004   Code   RO         3902    i.USBH_ADK_Handle   usbh_adk_core.o
    0x08003146   0x00000002   PAD
    0x08003148   0x00000080   Code   RO         3903    i.USBH_ADK_Init     usbh_adk_core.o
    0x080031c8   0x00000004   Code   RO         3904    i.USBH_ADK_SOFProcess  usbh_adk_core.o
    0x080031cc   0x00000004   Code   RO         3909    i.USBH_AOA_ClassRequest  usbh_adk_core.o
    0x080031d0   0x000000d0   Code   RO         3910    i.USBH_AOA_ConfigEndpoints  usbh_adk_core.o
    0x080032a0   0x000002f8   Code   RO         3911    i.USBH_AOA_Handshake  usbh_adk_core.o
    0x08003598   0x00000078   Code   RO         3912    i.USBH_AOA_InterfaceDeInit  usbh_adk_core.o
    0x08003610   0x000000f4   Code   RO         3913    i.USBH_AOA_InterfaceInit  usbh_adk_core.o
    0x08003704   0x0000002e   Code   RO         3914    i.USBH_AOA_SendString  usbh_adk_core.o
    0x08003732   0x00000034   Code   RO         3864    i.USBH_AllocPipe    usbh_pipes.o
    0x08003766   0x0000000a   Code   RO         3865    i.USBH_ClosePipe    usbh_pipes.o
    0x08003770   0x00000020   Code   RO         3798    i.USBH_CtlReceiveData  usbh_ioreq.o
    0x08003790   0x0000003a   Code   RO         3713    i.USBH_CtlReq       usbh_ctlreq.o
    0x080037ca   0x00000026   Code   RO         3799    i.USBH_CtlSendData  usbh_ioreq.o
    0x080037f0   0x0000001c   Code   RO         3800    i.USBH_CtlSendSetup  usbh_ioreq.o
    0x0800380c   0x00000004   Code   RO          382    i.USBH_Delay        usbh_conf.o
    0x08003810   0x00000044   Code   RO         3559    i.USBH_FindInterface  usbh_core.o
    0x08003854   0x00000018   Code   RO         3866    i.USBH_FreePipe     usbh_pipes.o
    0x0800386c   0x00000038   Code   RO         3714    i.USBH_GetDescriptor  usbh_ctlreq.o
    0x080038a4   0x0000004c   Code   RO         3562    i.USBH_GetEvent     usbh_core.o
    0x080038f0   0x0000000e   Code   RO         3715    i.USBH_GetNextDesc  usbh_ctlreq.o
    0x080038fe   0x0000002c   Code   RO         3716    i.USBH_Get_CfgDesc  usbh_ctlreq.o
    0x0800392a   0x0000007e   Code   RO         3717    i.USBH_Get_DevDesc  usbh_ctlreq.o
    0x080039a8   0x00000048   Code   RO         3718    i.USBH_Get_StringDesc  usbh_ctlreq.o
    0x080039f0   0x000001c0   Code   RO         3719    i.USBH_HandleControl  usbh_ctlreq.o
    0x08003bb0   0x00000284   Code   RO         3563    i.USBH_HandleEnum   usbh_core.o
    0x08003e34   0x00000064   Code   RO         3564    i.USBH_Init         usbh_core.o
    0x08003e98   0x0000000e   Code   RO          383    i.USBH_LL_ClosePipe  usbh_conf.o
    0x08003ea6   0x00000026   Code   RO         3565    i.USBH_LL_Connect   usbh_core.o
    0x08003ecc   0x00000038   Code   RO         3566    i.USBH_LL_Disconnect  usbh_core.o
    0x08003f04   0x0000000c   Code   RO          385    i.USBH_LL_DriverVBUS  usbh_conf.o
    0x08003f10   0x00000022   Code   RO          387    i.USBH_LL_GetSpeed  usbh_conf.o
    0x08003f32   0x00000008   Code   RO          389    i.USBH_LL_GetURBState  usbh_conf.o
    0x08003f3a   0x0000001e   Code   RO         3567    i.USBH_LL_IncTimer  usbh_core.o
    0x08003f58   0x0000009c   Code   RO          390    i.USBH_LL_Init      usbh_conf.o
    0x08003ff4   0x0000001a   Code   RO          391    i.USBH_LL_OpenPipe  usbh_conf.o
    0x0800400e   0x00000018   Code   RO         3568    i.USBH_LL_PortDown  usbh_core.o
    0x08004026   0x00000018   Code   RO         3569    i.USBH_LL_PortUp    usbh_core.o
    0x0800403e   0x0000000e   Code   RO          392    i.USBH_LL_ResetAssert  usbh_conf.o
    0x0800404c   0x0000000e   Code   RO          393    i.USBH_LL_ResetDeassert  usbh_conf.o
    0x0800405a   0x00000006   Code   RO         3570    i.USBH_LL_SetTimer  usbh_core.o
    0x08004060   0x0000000e   Code   RO          396    i.USBH_LL_Start     usbh_conf.o
    0x0800406e   0x0000000e   Code   RO          397    i.USBH_LL_Stop      usbh_conf.o
    0x0800407c   0x0000001a   Code   RO          398    i.USBH_LL_SubmitURB  usbh_conf.o
    0x08004096   0x00000002   PAD
    0x08004098   0x000000b4   Code   RO         3571    i.USBH_LogSE        usbh_core.o
    0x0800414c   0x00000016   Code   RO         3867    i.USBH_OpenPipe     usbh_pipes.o
    0x08004162   0x000000e8   Code   RO         3720    i.USBH_ParseCfgDesc  usbh_ctlreq.o
    0x0800424a   0x00000002   PAD
    0x0800424c   0x000007b8   Code   RO         3572    i.USBH_Print_Descriptor  usbh_core.o
    0x08004a04   0x000004f0   Code   RO         3573    i.USBH_Process      usbh_core.o
    0x08004ef4   0x000001c4   Code   RO         3574    i.USBH_ProcessEvent  usbh_core.o
    0x080050b8   0x00000048   Code   RO         3575    i.USBH_PutEvent     usbh_core.o
    0x08005100   0x00000084   Code   RO         3577    i.USBH_RegisterClass  usbh_core.o
    0x08005184   0x0000012c   Code   RO         3578    i.USBH_SelectInterface  usbh_core.o
    0x080052b0   0x0000001c   Code   RO         3721    i.USBH_SetAddress   usbh_ctlreq.o
    0x080052cc   0x0000001c   Code   RO         3722    i.USBH_SetCfg       usbh_ctlreq.o
    0x080052e8   0x00000014   Code   RO         3579    i.USBH_Start        usbh_core.o
    0x080052fc   0x00000020   Code   RO          294    i.USBH_UserProcess1  usb_host.o
    0x0800531c   0x0000006c   Code   RO         1993    i.USB_CoreInit      stm32f4xx_ll_usb.o
    0x08005388   0x00000034   Code   RO         1994    i.USB_CoreReset     stm32f4xx_ll_usb.o
    0x080053bc   0x0000000c   Code   RO         2000    i.USB_DisableGlobalInt  stm32f4xx_ll_usb.o
    0x080053c8   0x00000054   Code   RO         2001    i.USB_DoPing        stm32f4xx_ll_usb.o
    0x0800541c   0x00000024   Code   RO         2002    i.USB_DriveVbus     stm32f4xx_ll_usb.o
    0x08005440   0x0000000c   Code   RO         2008    i.USB_EnableGlobalInt  stm32f4xx_ll_usb.o
    0x0800544c   0x00000020   Code   RO         2009    i.USB_FlushRxFifo   stm32f4xx_ll_usb.o
    0x0800546c   0x00000024   Code   RO         2010    i.USB_FlushTxFifo   stm32f4xx_ll_usb.o
    0x08005490   0x00000008   Code   RO         2011    i.USB_GetCurrentFrame  stm32f4xx_ll_usb.o
    0x08005498   0x0000000a   Code   RO         2013    i.USB_GetHostSpeed  stm32f4xx_ll_usb.o
    0x080054a2   0x00000008   Code   RO         2014    i.USB_GetMode       stm32f4xx_ll_usb.o
    0x080054aa   0x00000176   Code   RO         2015    i.USB_HC_Halt       stm32f4xx_ll_usb.o
    0x08005620   0x000000ee   Code   RO         2016    i.USB_HC_Init       stm32f4xx_ll_usb.o
    0x0800570e   0x0000000c   Code   RO         2017    i.USB_HC_ReadInterrupt  stm32f4xx_ll_usb.o
    0x0800571a   0x00000002   PAD
    0x0800571c   0x00000190   Code   RO         2018    i.USB_HC_StartXfer  stm32f4xx_ll_usb.o
    0x080058ac   0x000000d8   Code   RO         2019    i.USB_HostInit      stm32f4xx_ll_usb.o
    0x08005984   0x00000036   Code   RO         2020    i.USB_InitFSLSPClkSel  stm32f4xx_ll_usb.o
    0x080059ba   0x00000008   Code   RO         2025    i.USB_ReadInterrupts  stm32f4xx_ll_usb.o
    0x080059c2   0x0000001e   Code   RO         2026    i.USB_ReadPacket    stm32f4xx_ll_usb.o
    0x080059e0   0x00000016   Code   RO         2027    i.USB_ResetAssert   stm32f4xx_ll_usb.o
    0x080059f6   0x00000012   Code   RO         2028    i.USB_ResetDeassert  stm32f4xx_ll_usb.o
    0x08005a08   0x0000002c   Code   RO         2030    i.USB_SetCurrentMode  stm32f4xx_ll_usb.o
    0x08005a34   0x000000b2   Code   RO         2034    i.USB_StopHost      stm32f4xx_ll_usb.o
    0x08005ae6   0x0000002c   Code   RO         2035    i.USB_WritePacket   stm32f4xx_ll_usb.o
    0x08005b12   0x00000002   PAD
    0x08005b14   0x00000020   Code   RO         4243    i.__0printf$8       mc_w.l(printf8.o)
    0x08005b34   0x00000420   Code   RO         4250    i._printf_core      mc_w.l(printf8.o)
    0x08005f54   0x00000026   Code   RO         4251    i._printf_post_padding  mc_w.l(printf8.o)
    0x08005f7a   0x00000030   Code   RO         4252    i._printf_pre_padding  mc_w.l(printf8.o)
    0x08005faa   0x00000002   PAD
    0x08005fac   0x00000024   Code   RO          541    i.fputc             uart_printf.o
    0x08005fd0   0x00000068   Code   RO          123    i.main              main.o
    0x08006038   0x0000006c   Code   RO         4298    i.malloc            mc_w.l(malloc.o)
    0x080060a4   0x0000005c   Code   RO          624    i.time_init         time.o
    0x08006100   0x00000024   Code   RO          542    i.uart_hl_print     uart_printf.o
    0x08006124   0x00000020   Code   RO          543    i.uart_ll_print     uart_printf.o
    0x08006144   0x0000003c   Code   RO          544    i.uart_print        uart_printf.o
    0x08006180   0x00000004   Code   RO          545    i.uart_print_tx_complete_cb  uart_printf.o
    0x08006184   0x0000002c   Code   RO          546    i.uart_printable    uart_printf.o
    0x080061b0   0x00000010   Data   RO         1643    .constdata          stm32f4xx_hal_rcc.o
    0x080061c0   0x00000046   Data   RO         3916    .constdata          usbh_adk_core.o
    0x08006206   0x00000173   Data   RO         3582    .conststring        usbh_core.o
    0x08006379   0x00000004   Data   RO         3917    .conststring        usbh_adk_core.o
    0x0800637d   0x00000003   PAD
    0x08006380   0x00000000   Data   RO         4360    Region$$Table       anon$$obj.o


    Execution Region RW_IRAM1 (Base: 0x20000000, Size: 0x000113c8, Max: 0x00020000, ABSOLUTE)

    Base Addr    Size         Type   Attr      Idx    E Section Name        Object

    0x20000000   0x0000003e   Data   RW          124    .data               main.o
    0x2000003e   0x00000001   Data   RW          297    .data               usb_host.o
    0x2000003f   0x00000001   PAD
    0x20000040   0x0000000c   Data   RW          549    .data               uart_printf.o
    0x2000004c   0x00000008   Data   RW          626    .data               time.o
    0x20000054   0x00000014   Data   RW          680    .data               system_stm32f4xx.o
    0x20000068   0x00000004   Data   RW          731    .data               stm32f4xx_hal.o
    0x2000006c   0x0000006c   Data   RW         3583    .data               usbh_core.o
    0x200000d8   0x00000020   Data   RW         3918    .data               usbh_adk_core.o
    0x200000f8   0x00000004   Data   RW         4332    .data               mc_w.l(stdout.o)
    0x200000fc   0x00000004   Data   RW         4337    .data               mc_w.l(mvars.o)
    0x20000100   0x00000004   Data   RW         4338    .data               mc_w.l(mvars.o)
    0x20000104   0x00000154   Zero   RW          242    .bss                usart.o
    0x20000258   0x0000037c   Zero   RW          295    .bss                usb_host.o
    0x200005d4   0x00000520   Zero   RW          399    .bss                usbh_conf.o
    0x20000af4   0x00010000   Zero   RW          548    .bss                uart_printf.o
    0x20010af4   0x0000003c   Zero   RW          625    .bss                time.o
    0x20010b30   0x00000080   Zero   RW         3581    .bss                usbh_core.o
    0x20010bb0   0x00000218   Zero   RW         3915    .bss                usbh_adk_core.o
    0x20010dc8   0x00000200   Zero   RW            2    HEAP                startup_stm32f407xx.o
    0x20010fc8   0x00000400   Zero   RW            1    STACK               startup_stm32f407xx.o

